../Drivers/STM32F4xx_HAL_Driver/Inc/stm32f4xx_ll_gpio.h:881:22:LL_GPIO_SetOutputPin	16	static
../Drivers/STM32F4xx_HAL_Driver/Inc/stm32f4xx_ll_gpio.h:910:22:LL_GPIO_ResetOutputPin	16	static
../App/CMDLine/command.c:111:6:CommandLine_Task	16	static
../App/CMDLine/command.c:119:6:CommandLine_Init	8	static
../App/CMDLine/command.c:128:13:CommandLine_Task_Update	16	static
../App/CMDLine/command.c:145:6:process_command	24	static
../App/CMDLine/command.c:242:5:Cmd_help	312	static
../App/CMDLine/command.c:266:5:Cmd_Clear_CLI	16	static
../App/CMDLine/command.c:272:5:Cmd_ReadID_W25Q	80	static
../App/CMDLine/command.c:282:5:Cmd_Write_W25Q	96	static
../App/CMDLine/command.c:312:5:Cmd_Read_W25Q	160	static
../App/CMDLine/command.c:348:5:Cmd_EraseChip_W25Q	48	static
../App/CMDLine/command.c:361:5:Cmd_EEPROM_Init	96	static
../App/CMDLine/command.c:389:5:Cmd_EEPROM_Write	24	static
../App/CMDLine/command.c:416:5:Cmd_EEPROM_Read	96	static
../App/CMDLine/command.c:451:5:Cmd_EEPROM_Fill	24	static
../App/CMDLine/command.c:468:5:Cmd_I2C_Scan	88	static
../App/CMDLine/command.c:496:5:Cmd_set_freq	24	static
../App/CMDLine/command.c:515:5:Cmd_get_freq	16	static
../App/CMDLine/command.c:526:5:Cmd_Sine_Wave	24	static
../App/CMDLine/command.c:560:5:Cmd_Triangle_Wave	24	static
../App/CMDLine/command.c:597:5:Cmd_UART_Init	16	static
../App/CMDLine/command.c:609:5:Cmd_UART_Dump_Buffer	280	static
../App/CMDLine/command.c:625:5:Cmd_UART_Receive	280	static
../App/CMDLine/command.c:648:5:Cmd_UART_Send_String	24	static
../App/CMDLine/command.c:665:5:Cmd_ADC_Read	24	static
../App/CMDLine/command.c:681:5:Cmd_PWM_Freq	32	static
../App/CMDLine/command.c:700:5:Cmd_PWM_Duty_Cycle	24	static
../App/CMDLine/command.c:720:5:Cmd_PWM_Start	24	static
../App/CMDLine/command.c:737:5:Cmd_PWM_Stop	24	static
../App/CMDLine/command.c:754:5:Cmd_Set_Led	24	static
../App/CMDLine/command.c:820:5:Cmd_Read_Sine_Frequency	16	static
