../App/CMDLine/command.c:101:6:CommandLine_Task	16	static
../App/CMDLine/command.c:109:6:CommandLine_Init	8	static
../App/CMDLine/command.c:118:13:CommandLine_Task_Update	16	static
../App/CMDLine/command.c:135:6:process_command	24	static
../App/CMDLine/command.c:232:5:Cmd_help	312	static
../App/CMDLine/command.c:256:5:Cmd_Clear_CLI	16	static
../App/CMDLine/command.c:262:5:Cmd_ReadID_W25Q	80	static
../App/CMDLine/command.c:272:5:Cmd_Write_W25Q	96	static
../App/CMDLine/command.c:302:5:Cmd_Read_W25Q	160	static
../App/CMDLine/command.c:338:5:Cmd_EraseChip_W25Q	48	static
../App/CMDLine/command.c:351:5:Cmd_EEPROM_Init	96	static
../App/CMDLine/command.c:379:5:Cmd_EEPROM_Write	24	static
../App/CMDLine/command.c:406:5:Cmd_EEPROM_Read	96	static
../App/CMDLine/command.c:441:5:Cmd_EEPROM_Fill	24	static
../App/CMDLine/command.c:458:5:Cmd_I2C_Scan	88	static
../App/CMDLine/command.c:486:5:Cmd_set_freq	24	static
../App/CMDLine/command.c:505:5:Cmd_get_freq	16	static
../App/CMDLine/command.c:516:5:Cmd_Sine_Wave	24	static
../App/CMDLine/command.c:550:5:Cmd_Triangle_Wave	24	static
../App/CMDLine/command.c:587:5:Cmd_UART_Init	16	static
../App/CMDLine/command.c:599:5:Cmd_UART_Dump_Buffer	280	static
../App/CMDLine/command.c:615:5:Cmd_UART_Receive	280	static
../App/CMDLine/command.c:638:5:Cmd_UART_Send_String	24	static
../App/CMDLine/command.c:655:5:Cmd_ADC_Read	24	static
