../App/CMDLine/command.c:85:6:CommandLine_Task	16	static
../App/CMDLine/command.c:94:6:CommandLine_Init	8	static
../App/CMDLine/command.c:103:13:CommandLine_Task_Update	16	static
../App/CMDLine/command.c:120:6:process_command	24	static
../App/CMDLine/command.c:220:5:Cmd_help	312	static
../App/CMDLine/command.c:244:5:Cmd_Clear_CLI	16	static
../App/CMDLine/command.c:250:5:Cmd_ReadID_W25Q	80	static
../App/CMDLine/command.c:260:5:Cmd_Write_W25Q	96	static
../App/CMDLine/command.c:290:5:Cmd_Read_W25Q	160	static
../App/CMDLine/command.c:326:5:Cmd_EraseChip_W25Q	48	static
../App/CMDLine/command.c:344:5:Cmd_EEPROM_Init	96	static
../App/CMDLine/command.c:373:5:Cmd_EEPROM_Write	24	static
../App/CMDLine/command.c:400:5:Cmd_EEPROM_Read	96	static
../App/CMDLine/command.c:435:5:Cmd_EEPROM_Fill	24	static
../App/CMDLine/command.c:452:5:Cmd_Sine_Wave	32	static
