../Drivers/STM32F4xx_HAL_Driver/Inc/stm32f4xx_ll_gpio.h:881:22:LL_GPIO_SetOutputPin	16	static
../Drivers/STM32F4xx_HAL_Driver/Inc/stm32f4xx_ll_gpio.h:910:22:LL_GPIO_ResetOutputPin	16	static
../App/CMDLine/command.c:108:6:CommandLine_Task	16	static
../App/CMDLine/command.c:116:6:CommandLine_Init	8	static
../App/CMDLine/command.c:125:13:CommandLine_Task_Update	16	static
../App/CMDLine/command.c:142:6:process_command	24	static
../App/CMDLine/command.c:239:5:Cmd_help	312	static
../App/CMDLine/command.c:263:5:Cmd_Clear_CLI	16	static
../App/CMDLine/command.c:269:5:Cmd_ReadID_W25Q	80	static
../App/CMDLine/command.c:279:5:Cmd_Write_W25Q	96	static
../App/CMDLine/command.c:309:5:Cmd_Read_W25Q	160	static
../App/CMDLine/command.c:345:5:Cmd_EraseChip_W25Q	48	static
../App/CMDLine/command.c:358:5:Cmd_EEPROM_Init	96	static
../App/CMDLine/command.c:386:5:Cmd_EEPROM_Write	24	static
../App/CMDLine/command.c:413:5:Cmd_EEPROM_Read	96	static
../App/CMDLine/command.c:448:5:Cmd_EEPROM_Fill	24	static
../App/CMDLine/command.c:465:5:Cmd_I2C_Scan	88	static
../App/CMDLine/command.c:493:5:Cmd_set_freq	24	static
../App/CMDLine/command.c:512:5:Cmd_get_freq	16	static
../App/CMDLine/command.c:523:5:Cmd_Sine_Wave	24	static
../App/CMDLine/command.c:557:5:Cmd_Triangle_Wave	24	static
../App/CMDLine/command.c:594:5:Cmd_UART_Init	16	static
../App/CMDLine/command.c:606:5:Cmd_UART_Dump_Buffer	280	static
../App/CMDLine/command.c:622:5:Cmd_UART_Receive	280	static
../App/CMDLine/command.c:645:5:Cmd_UART_Send_String	24	static
../App/CMDLine/command.c:662:5:Cmd_ADC_Read	24	static
../App/CMDLine/command.c:678:5:Cmd_PWM_Freq	32	static
../App/CMDLine/command.c:697:5:Cmd_PWM_Duty_Cycle	24	static
../App/CMDLine/command.c:717:5:Cmd_PWM_Start	24	static
../App/CMDLine/command.c:734:5:Cmd_PWM_Stop	24	static
../App/CMDLine/command.c:751:5:Cmd_Set_Led	24	static
