../App/CMDLine/command.c:96:6:CommandLine_Task	16	static
../App/CMDLine/command.c:104:6:CommandLine_Init	8	static
../App/CMDLine/command.c:113:13:CommandLine_Task_Update	16	static
../App/CMDLine/command.c:130:6:process_command	24	static
../App/CMDLine/command.c:227:5:Cmd_help	312	static
../App/CMDLine/command.c:251:5:Cmd_Clear_CLI	16	static
../App/CMDLine/command.c:257:5:Cmd_ReadID_W25Q	80	static
../App/CMDLine/command.c:267:5:Cmd_Write_W25Q	96	static
../App/CMDLine/command.c:297:5:Cmd_Read_W25Q	160	static
../App/CMDLine/command.c:333:5:Cmd_EraseChip_W25Q	48	static
../App/CMDLine/command.c:346:5:Cmd_EEPROM_Init	96	static
../App/CMDLine/command.c:374:5:Cmd_EEPROM_Write	24	static
../App/CMDLine/command.c:401:5:Cmd_EEPROM_Read	96	static
../App/CMDLine/command.c:436:5:Cmd_EEPROM_Fill	24	static
../App/CMDLine/command.c:453:5:Cmd_I2C_Scan	88	static
../App/CMDLine/command.c:481:5:Cmd_set_freq	24	static
../App/CMDLine/command.c:500:5:Cmd_get_freq	16	static
../App/CMDLine/command.c:511:5:Cmd_Sine_Wave	24	static
../App/CMDLine/command.c:545:5:Cmd_Triangle_Wave	24	static
../App/CMDLine/command.c:582:5:Cmd_UART_Init	16	static
../App/CMDLine/command.c:594:5:Cmd_UART_Dump_Buffer	280	static
../App/CMDLine/command.c:610:5:Cmd_UART_Receive	280	static
../App/CMDLine/command.c:633:5:Cmd_UART_Send_String	24	static
