../App/CMDLine/command.c:90:6:CommandLine_Task	16	static
../App/CMDLine/command.c:98:6:CommandLine_Init	8	static
../App/CMDLine/command.c:107:13:CommandLine_Task_Update	16	static
../App/CMDLine/command.c:124:6:process_command	24	static
../App/CMDLine/command.c:221:5:Cmd_help	312	static
../App/CMDLine/command.c:245:5:Cmd_Clear_CLI	16	static
../App/CMDLine/command.c:251:5:Cmd_ReadID_W25Q	80	static
../App/CMDLine/command.c:261:5:Cmd_Write_W25Q	96	static
../App/CMDLine/command.c:291:5:Cmd_Read_W25Q	160	static
../App/CMDLine/command.c:327:5:Cmd_EraseChip_W25Q	48	static
../App/CMDLine/command.c:340:5:Cmd_EEPROM_Init	96	static
../App/CMDLine/command.c:368:5:Cmd_EEPROM_Write	24	static
../App/CMDLine/command.c:395:5:Cmd_EEPROM_Read	96	static
../App/CMDLine/command.c:430:5:Cmd_EEPROM_Fill	24	static
../App/CMDLine/command.c:447:5:Cmd_I2C_Scan	88	static
../App/CMDLine/command.c:475:5:Cmd_sine_set_freq	24	static
../App/CMDLine/command.c:494:5:Cmd_sine_get_freq	16	static
../App/CMDLine/command.c:505:5:Cmd_Sine_Wave	24	static
