../App/CMDLine/command.c:86:6:CommandLine_Task	16	static
../App/CMDLine/command.c:95:6:CommandLine_Init	8	static
../App/CMDLine/command.c:104:13:CommandLine_Task_Update	16	static
../App/CMDLine/command.c:121:6:process_command	24	static
../App/CMDLine/command.c:221:5:Cmd_help	312	static
../App/CMDLine/command.c:245:5:Cmd_Clear_CLI	16	static
../App/CMDLine/command.c:251:5:Cmd_ReadID_W25Q	80	static
../App/CMDLine/command.c:261:5:Cmd_Write_W25Q	96	static
../App/CMDLine/command.c:291:5:Cmd_Read_W25Q	160	static
../App/CMDLine/command.c:327:5:Cmd_EraseChip_W25Q	48	static
../App/CMDLine/command.c:345:5:Cmd_EEPROM_Init	96	static
../App/CMDLine/command.c:374:5:Cmd_EEPROM_Write	24	static
../App/CMDLine/command.c:401:5:Cmd_EEPROM_Read	96	static
../App/CMDLine/command.c:436:5:Cmd_EEPROM_Fill	24	static
../App/CMDLine/command.c:453:5:Cmd_I2C_Scan	88	static
../App/CMDLine/command.c:483:5:Cmd_Sine_Wave	32	static
