../App/CMDLine/command.c:95:6:CommandLine_Task	16	static
../App/CMDLine/command.c:103:6:CommandLine_Init	8	static
../App/CMDLine/command.c:112:13:CommandLine_Task_Update	16	static
../App/CMDLine/command.c:129:6:process_command	24	static
../App/CMDLine/command.c:226:5:Cmd_help	312	static
../App/CMDLine/command.c:250:5:Cmd_Clear_CLI	16	static
../App/CMDLine/command.c:256:5:Cmd_ReadID_W25Q	80	static
../App/CMDLine/command.c:266:5:Cmd_Write_W25Q	96	static
../App/CMDLine/command.c:296:5:Cmd_Read_W25Q	160	static
../App/CMDLine/command.c:332:5:Cmd_EraseChip_W25Q	48	static
../App/CMDLine/command.c:345:5:Cmd_EEPROM_Init	96	static
../App/CMDLine/command.c:373:5:Cmd_EEPROM_Write	24	static
../App/CMDLine/command.c:400:5:Cmd_EEPROM_Read	96	static
../App/CMDLine/command.c:435:5:Cmd_EEPROM_Fill	24	static
../App/CMDLine/command.c:452:5:Cmd_I2C_Scan	88	static
../App/CMDLine/command.c:480:5:Cmd_sine_set_freq	24	static
../App/CMDLine/command.c:499:5:Cmd_sine_get_freq	16	static
../App/CMDLine/command.c:510:5:Cmd_Sine_Wave	24	static
../App/CMDLine/command.c:540:5:Cmd_UART_Init	16	static
../App/CMDLine/command.c:552:5:Cmd_UART_Dump_Buffer	280	static
../App/CMDLine/command.c:570:5:Cmd_UART_Receive	152	static
../App/CMDLine/command.c:595:5:Cmd_UART_Send_String	24	static
