../Drivers/STM32F4xx_HAL_Driver/Inc/stm32f4xx_ll_gpio.h:800:26:LL_GPIO_IsInputPinSet	16	static
../Drivers/STM32F4xx_HAL_Driver/Inc/stm32f4xx_ll_gpio.h:881:22:LL_GPIO_SetOutputPin	16	static
../Drivers/STM32F4xx_HAL_Driver/Inc/stm32f4xx_ll_gpio.h:910:22:LL_GPIO_ResetOutputPin	16	static
../App/CMDLine/Core/cmd.c:45:12:Cmd_help	312	static
../App/CMDLine/Core/cmd.c:68:12:Cmd_Clear_CLI	16	static
../App/CMDLine/Core/cmd.c:73:12:Cmd_Power_DUT	24	static
../App/CMDLine/Core/cmd.c:109:12:Cmd_DAC_Set_Voltage	32	static
../App/CMDLine/Core/cmd.c:141:12:Cmd_Power_Status	16	static
../App/CMDLine/Core/cmd.c:158:6:CLI_RegisterCommand	24	static
../App/CMDLine/Core/cmd.c:168:13:process_command	24	static
../App/CMDLine/Core/cmd.c:207:13:CLI_Task_Update	16	static
../App/CMDLine/Core/cmd.c:233:6:CLI_Task	16	static
../App/CMDLine/Core/cmd.c:240:6:CLI_Init	8	static
