../Drivers/CMSIS/Include/core_cm7.h:1884:26:__NVIC_GetPriorityGrouping	4	static
../Drivers/CMSIS/Include/core_cm7.h:1896:22:__NVIC_EnableIRQ	16	static
../Drivers/CMSIS/Include/core_cm7.h:2024:22:__NVIC_SetPriority	16	static
../Drivers/CMSIS/Include/core_cm7.h:2071:26:NVIC_EncodePriority	40	static
../Drivers/STM32F7xx_HAL_Driver/Inc/stm32f7xx_ll_spi.h:371:22:LL_SPI_Enable	16	static
../Drivers/STM32F7xx_HAL_Driver/Inc/stm32f7xx_ll_spi.h:439:22:LL_SPI_SetStandard	16	static
../Drivers/STM32F7xx_HAL_Driver/Inc/stm32f7xx_ll_spi.h:887:22:LL_SPI_DisableNSSPulseMgt	16	static
../Drivers/STM32F7xx_HAL_Driver/Inc/stm32f7xx_ll_spi.h:1111:22:LL_SPI_EnableIT_RXNE	16	static
../Drivers/STM32F7xx_HAL_Driver/Inc/stm32f7xx_ll_bus.h:309:22:LL_AHB1_GRP1_EnableClock	24	static
../Drivers/STM32F7xx_HAL_Driver/Inc/stm32f7xx_ll_bus.h:1587:22:LL_APB2_GRP1_EnableClock	24	static
../Drivers/STM32F7xx_HAL_Driver/Inc/stm32f7xx_ll_gpio.h:939:22:LL_GPIO_TogglePin	24	static
../Core/Src/main.c:85:5:main	16	static
../Core/Src/main.c:150:6:SystemClock_Config	88	static
../Core/Src/main.c:201:13:MX_I2C1_Init	8	static
../Core/Src/main.c:249:13:MX_SPI5_Init	72	static
../Core/Src/main.c:334:13:MX_TIM2_Init	40	static
../Core/Src/main.c:379:13:MX_TIM3_Init	40	static
../Core/Src/main.c:424:13:MX_GPIO_Init	48	static
../Core/Src/main.c:452:6:CDC_printf	144	static
../Core/Src/main.c:464:13:toggle_led	16	static
../Core/Src/main.c:475:6:MPU_Config	24	static
../Core/Src/main.c:510:6:HAL_TIM_PeriodElapsedCallback	16	static
../Core/Src/main.c:533:6:Error_Handler	4	static,ignoring_inline_asm
