../Drivers/STM32F7xx_HAL_Driver/Inc/stm32f7xx_ll_utils.h:256:22:LL_InitTick	16	static
../Drivers/STM32F7xx_HAL_Driver/Inc/stm32f7xx_ll_rcc.h:1952:22:LL_RCC_HSE_EnableBypass	4	static
../Drivers/STM32F7xx_HAL_Driver/Inc/stm32f7xx_ll_rcc.h:1962:22:LL_RCC_HSE_DisableBypass	4	static
../Drivers/STM32F7xx_HAL_Driver/Inc/stm32f7xx_ll_rcc.h:1972:22:LL_RCC_HSE_Enable	4	static
../Drivers/STM32F7xx_HAL_Driver/Inc/stm32f7xx_ll_rcc.h:1992:26:LL_RCC_HSE_IsReady	4	static
../Drivers/STM32F7xx_HAL_Driver/Inc/stm32f7xx_ll_rcc.h:2010:22:LL_RCC_HSI_Enable	4	static
../Drivers/STM32F7xx_HAL_Driver/Inc/stm32f7xx_ll_rcc.h:2030:26:LL_RCC_HSI_IsReady	4	static
../Drivers/STM32F7xx_HAL_Driver/Inc/stm32f7xx_ll_rcc.h:2214:22:LL_RCC_SetSysClkSource	16	static
../Drivers/STM32F7xx_HAL_Driver/Inc/stm32f7xx_ll_rcc.h:2227:26:LL_RCC_GetSysClkSource	4	static
../Drivers/STM32F7xx_HAL_Driver/Inc/stm32f7xx_ll_rcc.h:2247:22:LL_RCC_SetAHBPrescaler	16	static
../Drivers/STM32F7xx_HAL_Driver/Inc/stm32f7xx_ll_rcc.h:2263:22:LL_RCC_SetAPB1Prescaler	16	static
../Drivers/STM32F7xx_HAL_Driver/Inc/stm32f7xx_ll_rcc.h:2279:22:LL_RCC_SetAPB2Prescaler	16	static
../Drivers/STM32F7xx_HAL_Driver/Inc/stm32f7xx_ll_rcc.h:3132:22:LL_RCC_PLL_Enable	4	static
../Drivers/STM32F7xx_HAL_Driver/Inc/stm32f7xx_ll_rcc.h:3153:26:LL_RCC_PLL_IsReady	4	static
../Drivers/STM32F7xx_HAL_Driver/Inc/stm32f7xx_ll_rcc.h:3241:22:LL_RCC_PLL_ConfigDomain_SYS	24	static
../Drivers/STM32F7xx_HAL_Driver/Inc/stm32f7xx_ll_rcc.h:3711:26:LL_RCC_PLLI2S_IsReady	4	static
../Drivers/STM32F7xx_HAL_Driver/Inc/stm32f7xx_ll_rcc.h:4179:26:LL_RCC_PLLSAI_IsReady	4	static
../Drivers/STM32F7xx_HAL_Driver/Inc/stm32f7xx_ll_system.h:891:22:LL_FLASH_SetLatency	16	static
../Drivers/STM32F7xx_HAL_Driver/Inc/stm32f7xx_ll_system.h:917:26:LL_FLASH_GetLatency	4	static
../Drivers/STM32F7xx_HAL_Driver/Inc/stm32f7xx_ll_pwr.h:283:26:LL_PWR_IsEnabledOverDriveMode	4	static
../Drivers/STM32F7xx_HAL_Driver/Inc/stm32f7xx_ll_pwr.h:310:26:LL_PWR_GetRegulVoltageScaling	4	static
../Drivers/STM32F7xx_HAL_Driver/Src/stm32f7xx_ll_utils.c:218:6:LL_Init1msTick	16	static
../Drivers/STM32F7xx_HAL_Driver/Src/stm32f7xx_ll_utils.c:234:6:LL_mDelay	24	static
../Drivers/STM32F7xx_HAL_Driver/Src/stm32f7xx_ll_utils.c:311:6:LL_SetSystemCoreClock	16	static
../Drivers/STM32F7xx_HAL_Driver/Src/stm32f7xx_ll_utils.c:326:13:LL_SetFlashLatency	32	static
../Drivers/STM32F7xx_HAL_Driver/Src/stm32f7xx_ll_utils.c:488:13:LL_PLL_ConfigSystemClock_HSI	24	static
../Drivers/STM32F7xx_HAL_Driver/Src/stm32f7xx_ll_utils.c:546:13:LL_PLL_ConfigSystemClock_HSE	32	static
../Drivers/STM32F7xx_HAL_Driver/Src/stm32f7xx_ll_utils.c:617:17:UTILS_GetPLLOutputFrequency	24	static
../Drivers/STM32F7xx_HAL_Driver/Src/stm32f7xx_ll_utils.c:648:20:UTILS_PLL_IsBusy	16	static
../Drivers/STM32F7xx_HAL_Driver/Src/stm32f7xx_ll_utils.c:683:20:UTILS_EnablePLLAndSwitchSystem	24	static
