../Drivers/STM32F4xx_HAL_Driver/Inc/stm32f4xx_ll_spi.h:310:22:LL_SPI_Enable	1
../Drivers/STM32F4xx_HAL_Driver/Inc/stm32f4xx_ll_spi.h:378:22:LL_SPI_SetStandard	1
../Drivers/STM32F4xx_HAL_Driver/Inc/stm32f4xx_ll_gpio.h:881:22:LL_GPIO_SetOutputPin	1
../Drivers/STM32F4xx_HAL_Driver/Inc/stm32f4xx_ll_gpio.h:910:22:LL_GPIO_ResetOutputPin	1
../Drivers/STM32F4xx_HAL_Driver/Inc/stm32f4xx_ll_gpio.h:939:22:LL_GPIO_TogglePin	1
../Drivers/STM32F4xx_HAL_Driver/Inc/stm32f4xx_ll_bus.h:409:22:LL_AHB1_GRP1_EnableClock	1
../Drivers/STM32F4xx_HAL_Driver/Inc/stm32f4xx_ll_bus.h:1185:22:LL_APB1_GRP1_EnableClock	1
../Core/Src/main.c:87:5:main	1
../Core/Src/main.c:150:6:SystemClock_Config	3
../Core/Src/main.c:196:13:MX_CAN1_Init	2
../Core/Src/main.c:233:13:MX_DAC_Init	3
../Core/Src/main.c:273:13:MX_I2C1_Init	2
../Core/Src/main.c:307:13:MX_SPI3_Init	1
../Core/Src/main.c:362:13:MX_TIM2_Init	4
../Core/Src/main.c:407:13:MX_USART1_UART_Init	2
../Core/Src/main.c:438:13:MX_DMA_Init	1
../Core/Src/main.c:456:13:MX_GPIO_Init	1
../Core/Src/main.c:507:13:toggle_led	1
../Core/Src/main.c:524:6:HAL_TIM_PeriodElapsedCallback	2
../Core/Src/main.c:541:6:Error_Handler	1
