../Drivers/STM32F4xx_HAL_Driver/Inc/stm32f4xx_ll_spi.h:310:22:LL_SPI_Enable	1
../Drivers/STM32F4xx_HAL_Driver/Inc/stm32f4xx_ll_spi.h:378:22:LL_SPI_SetStandard	1
../Drivers/STM32F4xx_HAL_Driver/Inc/stm32f4xx_ll_gpio.h:881:22:LL_GPIO_SetOutputPin	1
../Drivers/STM32F4xx_HAL_Driver/Inc/stm32f4xx_ll_gpio.h:910:22:LL_GPIO_ResetOutputPin	1
../Drivers/STM32F4xx_HAL_Driver/Inc/stm32f4xx_ll_gpio.h:939:22:LL_GPIO_TogglePin	1
../Drivers/STM32F4xx_HAL_Driver/Inc/stm32f4xx_ll_bus.h:409:22:LL_AHB1_GRP1_EnableClock	1
../Drivers/STM32F4xx_HAL_Driver/Inc/stm32f4xx_ll_bus.h:1185:22:LL_APB1_GRP1_EnableClock	1
../Core/Src/main.c:92:5:main	1
../Core/Src/main.c:157:6:SystemClock_Config	3
../Core/Src/main.c:203:13:MX_ADC1_Init	3
../Core/Src/main.c:255:13:MX_CAN1_Init	2
../Core/Src/main.c:292:13:MX_DAC_Init	3
../Core/Src/main.c:332:13:MX_I2C3_Init	2
../Core/Src/main.c:366:13:MX_SPI3_Init	1
../Core/Src/main.c:421:13:MX_TIM2_Init	4
../Core/Src/main.c:466:13:MX_TIM3_Init	9
../Core/Src/main.c:540:13:MX_USART1_UART_Init	2
../Core/Src/main.c:571:13:MX_DMA_Init	1
../Core/Src/main.c:589:13:MX_GPIO_Init	1
../Core/Src/main.c:640:13:toggle_led	1
../Core/Src/main.c:657:6:HAL_TIM_PeriodElapsedCallback	2
../Core/Src/main.c:674:6:Error_Handler	1
