../Drivers/STM32F4xx_HAL_Driver/Inc/stm32f4xx_ll_spi.h:310:22:LL_SPI_Enable	16	static
../Drivers/STM32F4xx_HAL_Driver/Inc/stm32f4xx_ll_spi.h:378:22:LL_SPI_SetStandard	16	static
../Drivers/STM32F4xx_HAL_Driver/Inc/stm32f4xx_ll_gpio.h:881:22:LL_GPIO_SetOutputPin	16	static
../Drivers/STM32F4xx_HAL_Driver/Inc/stm32f4xx_ll_gpio.h:910:22:LL_GPIO_ResetOutputPin	16	static
../Drivers/STM32F4xx_HAL_Driver/Inc/stm32f4xx_ll_gpio.h:939:22:LL_GPIO_TogglePin	24	static
../Drivers/STM32F4xx_HAL_Driver/Inc/stm32f4xx_ll_bus.h:409:22:LL_AHB1_GRP1_EnableClock	24	static
../Drivers/STM32F4xx_HAL_Driver/Inc/stm32f4xx_ll_bus.h:1185:22:LL_APB1_GRP1_EnableClock	24	static
../Core/Src/main.c:90:5:main	16	static
../Core/Src/main.c:154:6:SystemClock_Config	88	static
../Core/Src/main.c:200:13:MX_ADC1_Init	24	static
../Core/Src/main.c:252:13:MX_CAN1_Init	8	static
../Core/Src/main.c:289:13:MX_DAC_Init	16	static
../Core/Src/main.c:329:13:MX_I2C1_Init	8	static
../Core/Src/main.c:363:13:MX_SPI3_Init	72	static
../Core/Src/main.c:418:13:MX_TIM2_Init	32	static
../Core/Src/main.c:463:13:MX_USART1_UART_Init	8	static
../Core/Src/main.c:494:13:MX_DMA_Init	16	static
../Core/Src/main.c:512:13:MX_GPIO_Init	32	static
../Core/Src/main.c:563:13:toggle_led	16	static
../Core/Src/main.c:580:6:HAL_TIM_PeriodElapsedCallback	16	static
../Core/Src/main.c:597:6:Error_Handler	4	static,ignoring_inline_asm
