../USB_DEVICE/Target/usbd_conf.c:67:6:HAL_PCD_MspInit	184	static
../USB_DEVICE/Target/usbd_conf.c:116:6:HAL_PCD_MspDeInit	16	static
../USB_DEVICE/Target/usbd_conf.c:149:6:HAL_PCD_SetupStageCallback	16	static
../USB_DEVICE/Target/usbd_conf.c:164:6:HAL_PCD_DataOutStageCallback	16	static
../USB_DEVICE/Target/usbd_conf.c:179:6:HAL_PCD_DataInStageCallback	16	static
../USB_DEVICE/Target/usbd_conf.c:193:6:HAL_PCD_SOFCallback	16	static
../USB_DEVICE/Target/usbd_conf.c:207:6:HAL_PCD_ResetCallback	24	static
../USB_DEVICE/Target/usbd_conf.c:240:6:HAL_PCD_SuspendCallback	16	static
../USB_DEVICE/Target/usbd_conf.c:265:6:HAL_PCD_ResumeCallback	16	static
../USB_DEVICE/Target/usbd_conf.c:283:6:HAL_PCD_ISOOUTIncompleteCallback	16	static
../USB_DEVICE/Target/usbd_conf.c:298:6:HAL_PCD_ISOINIncompleteCallback	16	static
../USB_DEVICE/Target/usbd_conf.c:312:6:HAL_PCD_ConnectCallback	16	static
../USB_DEVICE/Target/usbd_conf.c:326:6:HAL_PCD_DisconnectCallback	16	static
../USB_DEVICE/Target/usbd_conf.c:341:20:USBD_LL_Init	16	static
../USB_DEVICE/Target/usbd_conf.c:391:20:USBD_LL_DeInit	24	static
../USB_DEVICE/Target/usbd_conf.c:408:20:USBD_LL_Start	24	static
../USB_DEVICE/Target/usbd_conf.c:425:20:USBD_LL_Stop	24	static
../USB_DEVICE/Target/usbd_conf.c:445:20:USBD_LL_OpenEP	24	static
../USB_DEVICE/Target/usbd_conf.c:463:20:USBD_LL_CloseEP	24	static
../USB_DEVICE/Target/usbd_conf.c:481:20:USBD_LL_FlushEP	24	static
../USB_DEVICE/Target/usbd_conf.c:499:20:USBD_LL_StallEP	24	static
../USB_DEVICE/Target/usbd_conf.c:517:20:USBD_LL_ClearStallEP	24	static
../USB_DEVICE/Target/usbd_conf.c:535:9:USBD_LL_IsStallEP	24	static
../USB_DEVICE/Target/usbd_conf.c:555:20:USBD_LL_SetUSBAddress	24	static
../USB_DEVICE/Target/usbd_conf.c:575:20:USBD_LL_Transmit	32	static
../USB_DEVICE/Target/usbd_conf.c:595:20:USBD_LL_PrepareReceive	32	static
../USB_DEVICE/Target/usbd_conf.c:613:10:USBD_LL_GetRxDataSize	16	static
../USB_DEVICE/Target/usbd_conf.c:624:6:HAL_PCDEx_LPM_Callback	16	static
../USB_DEVICE/Target/usbd_conf.c:659:6:USBD_LL_Delay	16	static
../USB_DEVICE/Target/usbd_conf.c:670:13:SystemClockConfig_Resume	8	static
../USB_DEVICE/Target/usbd_conf.c:680:20:USBD_Get_USB_Status	24	static
