Archive member included to satisfy reference by file (symbol)

C:/ST/STM32CubeIDE_1.15.1/STM32CubeIDE/plugins/com.st.stm32cube.ide.mcu.externaltools.gnu-tools-for-stm32.12.3.rel1.win32_1.0.100.202403111256/tools/bin/../lib/gcc/arm-none-eabi/12.3.1/../../../../arm-none-eabi/lib/thumb/v7e-m+fp/hard\libc_nano.a(libc_a-atoi.o)
                              ./App/CMDLine/command.o (atoi)
C:/ST/STM32CubeIDE_1.15.1/STM32CubeIDE/plugins/com.st.stm32cube.ide.mcu.externaltools.gnu-tools-for-stm32.12.3.rel1.win32_1.0.100.202403111256/tools/bin/../lib/gcc/arm-none-eabi/12.3.1/../../../../arm-none-eabi/lib/thumb/v7e-m+fp/hard\libc_nano.a(libc_a-exit.o)
                              C:/ST/STM32CubeIDE_1.15.1/STM32CubeIDE/plugins/com.st.stm32cube.ide.mcu.externaltools.gnu-tools-for-stm32.12.3.rel1.win32_1.0.100.202403111256/tools/bin/../lib/gcc/arm-none-eabi/12.3.1/../../../../arm-none-eabi/lib/thumb/v7e-m+fp/hard/crt0.o (exit)
C:/ST/STM32CubeIDE_1.15.1/STM32CubeIDE/plugins/com.st.stm32cube.ide.mcu.externaltools.gnu-tools-for-stm32.12.3.rel1.win32_1.0.100.202403111256/tools/bin/../lib/gcc/arm-none-eabi/12.3.1/../../../../arm-none-eabi/lib/thumb/v7e-m+fp/hard\libc_nano.a(libc_a-strtol.o)
                              C:/ST/STM32CubeIDE_1.15.1/STM32CubeIDE/plugins/com.st.stm32cube.ide.mcu.externaltools.gnu-tools-for-stm32.12.3.rel1.win32_1.0.100.202403111256/tools/bin/../lib/gcc/arm-none-eabi/12.3.1/../../../../arm-none-eabi/lib/thumb/v7e-m+fp/hard\libc_nano.a(libc_a-atoi.o) (_strtol_r)
C:/ST/STM32CubeIDE_1.15.1/STM32CubeIDE/plugins/com.st.stm32cube.ide.mcu.externaltools.gnu-tools-for-stm32.12.3.rel1.win32_1.0.100.202403111256/tools/bin/../lib/gcc/arm-none-eabi/12.3.1/../../../../arm-none-eabi/lib/thumb/v7e-m+fp/hard\libc_nano.a(libc_a-ctype_.o)
                              C:/ST/STM32CubeIDE_1.15.1/STM32CubeIDE/plugins/com.st.stm32cube.ide.mcu.externaltools.gnu-tools-for-stm32.12.3.rel1.win32_1.0.100.202403111256/tools/bin/../lib/gcc/arm-none-eabi/12.3.1/../../../../arm-none-eabi/lib/thumb/v7e-m+fp/hard\libc_nano.a(libc_a-strtol.o) (_ctype_)
C:/ST/STM32CubeIDE_1.15.1/STM32CubeIDE/plugins/com.st.stm32cube.ide.mcu.externaltools.gnu-tools-for-stm32.12.3.rel1.win32_1.0.100.202403111256/tools/bin/../lib/gcc/arm-none-eabi/12.3.1/../../../../arm-none-eabi/lib/thumb/v7e-m+fp/hard\libc_nano.a(libc_a-findfp.o)
                              C:/ST/STM32CubeIDE_1.15.1/STM32CubeIDE/plugins/com.st.stm32cube.ide.mcu.externaltools.gnu-tools-for-stm32.12.3.rel1.win32_1.0.100.202403111256/tools/bin/../lib/gcc/arm-none-eabi/12.3.1/../../../../arm-none-eabi/lib/thumb/v7e-m+fp/hard\libc_nano.a(libc_a-exit.o) (__stdio_exit_handler)
C:/ST/STM32CubeIDE_1.15.1/STM32CubeIDE/plugins/com.st.stm32cube.ide.mcu.externaltools.gnu-tools-for-stm32.12.3.rel1.win32_1.0.100.202403111256/tools/bin/../lib/gcc/arm-none-eabi/12.3.1/../../../../arm-none-eabi/lib/thumb/v7e-m+fp/hard\libc_nano.a(libc_a-fwalk.o)
                              C:/ST/STM32CubeIDE_1.15.1/STM32CubeIDE/plugins/com.st.stm32cube.ide.mcu.externaltools.gnu-tools-for-stm32.12.3.rel1.win32_1.0.100.202403111256/tools/bin/../lib/gcc/arm-none-eabi/12.3.1/../../../../arm-none-eabi/lib/thumb/v7e-m+fp/hard\libc_nano.a(libc_a-findfp.o) (_fwalk_sglue)
C:/ST/STM32CubeIDE_1.15.1/STM32CubeIDE/plugins/com.st.stm32cube.ide.mcu.externaltools.gnu-tools-for-stm32.12.3.rel1.win32_1.0.100.202403111256/tools/bin/../lib/gcc/arm-none-eabi/12.3.1/../../../../arm-none-eabi/lib/thumb/v7e-m+fp/hard\libc_nano.a(libc_a-snprintf.o)
                              ./App/CMDLine/command.o (snprintf)
C:/ST/STM32CubeIDE_1.15.1/STM32CubeIDE/plugins/com.st.stm32cube.ide.mcu.externaltools.gnu-tools-for-stm32.12.3.rel1.win32_1.0.100.202403111256/tools/bin/../lib/gcc/arm-none-eabi/12.3.1/../../../../arm-none-eabi/lib/thumb/v7e-m+fp/hard\libc_nano.a(libc_a-stdio.o)
                              C:/ST/STM32CubeIDE_1.15.1/STM32CubeIDE/plugins/com.st.stm32cube.ide.mcu.externaltools.gnu-tools-for-stm32.12.3.rel1.win32_1.0.100.202403111256/tools/bin/../lib/gcc/arm-none-eabi/12.3.1/../../../../arm-none-eabi/lib/thumb/v7e-m+fp/hard\libc_nano.a(libc_a-findfp.o) (__sread)
C:/ST/STM32CubeIDE_1.15.1/STM32CubeIDE/plugins/com.st.stm32cube.ide.mcu.externaltools.gnu-tools-for-stm32.12.3.rel1.win32_1.0.100.202403111256/tools/bin/../lib/gcc/arm-none-eabi/12.3.1/../../../../arm-none-eabi/lib/thumb/v7e-m+fp/hard\libc_nano.a(libc_a-memset.o)
                              C:/ST/STM32CubeIDE_1.15.1/STM32CubeIDE/plugins/com.st.stm32cube.ide.mcu.externaltools.gnu-tools-for-stm32.12.3.rel1.win32_1.0.100.202403111256/tools/bin/../lib/gcc/arm-none-eabi/12.3.1/../../../../arm-none-eabi/lib/thumb/v7e-m+fp/hard/crt0.o (memset)
C:/ST/STM32CubeIDE_1.15.1/STM32CubeIDE/plugins/com.st.stm32cube.ide.mcu.externaltools.gnu-tools-for-stm32.12.3.rel1.win32_1.0.100.202403111256/tools/bin/../lib/gcc/arm-none-eabi/12.3.1/../../../../arm-none-eabi/lib/thumb/v7e-m+fp/hard\libc_nano.a(libc_a-closer.o)
[...]
Memory Configuration

Name             Origin             Length             Attributes
CCMRAM           0x10000000         0x00010000         xrw
RAM              0x20000000         0x00020000         xrw
FLASH            0x08000000         0x00080000         xr
*default*        0x00000000         0xffffffff

Linker script and memory map

LOAD C:/ST/STM32CubeIDE_1.15.1/STM32CubeIDE/plugins/com.st.stm32cube.ide.mcu.externaltools.gnu-tools-for-stm32.12.3.rel1.win32_1.0.100.202403111256/tools/bin/../lib/gcc/arm-none-eabi/12.3.1/thumb/v7e-m+fp/hard/crti.o
LOAD C:/ST/STM32CubeIDE_1.15.1/STM32CubeIDE/plugins/com.st.stm32cube.ide.mcu.externaltools.gnu-tools-for-stm32.12.3.rel1.win32_1.0.100.202403111256/tools/bin/../lib/gcc/arm-none-eabi/12.3.1/thumb/v7e-m+fp/hard/crtbegin.o
LOAD C:/ST/STM32CubeIDE_1.15.1/STM32CubeIDE/plugins/com.st.stm32cube.ide.mcu.externaltools.gnu-tools-for-stm32.12.3.rel1.win32_1.0.100.202403111256/tools/bin/../lib/gcc/arm-none-eabi/12.3.1/../../../../arm-none-eabi/lib/thumb/v7e-m+fp/hard/crt0.o
LOAD ./App/CMDLine/cmdline.o
LOAD ./App/CMDLine/command.o
LOAD ./App/UART/uart.o
LOAD ./App/i2c_eeprom_driver/i2c_eeprom.o
LOAD ./App/w25q_driver/w25q_driver.o
LOAD ./Core/Src/main.o
LOAD ./Core/Src/stm32f4xx_hal_msp.o
LOAD ./Core/Src/stm32f4xx_hal_timebase_tim.o
LOAD ./Core/Src/stm32f4xx_it.o
LOAD ./Core/Src/syscalls.o
LOAD ./Core/Src/sysmem.o
LOAD ./Core/Src/system_stm32f4xx.o
LOAD ./Core/Startup/startup_stm32f407vetx.o
LOAD ./Drivers/STM32F4xx_HAL_Driver/Src/stm32f4xx_hal.o
LOAD ./Drivers/STM32F4xx_HAL_Driver/Src/stm32f4xx_hal_cortex.o
LOAD ./Drivers/STM32F4xx_HAL_Driver/Src/stm32f4xx_hal_dma.o
LOAD ./Drivers/STM32F4xx_HAL_Driver/Src/stm32f4xx_hal_dma_ex.o
LOAD ./Drivers/STM32F4xx_HAL_Driver/Src/stm32f4xx_hal_exti.o
LOAD ./Drivers/STM32F4xx_HAL_Driver/Src/stm32f4xx_hal_flash.o
LOAD ./Drivers/STM32F4xx_HAL_Driver/Src/stm32f4xx_hal_flash_ex.o
LOAD ./Drivers/STM32F4xx_HAL_Driver/Src/stm32f4xx_hal_flash_ramfunc.o
LOAD ./Drivers/STM32F4xx_HAL_Driver/Src/stm32f4xx_hal_gpio.o
LOAD ./Drivers/STM32F4xx_HAL_Driver/Src/stm32f4xx_hal_i2c.o
LOAD ./Drivers/STM32F4xx_HAL_Driver/Src/stm32f4xx_hal_i2c_ex.o
LOAD ./Drivers/STM32F4xx_HAL_Driver/Src/stm32f4xx_hal_pwr.o
LOAD ./Drivers/STM32F4xx_HAL_Driver/Src/stm32f4xx_hal_pwr_ex.o
LOAD ./Drivers/STM32F4xx_HAL_Driver/Src/stm32f4xx_hal_rcc.o
LOAD ./Drivers/STM32F4xx_HAL_Driver/Src/stm32f4xx_hal_rcc_ex.o
LOAD ./Drivers/STM32F4xx_HAL_Driver/Src/stm32f4xx_hal_tim.o
LOAD ./Drivers/STM32F4xx_HAL_Driver/Src/stm32f4xx_hal_tim_ex.o
LOAD ./Drivers/STM32F4xx_HAL_Driver/Src/stm32f4xx_ll_dma.o
LOAD ./Drivers/STM32F4xx_HAL_Driver/Src/stm32f4xx_ll_exti.o
LOAD ./Drivers/STM32F4xx_HAL_Driver/Src/stm32f4xx_ll_gpio.o
LOAD ./Drivers/STM32F4xx_HAL_Driver/Src/stm32f4xx_ll_rcc.o
LOAD ./Drivers/STM32F4xx_HAL_Driver/Src/stm32f4xx_ll_spi.o
LOAD ./Drivers/STM32F4xx_HAL_Driver/Src/stm32f4xx_ll_usart.o
LOAD ./Drivers/STM32F4xx_HAL_Driver/Src/stm32f4xx_ll_utils.o
LOAD ./ThirdParty/FreeRTOS/croutine.o
LOAD ./ThirdParty/FreeRTOS/event_groups.o
LOAD ./ThirdParty/FreeRTOS/list.o
LOAD ./ThirdParty/FreeRTOS/queue.o
LOAD ./ThirdParty/FreeRTOS/stream_buffer.o
LOAD ./ThirdParty/FreeRTOS/tasks.o
LOAD ./ThirdParty/FreeRTOS/timers.o
LOAD ./ThirdParty/FreeRTOS/portable/GCC/ARM_CM4F/port.o
LOAD ./ThirdParty/FreeRTOS/portable/MemMang/heap_4.o
START GROUP
LOAD C:/ST/STM32CubeIDE_1.15.1/STM32CubeIDE/plugins/com.st.stm32cube.ide.mcu.externaltools.gnu-tools-for-stm32.12.3.rel1.win32_1.0.100.202403111256/tools/bin/../lib/gcc/arm-none-eabi/12.3.1/../../../../arm-none-eabi/lib/thumb/v7e-m+fp/hard\libc_nano.a
LOAD C:/ST/STM32CubeIDE_1.15.1/STM32CubeIDE/plugins/com.st.stm32cube.ide.mcu.externaltools.gnu-tools-for-stm32.12.3.rel1.win32_1.0.100.202403111256/tools/bin/../lib/gcc/arm-none-eabi/12.3.1/../../../../arm-none-eabi/lib/thumb/v7e-m+fp/hard\libm.a
END GROUP
START GROUP
LOAD C:/ST/STM32CubeIDE_1.15.1/STM32CubeIDE/plugins/com.st.stm32cube.ide.mcu.externaltools.gnu-tools-for-stm32.12.3.rel1.win32_1.0.100.202403111256/tools/bin/../lib/gcc/arm-none-eabi/12.3.1/thumb/v7e-m+fp/hard\libgcc.a
LOAD C:/ST/STM32CubeIDE_1.15.1/STM32CubeIDE/plugins/com.st.stm32cube.ide.mcu.externaltools.gnu-tools-for-stm32.12.3.rel1.win32_1.0.100.202403111256/tools/bin/../lib/gcc/arm-none-eabi/12.3.1/../../../../arm-none-eabi/lib/thumb/v7e-m+fp/hard\libc_nano.a
END GROUP
START GROUP
LOAD C:/ST/STM32CubeIDE_1.15.1/STM32CubeIDE/plugins/com.st.stm32cube.ide.mcu.externaltools.gnu-tools-for-stm32.12.3.rel1.win32_1.0.100.202403111256/tools/bin/../lib/gcc/arm-none-eabi/12.3.1/thumb/v7e-m+fp/hard\libgcc.a
LOAD C:/ST/STM32CubeIDE_1.15.1/STM32CubeIDE/plugins/com.st.stm32cube.ide.mcu.externaltools.gnu-tools-for-stm32.12.3.rel1.win32_1.0.100.202403111256/tools/bin/../lib/gcc/arm-none-eabi/12.3.1/../../../../arm-none-eabi/lib/thumb/v7e-m+fp/hard\libc_nano.a
LOAD C:/ST/STM32CubeIDE_1.15.1/STM32CubeIDE/plugins/com.st.stm32cube.ide.mcu.externaltools.gnu-tools-for-stm32.12.3.rel1.win32_1.0.100.202403111256/tools/bin/../lib/gcc/arm-none-eabi/12.3.1/../../../../arm-none-eabi/lib/thumb/v7e-m+fp/hard\libnosys.a
END GROUP
START GROUP
LOAD C:/ST/STM32CubeIDE_1.15.1/STM32CubeIDE/plugins/com.st.stm32cube.ide.mcu.externaltools.gnu-tools-for-stm32.12.3.rel1.win32_1.0.100.202403111256/tools/bin/../lib/gcc/arm-none-eabi/12.3.1/thumb/v7e-m+fp/hard\libgcc.a
LOAD C:/ST/STM32CubeIDE_1.15.1/STM32CubeIDE/plugins/com.st.stm32cube.ide.mcu.externaltools.gnu-tools-for-stm32.12.3.rel1.win32_1.0.100.202403111256/tools/bin/../lib/gcc/arm-none-eabi/12.3.1/../../../../arm-none-eabi/lib/thumb/v7e-m+fp/hard\libc_nano.a
LOAD C:/ST/STM32CubeIDE_1.15.1/STM32CubeIDE/plugins/com.st.stm32cube.ide.mcu.externaltools.gnu-tools-for-stm32.12.3.rel1.win32_1.0.100.202403111256/tools/bin/../lib/gcc/arm-none-eabi/12.3.1/../../../../arm-none-eabi/lib/thumb/v7e-m+fp/hard\libnosys.a
END GROUP
LOAD C:/ST/STM32CubeIDE_1.15.1/STM32CubeIDE/plugins/com.st.stm32cube.ide.mcu.externaltools.gnu-tools-for-stm32.12.3.rel1.win32_1.0.100.202403111256/tools/bin/../lib/gcc/arm-none-eabi/12.3.1/thumb/v7e-m+fp/hard/crtend.o
LOAD C:/ST/STM32CubeIDE_1.15.1/STM32CubeIDE/plugins/com.st.stm32cube.ide.mcu.externaltools.gnu-tools-for-stm32.12.3.rel1.win32_1.0.100.202403111256/tools/bin/../lib/gcc/arm-none-eabi/12.3.1/thumb/v7e-m+fp/hard/crtn.o
                0x20020000                        _estack = (ORIGIN (RAM) + LENGTH (RAM))
                0x00000200                        _Min_Heap_Size = 0x200
                0x00000400                        _Min_Stack_Size = 0x400

.isr_vector     0x08000000      0x188
                0x08000000                        . = ALIGN (0x4)
 *(.isr_vector)
 .isr_vector    0x08000000      0x188 ./Core/Startup/startup_stm32f407vetx.o
                0x08000000                g_pfnVectors
                0x08000188                        . = ALIGN (0x4)

.text           0x08000190     0x7b2c
                0x08000190                        . = ALIGN (0x4)
 *(.text)
 .text          0x08000190       0x40 C:/ST/STM32CubeIDE_1.15.1/STM32CubeIDE/plugins/com.st.stm32cube.ide.mcu.externaltools.gnu-tools-for-stm32.12.3.rel1.win32_1.0.100.202403111256/tools/bin/../lib/gcc/arm-none-eabi/12.3.1/thumb/v7e-m+fp/hard/crtbegin.o
 .text          0x080001d0       0x14 C:/ST/STM32CubeIDE_1.15.1/STM32CubeIDE/plugins/com.st.stm32cube.ide.mcu.externaltools.gnu-tools-for-stm32.12.3.rel1.win32_1.0.100.202403111256/tools/bin/../lib/gcc/arm-none-eabi/12.3.1/../../../../arm-none-eabi/lib/thumb/v7e-m+fp/hard\libc_nano.a(libc_a-strcmp.o)
                0x080001d0                strcmp
 .text          0x080001e4       0x10 C:/ST/STM32CubeIDE_1.15.1/STM32CubeIDE/plugins/com.st.stm32cube.ide.mcu.externaltools.gnu-tools-for-stm32.12.3.rel1.win32_1.0.100.202403111256/tools/bin/../lib/gcc/arm-none-eabi/12.3.1/../../../../arm-none-eabi/lib/thumb/v7e-m+fp/hard\libc_nano.a(libc_a-strlen.o)
                0x080001e4                strlen
 *fill*         0x080001f4        0xc 
 .text          0x08000200       0xa0 C:/ST/STM32CubeIDE_1.15.1/STM32CubeIDE/plugins/com.st.stm32cube.ide.mcu.externaltools.gnu-tools-for-stm32.12.3.rel1.win32_1.0.100.202403111256/tools/bin/../lib/gcc/arm-none-eabi/12.3.1/../../../../arm-none-eabi/lib/thumb/v7e-m+fp/hard\libc_nano.a(libc_a-memchr.o)
                0x08000200                memchr
 .text          0x080002a0       0x30 C:/ST/STM32CubeIDE_1.15.1/STM32CubeIDE/plugins/com.st.stm32cube.ide.mcu.externaltools.gnu-tools-for-stm32.12.3.rel1.win32_1.0.100.202403111256/tools/bin/../lib/gcc/arm-none-eabi/12.3.1/thumb/v7e-m+fp/hard\libgcc.a(_aeabi_uldivmod.o)
                0x080002a0                __aeabi_uldivmod
 .text          0x080002d0      0x2bc C:/ST/STM32CubeIDE_1.15.1/STM32CubeIDE/plugins/com.st.stm32cube.ide.mcu.externaltools.gnu-tools-for-stm32.12.3.rel1.win32_1.0.100.202403111256/tools/bin/../lib/gcc/arm-none-eabi/12.3.1/thumb/v7e-m+fp/hard\libgcc.a(_udivmoddi4.o)
                0x080002d0                __udivmoddi4
 .text          0x0800058c        0x4 C:/ST/STM32CubeIDE_1.15.1/STM32CubeIDE/plugins/com.st.stm32cube.ide.mcu.externaltools.gnu-tools-for-stm32.12.3.rel1.win32_1.0.100.202403111256/tools/bin/../lib/gcc/arm-none-eabi/12.3.1/thumb/v7e-m+fp/hard\libgcc.a(_dvmd_tls.o)
                0x0800058c                __aeabi_idiv0
                0x0800058c                __aeabi_ldiv0
 *(.text*)
 .text.CmdLineProcess
                0x08000590       0xb8 ./App/CMDLine/cmdline.o
                0x08000590                CmdLineProcess
 .text.CommandLine_Task
                0x08000648       0x16 ./App/CMDLine/command.o
                0x08000648                CommandLine_Task
 *fill*         0x0800065e        0x2 
 .text.CommandLine_Init
                0x08000660       0x74 ./App/CMDLine/command.o
                0x08000660                CommandLine_Init
 .text.CommandLine_Task_Update
                0x080006d4       0x64 ./App/CMDLine/command.o
 .text.process_command
                0x08000738      0x408 ./App/CMDLine/command.o
                0x08000738                process_command
 .text.Cmd_help
                0x08000b40      0x104 ./App/CMDLine/command.o
                0x08000b40                Cmd_help
 .text.Cmd_Clear_CLI
                0x08000c44       0x34 ./App/CMDLine/command.o
                0x08000c44                Cmd_Clear_CLI
 .text.Cmd_ReadID_W25Q
                0x08000c78       0x6c ./App/CMDLine/command.o
                0x08000c78                Cmd_ReadID_W25Q
 .text.Cmd_Write_W25Q
                0x08000ce4       0xbc ./App/CMDLine/command.o
                0x08000ce4                Cmd_Write_W25Q
 .text.Cmd_Read_W25Q
                0x08000da0      0x118 ./App/CMDLine/command.o
                0x08000da0                Cmd_Read_W25Q
 .text.Cmd_EraseChip_W25Q
                0x08000eb8       0x50 ./App/CMDLine/command.o
                0x08000eb8                Cmd_EraseChip_W25Q
 .text.Cmd_EEPROM_Init
                0x08000f08       0xcc ./App/CMDLine/command.o
                0x08000f08                Cmd_EEPROM_Init
 .text.Cmd_EEPROM_Write
                0x08000fd4       0xc4 ./App/CMDLine/command.o
                0x08000fd4                Cmd_EEPROM_Write
 .text.Cmd_EEPROM_Read
                0x08001098      0x140 ./App/CMDLine/command.o
                0x08001098                Cmd_EEPROM_Read
 .text.Cmd_EEPROM_Fill
                0x080011d8       0x80 ./App/CMDLine/command.o
                0x080011d8                Cmd_EEPROM_Fill
 .text.LL_USART_IsActiveFlag_FE
                0x08001258       0x26 ./App/UART/uart.o
 .text.LL_USART_IsActiveFlag_NE
                0x0800127e       0x26 ./App/UART/uart.o
 .text.LL_USART_IsActiveFlag_ORE
                0x080012a4       0x26 ./App/UART/uart.o
 .text.LL_USART_IsActiveFlag_RXNE
                0x080012ca       0x26 ./App/UART/uart.o
 .text.LL_USART_IsActiveFlag_TXE
                0x080012f0       0x26 ./App/UART/uart.o
 .text.LL_USART_ClearFlag_FE
                0x08001316       0x24 ./App/UART/uart.o
 .text.LL_USART_ClearFlag_NE
                0x0800133a       0x24 ./App/UART/uart.o
 .text.LL_USART_ClearFlag_ORE
                0x0800135e       0x24 ./App/UART/uart.o
 .text.LL_USART_EnableIT_RXNE
                0x08001382       0x46 ./App/UART/uart.o
 .text.LL_USART_EnableIT_TXE
                0x080013c8       0x46 ./App/UART/uart.o
 .text.LL_USART_DisableIT_RXNE
                0x0800140e       0x46 ./App/UART/uart.o
 .text.LL_USART_DisableIT_TXE
                0x08001454       0x46 ./App/UART/uart.o
 .text.LL_USART_IsEnabledIT_RXNE
                0x0800149a       0x26 ./App/UART/uart.o
 .text.LL_USART_IsEnabledIT_TXE
                0x080014c0       0x26 ./App/UART/uart.o
 .text.LL_USART_ReceiveData8
                0x080014e6       0x1a ./App/UART/uart.o
 .text.LL_USART_TransmitData8
                0x08001500       0x1e ./App/UART/uart.o
 *fill*         0x0800151e        0x2 
 .text.get_usart_buffer
                0x08001520       0x54 ./App/UART/uart.o
                0x08001520                get_usart_buffer
 .text.store_char
                0x08001574       0x56 ./App/UART/uart.o
                0x08001574                store_char
 .text.UART_ReadRing
                0x080015ca       0x70 ./App/UART/uart.o
                0x080015ca                UART_ReadRing
 .text.UART_WriteRing
                0x0800163a       0x78 ./App/UART/uart.o
                0x0800163a                UART_WriteRing
 .text.IsDataAvailable
                0x080016b2       0x52 ./App/UART/uart.o
                0x080016b2                IsDataAvailable
 .text.UART_SendStringRing
                0x08001704       0x2e ./App/UART/uart.o
                0x08001704                UART_SendStringRing
 .text.UART_Flush_RingRx
                0x08001732       0x42 ./App/UART/uart.o
                0x08001732                UART_Flush_RingRx
 .text.UART_Ring_ISR
                0x08001774       0xf0 ./App/UART/uart.o
                0x08001774                UART_Ring_ISR
 .text.EEPROM_WaitReady
                0x08001864       0x24 ./App/i2c_eeprom_driver/i2c_eeprom.o
 .text.EEPROM_Init
                0x08001888       0x58 ./App/i2c_eeprom_driver/i2c_eeprom.o
                0x08001888                EEPROM_Init
 .text.EEPROM_Write
                0x080018e0       0xd6 ./App/i2c_eeprom_driver/i2c_eeprom.o
                0x080018e0                EEPROM_Write
 .text.EEPROM_Read
                0x080019b6       0x66 ./App/i2c_eeprom_driver/i2c_eeprom.o
                0x080019b6                EEPROM_Read
 .text.EEPROM_Fill
                0x08001a1c       0x88 ./App/i2c_eeprom_driver/i2c_eeprom.o
                0x08001a1c                EEPROM_Fill
 .text.LL_SPI_IsActiveFlag_RXNE
                0x08001aa4       0x26 ./App/w25q_driver/w25q_driver.o
 .text.LL_SPI_IsActiveFlag_TXE
                0x08001aca       0x26 ./App/w25q_driver/w25q_driver.o
 .text.LL_SPI_ReceiveData8
                0x08001af0       0x1c ./App/w25q_driver/w25q_driver.o
 .text.LL_SPI_TransmitData8
                0x08001b0c       0x24 ./App/w25q_driver/w25q_driver.o
 .text.LL_GPIO_SetOutputPin
                0x08001b30       0x1c ./App/w25q_driver/w25q_driver.o
 .text.LL_GPIO_ResetOutputPin
                0x08001b4c       0x1e ./App/w25q_driver/w25q_driver.o
 .text.SPI_TXRX_safe
                0x08001b6a       0x5a ./App/w25q_driver/w25q_driver.o
 .text.W25Q_ReadStatus
                0x08001bc4       0x4a ./App/w25q_driver/w25q_driver.o
 .text.W25Q_WaitBusy
                0x08001c0e       0x28 ./App/w25q_driver/w25q_driver.o
 .text.W25Q_Init
                0x08001c36       0x20 ./App/w25q_driver/w25q_driver.o
                0x08001c36                W25Q_Init
 .text.W25Q_read_id
                0x08001c56       0x60 ./App/w25q_driver/w25q_driver.o
                0x08001c56                W25Q_read_id
 .text.W25Q_write_enable
                0x08001cb6       0x3e ./App/w25q_driver/w25q_driver.o
 .text.W25Q_page_program
                0x08001cf4       0xa6 ./App/w25q_driver/w25q_driver.o
                0x08001cf4                W25Q_page_program
 .text.W25Q_write
                0x08001d9a       0x62 ./App/w25q_driver/w25q_driver.o
                0x08001d9a                W25Q_write
 .text.W25Q_read
                0x08001dfc       0x9c ./App/w25q_driver/w25q_driver.o
                0x08001dfc                W25Q_read
 .text.W25Q_chip_erase
                0x08001e98       0x48 ./App/w25q_driver/w25q_driver.o
                0x08001e98                W25Q_chip_erase
 .text.__NVIC_GetPriorityGrouping
                0x08001ee0       0x1c ./Core/Src/main.o
 .text.__NVIC_EnableIRQ
                0x08001efc       0x3c ./Core/Src/main.o
 .text.__NVIC_SetPriority
                0x08001f38       0x54 ./Core/Src/main.o
 .text.NVIC_EncodePriority
                0x08001f8c       0x66 ./Core/Src/main.o
 .text.LL_SPI_SetStandard
                0x08001ff2       0x26 ./Core/Src/main.o
 .text.LL_USART_Enable
                0x08002018       0x20 ./Core/Src/main.o
 .text.LL_USART_ConfigAsyncMode
                0x08002038       0x2c ./Core/Src/main.o
 .text.LL_GPIO_ResetOutputPin
                0x08002064       0x1e ./Core/Src/main.o
 .text.LL_GPIO_TogglePin
                0x08002082       0x32 ./Core/Src/main.o
 .text.LL_AHB1_GRP1_EnableClock
                0x080020b4       0x30 ./Core/Src/main.o
 .text.LL_APB2_GRP1_EnableClock
                0x080020e4       0x30 ./Core/Src/main.o
 .text.main     0x08002114       0x74 ./Core/Src/main.o
                0x08002114                main
 .text.SystemClock_Config
                0x08002188       0xbc ./Core/Src/main.o
                0x08002188                SystemClock_Config
 .text.MX_I2C1_Init
                0x08002244       0x5c ./Core/Src/main.o
 .text.MX_SPI1_Init
                0x080022a0       0xd0 ./Core/Src/main.o
 .text.MX_USART1_UART_Init
                0x08002370       0xc0 ./Core/Src/main.o
 .text.MX_GPIO_Init
                0x08002430       0x78 ./Core/Src/main.o
 .text.toggle_led
                0x080024a8       0x20 ./Core/Src/main.o
 .text.HAL_TIM_PeriodElapsedCallback
                0x080024c8       0x24 ./Core/Src/main.o
                0x080024c8                HAL_TIM_PeriodElapsedCallback
 .text.Error_Handler
                0x080024ec        0xc ./Core/Src/main.o
                0x080024ec                Error_Handler
 .text.HAL_MspInit
                0x080024f8       0x50 ./Core/Src/stm32f4xx_hal_msp.o
                0x080024f8                HAL_MspInit
 .text.HAL_I2C_MspInit
                0x08002548       0x90 ./Core/Src/stm32f4xx_hal_msp.o
                0x08002548                HAL_I2C_MspInit
 .text.HAL_InitTick
                0x080025d8       0xe4 ./Core/Src/stm32f4xx_hal_timebase_tim.o
                0x080025d8                HAL_InitTick
 .text.NMI_Handler
                0x080026bc        0x8 ./Core/Src/stm32f4xx_it.o
                0x080026bc                NMI_Handler
 .text.HardFault_Handler
                0x080026c4        0x8 ./Core/Src/stm32f4xx_it.o
                0x080026c4                HardFault_Handler
 .text.MemManage_Handler
                0x080026cc        0x8 ./Core/Src/stm32f4xx_it.o
                0x080026cc                MemManage_Handler
 .text.BusFault_Handler
                0x080026d4        0x8 ./Core/Src/stm32f4xx_it.o
                0x080026d4                BusFault_Handler
 .text.UsageFault_Handler
                0x080026dc        0x8 ./Core/Src/stm32f4xx_it.o
                0x080026dc                UsageFault_Handler
 .text.DebugMon_Handler
                0x080026e4        0xe ./Core/Src/stm32f4xx_it.o
                0x080026e4                DebugMon_Handler
 *fill*         0x080026f2        0x2 
 .text.TIM1_UP_TIM10_IRQHandler
                0x080026f4       0x14 ./Core/Src/stm32f4xx_it.o
                0x080026f4                TIM1_UP_TIM10_IRQHandler
 .text.USART1_IRQHandler
                0x08002708       0x14 ./Core/Src/stm32f4xx_it.o
                0x08002708                USART1_IRQHandler
 .text._sbrk    0x0800271c       0x6c ./Core/Src/sysmem.o
                0x0800271c                _sbrk
 .text.SystemInit
                0x08002788       0x24 ./Core/Src/system_stm32f4xx.o
                0x08002788                SystemInit
 .text.Reset_Handler
                0x080027ac       0x50 ./Core/Startup/startup_stm32f407vetx.o
                0x080027ac                Reset_Handler
 .text.Default_Handler
                0x080027fc        0x2 ./Core/Startup/startup_stm32f407vetx.o
                0x080027fc                RTC_Alarm_IRQHandler
                0x080027fc                HASH_RNG_IRQHandler
                0x080027fc                EXTI2_IRQHandler
                0x080027fc                TIM8_CC_IRQHandler
                0x080027fc                TIM1_CC_IRQHandler
                0x080027fc                DMA2_Stream5_IRQHandler
                0x080027fc                DMA1_Stream5_IRQHandler
                0x080027fc                PVD_IRQHandler
                0x080027fc                SDIO_IRQHandler
                0x080027fc                TAMP_STAMP_IRQHandler
                0x080027fc                CAN2_RX1_IRQHandler
                0x080027fc                EXTI3_IRQHandler
                0x080027fc                TIM8_TRG_COM_TIM14_IRQHandler
                0x080027fc                TIM8_UP_TIM13_IRQHandler
                0x080027fc                I2C3_ER_IRQHandler
                0x080027fc                EXTI0_IRQHandler
                0x080027fc                I2C2_EV_IRQHandler
                0x080027fc                DMA1_Stream2_IRQHandler
                0x080027fc                CAN1_RX0_IRQHandler
                0x080027fc                FPU_IRQHandler
                0x080027fc                OTG_HS_WKUP_IRQHandler
                0x080027fc                CAN2_SCE_IRQHandler
                0x080027fc                DMA2_Stream2_IRQHandler
                0x080027fc                SPI1_IRQHandler
                0x080027fc                TIM6_DAC_IRQHandler
                0x080027fc                TIM1_BRK_TIM9_IRQHandler
                0x080027fc                DCMI_IRQHandler
                0x080027fc                CAN2_RX0_IRQHandler
                0x080027fc                DMA2_Stream3_IRQHandler
                0x080027fc                USART6_IRQHandler
                0x080027fc                USART3_IRQHandler
                0x080027fc                CAN1_RX1_IRQHandler
                0x080027fc                UART5_IRQHandler
                0x080027fc                DMA2_Stream0_IRQHandler
                0x080027fc                TIM4_IRQHandler
                0x080027fc                I2C1_EV_IRQHandler
                0x080027fc                DMA1_Stream6_IRQHandler
                0x080027fc                DMA1_Stream1_IRQHandler
                0x080027fc                UART4_IRQHandler
                0x080027fc                TIM3_IRQHandler
                0x080027fc                RCC_IRQHandler
                0x080027fc                TIM8_BRK_TIM12_IRQHandler
                0x080027fc                Default_Handler
                0x080027fc                EXTI15_10_IRQHandler
                0x080027fc                ADC_IRQHandler
                0x080027fc                DMA1_Stream7_IRQHandler
                0x080027fc                TIM7_IRQHandler
                0x080027fc                CAN2_TX_IRQHandler
                0x080027fc                TIM5_IRQHandler
                0x080027fc                DMA2_Stream7_IRQHandler
                0x080027fc                I2C3_EV_IRQHandler
                0x080027fc                EXTI9_5_IRQHandler
                0x080027fc                RTC_WKUP_IRQHandler
                0x080027fc                ETH_WKUP_IRQHandler
                0x080027fc                SPI2_IRQHandler
                0x080027fc                OTG_HS_EP1_IN_IRQHandler
                0x080027fc                DMA1_Stream0_IRQHandler
                0x080027fc                CAN1_TX_IRQHandler
                0x080027fc                EXTI4_IRQHandler
                0x080027fc                FSMC_IRQHandler
                0x080027fc                ETH_IRQHandler
                0x080027fc                OTG_HS_EP1_OUT_IRQHandler
                0x080027fc                WWDG_IRQHandler
                0x080027fc                TIM2_IRQHandler
                0x080027fc                OTG_FS_WKUP_IRQHandler
                0x080027fc                TIM1_TRG_COM_TIM11_IRQHandler
                0x080027fc                OTG_HS_IRQHandler
                0x080027fc                EXTI1_IRQHandler
                0x080027fc                USART2_IRQHandler
                0x080027fc                I2C2_ER_IRQHandler
                0x080027fc                DMA2_Stream1_IRQHandler
                0x080027fc                CAN1_SCE_IRQHandler
                0x080027fc                FLASH_IRQHandler
                0x080027fc                DMA2_Stream4_IRQHandler
                0x080027fc                OTG_FS_IRQHandler
                0x080027fc                SPI3_IRQHandler
                0x080027fc                DMA1_Stream4_IRQHandler
                0x080027fc                I2C1_ER_IRQHandler
                0x080027fc                DMA2_Stream6_IRQHandler
                0x080027fc                DMA1_Stream3_IRQHandler
 *fill*         0x080027fe        0x2 
 .text.HAL_Init
                0x08002800       0x44 ./Drivers/STM32F4xx_HAL_Driver/Src/stm32f4xx_hal.o
                0x08002800                HAL_Init
 .text.HAL_IncTick
                0x08002844       0x28 ./Drivers/STM32F4xx_HAL_Driver/Src/stm32f4xx_hal.o
                0x08002844                HAL_IncTick
 .text.HAL_GetTick
                0x0800286c       0x18 ./Drivers/STM32F4xx_HAL_Driver/Src/stm32f4xx_hal.o
                0x0800286c                HAL_GetTick
 .text.__NVIC_SetPriorityGrouping
                0x08002884       0x48 ./Drivers/STM32F4xx_HAL_Driver/Src/stm32f4xx_hal_cortex.o
 .text.__NVIC_GetPriorityGrouping
                0x080028cc       0x1c ./Drivers/STM32F4xx_HAL_Driver/Src/stm32f4xx_hal_cortex.o
 .text.__NVIC_EnableIRQ
                0x080028e8       0x3c ./Drivers/STM32F4xx_HAL_Driver/Src/stm32f4xx_hal_cortex.o
 .text.__NVIC_SetPriority
                0x08002924       0x54 ./Drivers/STM32F4xx_HAL_Driver/Src/stm32f4xx_hal_cortex.o
 .text.NVIC_EncodePriority
                0x08002978       0x66 ./Drivers/STM32F4xx_HAL_Driver/Src/stm32f4xx_hal_cortex.o
 .text.HAL_NVIC_SetPriorityGrouping
                0x080029de       0x16 ./Drivers/STM32F4xx_HAL_Driver/Src/stm32f4xx_hal_cortex.o
                0x080029de                HAL_NVIC_SetPriorityGrouping
 .text.HAL_NVIC_SetPriority
                0x080029f4       0x38 ./Drivers/STM32F4xx_HAL_Driver/Src/stm32f4xx_hal_cortex.o
                0x080029f4                HAL_NVIC_SetPriority
 .text.HAL_NVIC_EnableIRQ
                0x08002a2c       0x1c ./Drivers/STM32F4xx_HAL_Driver/Src/stm32f4xx_hal_cortex.o
                0x08002a2c                HAL_NVIC_EnableIRQ
 .text.HAL_GPIO_Init
                0x08002a48      0x338 ./Drivers/STM32F4xx_HAL_Driver/Src/stm32f4xx_hal_gpio.o
                0x08002a48                HAL_GPIO_Init
 .text.HAL_I2C_Init
                0x08002d80      0x288 ./Drivers/STM32F4xx_HAL_Driver/Src/stm32f4xx_hal_i2c.o
                0x08002d80                HAL_I2C_Init
 .text.HAL_I2C_Mem_Write
                0x08003008      0x1f4 ./Drivers/STM32F4xx_HAL_Driver/Src/stm32f4xx_hal_i2c.o
                0x08003008                HAL_I2C_Mem_Write
 .text.HAL_I2C_Mem_Read
                0x080031fc      0x464 ./Drivers/STM32F4xx_HAL_Driver/Src/stm32f4xx_hal_i2c.o
                0x080031fc                HAL_I2C_Mem_Read
 .text.HAL_I2C_IsDeviceReady
                0x08003660      0x25c ./Drivers/STM32F4xx_HAL_Driver/Src/stm32f4xx_hal_i2c.o
                0x08003660                HAL_I2C_IsDeviceReady
 .text.I2C_RequestMemoryWrite
                0x080038bc      0x12c ./Drivers/STM32F4xx_HAL_Driver/Src/stm32f4xx_hal_i2c.o
 .text.I2C_RequestMemoryRead
                0x080039e8      0x1d0 ./Drivers/STM32F4xx_HAL_Driver/Src/stm32f4xx_hal_i2c.o
 .text.I2C_WaitOnFlagUntilTimeout
                0x08003bb8       0xf4 ./Drivers/STM32F4xx_HAL_Driver/Src/stm32f4xx_hal_i2c.o
 .text.I2C_WaitOnMasterAddressFlagUntilTimeout
                0x08003cac      0x140 ./Drivers/STM32F4xx_HAL_Driver/Src/stm32f4xx_hal_i2c.o
 .text.I2C_WaitOnTXEFlagUntilTimeout
                0x08003dec       0x90 ./Drivers/STM32F4xx_HAL_Driver/Src/stm32f4xx_hal_i2c.o
 .text.I2C_WaitOnBTFFlagUntilTimeout
                0x08003e7c       0x90 ./Drivers/STM32F4xx_HAL_Driver/Src/stm32f4xx_hal_i2c.o
 .text.I2C_WaitOnRXNEFlagUntilTimeout
                0x08003f0c       0xba ./Drivers/STM32F4xx_HAL_Driver/Src/stm32f4xx_hal_i2c.o
 .text.I2C_IsAcknowledgeFailed
                0x08003fc6       0x5e ./Drivers/STM32F4xx_HAL_Driver/Src/stm32f4xx_hal_i2c.o
 .text.HAL_RCC_OscConfig
                0x08004024      0x4f0 ./Drivers/STM32F4xx_HAL_Driver/Src/stm32f4xx_hal_rcc.o
                0x08004024                HAL_RCC_OscConfig
 .text.HAL_RCC_ClockConfig
                0x08004514      0x1cc ./Drivers/STM32F4xx_HAL_Driver/Src/stm32f4xx_hal_rcc.o
                0x08004514                HAL_RCC_ClockConfig
 .text.HAL_RCC_GetSysClockFreq
                0x080046e0      0x18c ./Drivers/STM32F4xx_HAL_Driver/Src/stm32f4xx_hal_rcc.o
                0x080046e0                HAL_RCC_GetSysClockFreq
 .text.HAL_RCC_GetHCLKFreq
                0x0800486c       0x18 ./Drivers/STM32F4xx_HAL_Driver/Src/stm32f4xx_hal_rcc.o
                0x0800486c                HAL_RCC_GetHCLKFreq
 .text.HAL_RCC_GetPCLK1Freq
                0x08004884       0x28 ./Drivers/STM32F4xx_HAL_Driver/Src/stm32f4xx_hal_rcc.o
                0x08004884                HAL_RCC_GetPCLK1Freq
 .text.HAL_RCC_GetPCLK2Freq
                0x080048ac       0x28 ./Drivers/STM32F4xx_HAL_Driver/Src/stm32f4xx_hal_rcc.o
                0x080048ac                HAL_RCC_GetPCLK2Freq
 .text.HAL_RCC_GetClockConfig
                0x080048d4       0x64 ./Drivers/STM32F4xx_HAL_Driver/Src/stm32f4xx_hal_rcc.o
                0x080048d4                HAL_RCC_GetClockConfig
 .text.HAL_TIM_Base_Init
                0x08004938       0x9e ./Drivers/STM32F4xx_HAL_Driver/Src/stm32f4xx_hal_tim.o
                0x08004938                HAL_TIM_Base_Init
 .text.HAL_TIM_Base_MspInit
                0x080049d6       0x14 ./Drivers/STM32F4xx_HAL_Driver/Src/stm32f4xx_hal_tim.o
                0x080049d6                HAL_TIM_Base_MspInit
 *fill*         0x080049ea        0x2 
 .text.HAL_TIM_Base_Start_IT
                0x080049ec       0xe0 ./Drivers/STM32F4xx_HAL_Driver/Src/stm32f4xx_hal_tim.o
                0x080049ec                HAL_TIM_Base_Start_IT
 .text.HAL_TIM_IRQHandler
                0x08004acc      0x1e0 ./Drivers/STM32F4xx_HAL_Driver/Src/stm32f4xx_hal_tim.o
                0x08004acc                HAL_TIM_IRQHandler
 .text.HAL_TIM_OC_DelayElapsedCallback
                0x08004cac       0x14 ./Drivers/STM32F4xx_HAL_Driver/Src/stm32f4xx_hal_tim.o
                0x08004cac                HAL_TIM_OC_DelayElapsedCallback
 .text.HAL_TIM_IC_CaptureCallback
                0x08004cc0       0x14 ./Drivers/STM32F4xx_HAL_Driver/Src/stm32f4xx_hal_tim.o
                0x08004cc0                HAL_TIM_IC_CaptureCallback
 .text.HAL_TIM_PWM_PulseFinishedCallback
                0x08004cd4       0x14 ./Drivers/STM32F4xx_HAL_Driver/Src/stm32f4xx_hal_tim.o
                0x08004cd4                HAL_TIM_PWM_PulseFinishedCallback
 .text.HAL_TIM_TriggerCallback
                0x08004ce8       0x14 ./Drivers/STM32F4xx_HAL_Driver/Src/stm32f4xx_hal_tim.o
                0x08004ce8                HAL_TIM_TriggerCallback
 .text.TIM_Base_SetConfig
                0x08004cfc      0x14c ./Drivers/STM32F4xx_HAL_Driver/Src/stm32f4xx_hal_tim.o
                0x08004cfc                TIM_Base_SetConfig
 .text.HAL_TIMEx_CommutCallback
                0x08004e48       0x14 ./Drivers/STM32F4xx_HAL_Driver/Src/stm32f4xx_hal_tim_ex.o
                0x08004e48                HAL_TIMEx_CommutCallback
 .text.HAL_TIMEx_BreakCallback
                0x08004e5c       0x14 ./Drivers/STM32F4xx_HAL_Driver/Src/stm32f4xx_hal_tim_ex.o
                0x08004e5c                HAL_TIMEx_BreakCallback
 .text.LL_GPIO_SetPinMode
                0x08004e70       0x7a ./Drivers/STM32F4xx_HAL_Driver/Src/stm32f4xx_ll_gpio.o
 .text.LL_GPIO_SetPinOutputType
                0x08004eea       0x30 ./Drivers/STM32F4xx_HAL_Driver/Src/stm32f4xx_ll_gpio.o
 .text.LL_GPIO_SetPinSpeed
                0x08004f1a       0x7a ./Drivers/STM32F4xx_HAL_Driver/Src/stm32f4xx_ll_gpio.o
 .text.LL_GPIO_SetPinPull
                0x08004f94       0x7a ./Drivers/STM32F4xx_HAL_Driver/Src/stm32f4xx_ll_gpio.o
 .text.LL_GPIO_SetAFPin_0_7
                0x0800500e       0x7a ./Drivers/STM32F4xx_HAL_Driver/Src/stm32f4xx_ll_gpio.o
 .text.LL_GPIO_SetAFPin_8_15
                0x08005088       0x7e ./Drivers/STM32F4xx_HAL_Driver/Src/stm32f4xx_ll_gpio.o
 .text.LL_GPIO_Init
                0x08005106      0x102 ./Drivers/STM32F4xx_HAL_Driver/Src/stm32f4xx_ll_gpio.o
                0x08005106                LL_GPIO_Init
 .text.LL_RCC_GetSysClkSource
                0x08005208       0x1c ./Drivers/STM32F4xx_HAL_Driver/Src/stm32f4xx_ll_rcc.o
 .text.LL_RCC_GetAHBPrescaler
                0x08005224       0x1c ./Drivers/STM32F4xx_HAL_Driver/Src/stm32f4xx_ll_rcc.o
 .text.LL_RCC_GetAPB1Prescaler
                0x08005240       0x1c ./Drivers/STM32F4xx_HAL_Driver/Src/stm32f4xx_ll_rcc.o
 .text.LL_RCC_GetAPB2Prescaler
                0x0800525c       0x1c ./Drivers/STM32F4xx_HAL_Driver/Src/stm32f4xx_ll_rcc.o
 .text.LL_RCC_PLL_GetMainSource
                0x08005278       0x1c ./Drivers/STM32F4xx_HAL_Driver/Src/stm32f4xx_ll_rcc.o
 .text.LL_RCC_PLL_GetN
                0x08005294       0x1c ./Drivers/STM32F4xx_HAL_Driver/Src/stm32f4xx_ll_rcc.o
 .text.LL_RCC_PLL_GetP
                0x080052b0       0x1c ./Drivers/STM32F4xx_HAL_Driver/Src/stm32f4xx_ll_rcc.o
 .text.LL_RCC_PLL_GetDivider
                0x080052cc       0x1c ./Drivers/STM32F4xx_HAL_Driver/Src/stm32f4xx_ll_rcc.o
 .text.LL_RCC_GetSystemClocksFreq
                0x080052e8       0x4a ./Drivers/STM32F4xx_HAL_Driver/Src/stm32f4xx_ll_rcc.o
                0x080052e8                LL_RCC_GetSystemClocksFreq
 *fill*         0x08005332        0x2 
 .text.RCC_GetSystemClockFreq
                0x08005334       0x50 ./Drivers/STM32F4xx_HAL_Driver/Src/stm32f4xx_ll_rcc.o
                0x08005334                RCC_GetSystemClockFreq
 .text.RCC_GetHCLKClockFreq
                0x08005384       0x2c ./Drivers/STM32F4xx_HAL_Driver/Src/stm32f4xx_ll_rcc.o
                0x08005384                RCC_GetHCLKClockFreq
 .text.RCC_GetPCLK1ClockFreq
                0x080053b0       0x28 ./Drivers/STM32F4xx_HAL_Driver/Src/stm32f4xx_ll_rcc.o
                0x080053b0                RCC_GetPCLK1ClockFreq
 .text.RCC_GetPCLK2ClockFreq
                0x080053d8       0x28 ./Drivers/STM32F4xx_HAL_Driver/Src/stm32f4xx_ll_rcc.o
                0x080053d8                RCC_GetPCLK2ClockFreq
 .text.RCC_PLL_GetFreqDomain_SYS
                0x08005400       0x7c ./Drivers/STM32F4xx_HAL_Driver/Src/stm32f4xx_ll_rcc.o
                0x08005400                RCC_PLL_GetFreqDomain_SYS
 .text.LL_SPI_IsEnabled
                0x0800547c       0x26 ./Drivers/STM32F4xx_HAL_Driver/Src/stm32f4xx_ll_spi.o
 .text.LL_SPI_SetCRCPolynomial
                0x080054a2       0x20 ./Drivers/STM32F4xx_HAL_Driver/Src/stm32f4xx_ll_spi.o
 .text.LL_SPI_Init
                0x080054c2       0xa4 ./Drivers/STM32F4xx_HAL_Driver/Src/stm32f4xx_ll_spi.o
                0x080054c2                LL_SPI_Init
 .text.LL_USART_IsEnabled
                0x08005566       0x28 ./Drivers/STM32F4xx_HAL_Driver/Src/stm32f4xx_ll_usart.o
 .text.LL_USART_SetStopBitsLength
                0x0800558e       0x26 ./Drivers/STM32F4xx_HAL_Driver/Src/stm32f4xx_ll_usart.o
 .text.LL_USART_SetHWFlowCtrl
                0x080055b4       0x26 ./Drivers/STM32F4xx_HAL_Driver/Src/stm32f4xx_ll_usart.o
 *fill*         0x080055da        0x2 
 .text.LL_USART_SetBaudRate
                0x080055dc      0x45c ./Drivers/STM32F4xx_HAL_Driver/Src/stm32f4xx_ll_usart.o
 .text.LL_USART_Init
                0x08005a38      0x100 ./Drivers/STM32F4xx_HAL_Driver/Src/stm32f4xx_ll_usart.o
                0x08005a38                LL_USART_Init
 .text.vListInitialise
                0x08005b38       0x40 ./ThirdParty/FreeRTOS/list.o
                0x08005b38                vListInitialise
 .text.vListInitialiseItem
                0x08005b78       0x1a ./ThirdParty/FreeRTOS/list.o
                0x08005b78                vListInitialiseItem
 .text.vListInsert
                0x08005b92       0x72 ./ThirdParty/FreeRTOS/list.o
                0x08005b92                vListInsert
 .text.uxListRemove
                0x08005c04       0x54 ./ThirdParty/FreeRTOS/list.o
                0x08005c04                uxListRemove
 .text.prvCreateTask
                0x08005c58       0x78 ./ThirdParty/FreeRTOS/tasks.o
 .text.xTaskCreate
                0x08005cd0       0x46 ./ThirdParty/FreeRTOS/tasks.o
                0x08005cd0                xTaskCreate
 .text.prvInitialiseNewTask
                0x08005d16      0x110 ./ThirdParty/FreeRTOS/tasks.o
 *fill*         0x08005e26        0x2 
 .text.prvAddNewTaskToReadyList
                0x08005e28      0x128 ./ThirdParty/FreeRTOS/tasks.o
 .text.vTaskDelay
                0x08005f50       0x6c ./ThirdParty/FreeRTOS/tasks.o
                0x08005f50                vTaskDelay
 .text.prvCreateIdleTasks
                0x08005fbc       0x94 ./ThirdParty/FreeRTOS/tasks.o
 .text.vTaskStartScheduler
                0x08006050       0x7c ./ThirdParty/FreeRTOS/tasks.o
                0x08006050                vTaskStartScheduler
 .text.vTaskSuspendAll
                0x080060cc       0x1c ./ThirdParty/FreeRTOS/tasks.o
                0x080060cc                vTaskSuspendAll
 .text.xTaskResumeAll
                0x080060e8      0x210 ./ThirdParty/FreeRTOS/tasks.o
                0x080060e8                xTaskResumeAll
 .text.xTaskIncrementTick
                0x080062f8      0x234 ./ThirdParty/FreeRTOS/tasks.o
                0x080062f8                xTaskIncrementTick
 .text.vTaskSwitchContext
                0x0800652c       0xbc ./ThirdParty/FreeRTOS/tasks.o
                0x0800652c                vTaskSwitchContext
 .text.prvIdleTask
                0x080065e8       0x30 ./ThirdParty/FreeRTOS/tasks.o
 .text.prvInitialiseTaskLists
                0x08006618       0x80 ./ThirdParty/FreeRTOS/tasks.o
 .text.prvCheckTasksWaitingTermination
                0x08006698       0x5c ./ThirdParty/FreeRTOS/tasks.o
 .text.prvDeleteTCB
                0x080066f4       0x20 ./ThirdParty/FreeRTOS/tasks.o
 .text.prvResetNextTaskUnblockTime
                0x08006714       0x38 ./ThirdParty/FreeRTOS/tasks.o
 .text.prvAddCurrentTaskToDelayedList
                0x0800674c      0x104 ./ThirdParty/FreeRTOS/tasks.o
 .text.pxPortInitialiseStack
                0x08006850       0x68 ./ThirdParty/FreeRTOS/portable/GCC/ARM_CM4F/port.o
                0x08006850                pxPortInitialiseStack
 .text.prvTaskExitError
                0x080068b8       0x5c ./ThirdParty/FreeRTOS/portable/GCC/ARM_CM4F/port.o
 *fill*         0x08006914        0xc 
 .text.SVC_Handler
                0x08006920       0x28 ./ThirdParty/FreeRTOS/portable/GCC/ARM_CM4F/port.o
                0x08006920                SVC_Handler
 .text.prvPortStartFirstTask
                0x08006948       0x2c ./ThirdParty/FreeRTOS/portable/GCC/ARM_CM4F/port.o
 .text.xPortStartScheduler
                0x08006974      0x1e0 ./ThirdParty/FreeRTOS/portable/GCC/ARM_CM4F/port.o
                0x08006974                xPortStartScheduler
 .text.vPortEnterCritical
                0x08006b54       0x64 ./ThirdParty/FreeRTOS/portable/GCC/ARM_CM4F/port.o
                0x08006b54                vPortEnterCritical
 .text.vPortExitCritical
                0x08006bb8       0x54 ./ThirdParty/FreeRTOS/portable/GCC/ARM_CM4F/port.o
                0x08006bb8                vPortExitCritical
 *fill*         0x08006c0c        0x4 
 .text.PendSV_Handler
                0x08006c10       0x68 ./ThirdParty/FreeRTOS/portable/GCC/ARM_CM4F/port.o
                0x08006c10                PendSV_Handler
 .text.SysTick_Handler
                0x08006c78       0x44 ./ThirdParty/FreeRTOS/portable/GCC/ARM_CM4F/port.o
                0x08006c78                SysTick_Handler
 .text.vPortSetupTimerInterrupt
                0x08006cbc       0x48 ./ThirdParty/FreeRTOS/portable/GCC/ARM_CM4F/port.o
                0x08006cbc                vPortSetupTimerInterrupt
 .text.vPortEnableVFP
                0x08006d04       0x18 ./ThirdParty/FreeRTOS/portable/GCC/ARM_CM4F/port.o
 .text.pvPortMalloc
                0x08006d1c      0x264 ./ThirdParty/FreeRTOS/portable/MemMang/heap_4.o
                0x08006d1c                pvPortMalloc
 .text.vPortFree
                0x08006f80       0xf4 ./ThirdParty/FreeRTOS/portable/MemMang/heap_4.o
                0x08006f80                vPortFree
 .text.prvHeapInit
                0x08007074       0xb4 ./ThirdParty/FreeRTOS/portable/MemMang/heap_4.o
 .text.prvInsertBlockIntoFreeList
                0x08007128       0xf4 ./ThirdParty/FreeRTOS/portable/MemMang/heap_4.o
 .text.atoi     0x0800721c        0x8 C:/ST/STM32CubeIDE_1.15.1/STM32CubeIDE/plugins/com.st.stm32cube.ide.mcu.externaltools.gnu-tools-for-stm32.12.3.rel1.win32_1.0.100.202403111256/tools/bin/../lib/gcc/arm-none-eabi/12.3.1/../../../../arm-none-eabi/lib/thumb/v7e-m+fp/hard\libc_nano.a(libc_a-atoi.o)
                0x0800721c                atoi
 .text._strtol_l.constprop.0
                0x08007224       0xf4 C:/ST/STM32CubeIDE_1.15.1/STM32CubeIDE/plugins/com.st.stm32cube.ide.mcu.externaltools.gnu-tools-for-stm32.12.3.rel1.win32_1.0.100.202403111256/tools/bin/../lib/gcc/arm-none-eabi/12.3.1/../../../../arm-none-eabi/lib/thumb/v7e-m+fp/hard\libc_nano.a(libc_a-strtol.o)
 .text.strtol   0x08007318       0x14 C:/ST/STM32CubeIDE_1.15.1/STM32CubeIDE/plugins/com.st.stm32cube.ide.mcu.externaltools.gnu-tools-for-stm32.12.3.rel1.win32_1.0.100.202403111256/tools/bin/../lib/gcc/arm-none-eabi/12.3.1/../../../../arm-none-eabi/lib/thumb/v7e-m+fp/hard\libc_nano.a(libc_a-strtol.o)
                0x08007318                strtol
 .text.snprintf
                0x0800732c       0x68 C:/ST/STM32CubeIDE_1.15.1/STM32CubeIDE/plugins/com.st.stm32cube.ide.mcu.externaltools.gnu-tools-for-stm32.12.3.rel1.win32_1.0.100.202403111256/tools/bin/../lib/gcc/arm-none-eabi/12.3.1/../../../../arm-none-eabi/lib/thumb/v7e-m+fp/hard\libc_nano.a(libc_a-snprintf.o)
                0x0800732c                sniprintf
                0x0800732c                snprintf
 .text.memset   0x08007394       0x10 C:/ST/STM32CubeIDE_1.15.1/STM32CubeIDE/plugins/com.st.stm32cube.ide.mcu.externaltools.gnu-tools-for-stm32.12.3.rel1.win32_1.0.100.202403111256/tools/bin/../lib/gcc/arm-none-eabi/12.3.1/../../../../arm-none-eabi/lib/thumb/v7e-m+fp/hard\libc_nano.a(libc_a-memset.o)
                0x08007394                memset
 .text.__errno  0x080073a4        0xc C:/ST/STM32CubeIDE_1.15.1/STM32CubeIDE/plugins/com.st.stm32cube.ide.mcu.externaltools.gnu-tools-for-stm32.12.3.rel1.win32_1.0.100.202403111256/tools/bin/../lib/gcc/arm-none-eabi/12.3.1/../../../../arm-none-eabi/lib/thumb/v7e-m+fp/hard\libc_nano.a(libc_a-errno.o)
                0x080073a4                __errno
 .text.__libc_init_array
                0x080073b0       0x48 C:/ST/STM32CubeIDE_1.15.1/STM32CubeIDE/plugins/com.st.stm32cube.ide.mcu.externaltools.gnu-tools-for-stm32.12.3.rel1.win32_1.0.100.202403111256/tools/bin/../lib/gcc/arm-none-eabi/12.3.1/../../../../arm-none-eabi/lib/thumb/v7e-m+fp/hard\libc_nano.a(libc_a-init.o)
                0x080073b0                __libc_init_array
 .text.__retarget_lock_acquire_recursive
                0x080073f8        0x2 C:/ST/STM32CubeIDE_1.15.1/STM32CubeIDE/plugins/com.st.stm32cube.ide.mcu.externaltools.gnu-tools-for-stm32.12.3.rel1.win32_1.0.100.202403111256/tools/bin/../lib/gcc/arm-none-eabi/12.3.1/../../../../arm-none-eabi/lib/thumb/v7e-m+fp/hard\libc_nano.a(libc_a-lock.o)
                0x080073f8                __retarget_lock_acquire_recursive
 .text.__retarget_lock_release_recursive
                0x080073fa        0x2 C:/ST/STM32CubeIDE_1.15.1/STM32CubeIDE/plugins/com.st.stm32cube.ide.mcu.externaltools.gnu-tools-for-stm32.12.3.rel1.win32_1.0.100.202403111256/tools/bin/../lib/gcc/arm-none-eabi/12.3.1/../../../../arm-none-eabi/lib/thumb/v7e-m+fp/hard\libc_nano.a(libc_a-lock.o)
                0x080073fa                __retarget_lock_release_recursive
 .text.strcpy   0x080073fc       0x10 C:/ST/STM32CubeIDE_1.15.1/STM32CubeIDE/plugins/com.st.stm32cube.ide.mcu.externaltools.gnu-tools-for-stm32.12.3.rel1.win32_1.0.100.202403111256/tools/bin/../lib/gcc/arm-none-eabi/12.3.1/../../../../arm-none-eabi/lib/thumb/v7e-m+fp/hard\libc_nano.a(libc_a-strcpy.o)
                0x080073fc                strcpy
 .text.memcpy   0x0800740c       0x1c C:/ST/STM32CubeIDE_1.15.1/STM32CubeIDE/plugins/com.st.stm32cube.ide.mcu.externaltools.gnu-tools-for-stm32.12.3.rel1.win32_1.0.100.202403111256/tools/bin/../lib/gcc/arm-none-eabi/12.3.1/../../../../arm-none-eabi/lib/thumb/v7e-m+fp/hard\libc_nano.a(libc_a-memcpy-stub.o)
                0x0800740c                memcpy
 .text._free_r  0x08007428       0x94 C:/ST/STM32CubeIDE_1.15.1/STM32CubeIDE/plugins/com.st.stm32cube.ide.mcu.externaltools.gnu-tools-for-stm32.12.3.rel1.win32_1.0.100.202403111256/tools/bin/../lib/gcc/arm-none-eabi/12.3.1/../../../../arm-none-eabi/lib/thumb/v7e-m+fp/hard\libc_nano.a(libc_a-freer.o)
                0x08007428                _free_r
 .text.sbrk_aligned
                0x080074bc       0x44 C:/ST/STM32CubeIDE_1.15.1/STM32CubeIDE/plugins/com.st.stm32cube.ide.mcu.externaltools.gnu-tools-for-stm32.12.3.rel1.win32_1.0.100.202403111256/tools/bin/../lib/gcc/arm-none-eabi/12.3.1/../../../../arm-none-eabi/lib/thumb/v7e-m+fp/hard\libc_nano.a(libc_a-mallocr.o)
 .text._malloc_r
                0x08007500      0x100 C:/ST/STM32CubeIDE_1.15.1/STM32CubeIDE/plugins/com.st.stm32cube.ide.mcu.externaltools.gnu-tools-for-stm32.12.3.rel1.win32_1.0.100.202403111256/tools/bin/../lib/gcc/arm-none-eabi/12.3.1/../../../../arm-none-eabi/lib/thumb/v7e-m+fp/hard\libc_nano.a(libc_a-mallocr.o)
                0x08007500                _malloc_r
 .text.__malloc_lock
                0x08007600        0xc C:/ST/STM32CubeIDE_1.15.1/STM32CubeIDE/plugins/com.st.stm32cube.ide.mcu.externaltools.gnu-tools-for-stm32.12.3.rel1.win32_1.0.100.202403111256/tools/bin/../lib/gcc/arm-none-eabi/12.3.1/../../../../arm-none-eabi/lib/thumb/v7e-m+fp/hard\libc_nano.a(libc_a-mlock.o)
                0x08007600                __malloc_lock
 .text.__malloc_unlock
                0x0800760c        0xc C:/ST/STM32CubeIDE_1.15.1/STM32CubeIDE/plugins/com.st.stm32cube.ide.mcu.externaltools.gnu-tools-for-stm32.12.3.rel1.win32_1.0.100.202403111256/tools/bin/../lib/gcc/arm-none-eabi/12.3.1/../../../../arm-none-eabi/lib/thumb/v7e-m+fp/hard\libc_nano.a(libc_a-mlock.o)
                0x0800760c                __malloc_unlock
 .text.__ssputs_r
                0x08007618       0xb6 C:/ST/STM32CubeIDE_1.15.1/STM32CubeIDE/plugins/com.st.stm32cube.ide.mcu.externaltools.gnu-tools-for-stm32.12.3.rel1.win32_1.0.100.202403111256/tools/bin/../lib/gcc/arm-none-eabi/12.3.1/../../../../arm-none-eabi/lib/thumb/v7e-m+fp/hard\libc_nano.a(libc_a-nano-svfprintf.o)
                0x08007618                __ssputs_r
 *fill*         0x080076ce        0x2 
 .text._svfprintf_r
                0x080076d0      0x1f8 C:/ST/STM32CubeIDE_1.15.1/STM32CubeIDE/plugins/com.st.stm32cube.ide.mcu.externaltools.gnu-tools-for-stm32.12.3.rel1.win32_1.0.100.202403111256/tools/bin/../lib/gcc/arm-none-eabi/12.3.1/../../../../arm-none-eabi/lib/thumb/v7e-m+fp/hard\libc_nano.a(libc_a-nano-svfprintf.o)
                0x080076d0                _svfiprintf_r
                0x080076d0                _svfprintf_r
 .text._printf_common
                0x080078c8       0xda C:/ST/STM32CubeIDE_1.15.1/STM32CubeIDE/plugins/com.st.stm32cube.ide.mcu.externaltools.gnu-tools-for-stm32.12.3.rel1.win32_1.0.100.202403111256/tools/bin/../lib/gcc/arm-none-eabi/12.3.1/../../../../arm-none-eabi/lib/thumb/v7e-m+fp/hard\libc_nano.a(libc_a-nano-vfprintf_i.o)
                0x080078c8                _printf_common
 *fill*         0x080079a2        0x2 
 .text._printf_i
                0x080079a4      0x240 C:/ST/STM32CubeIDE_1.15.1/STM32CubeIDE/plugins/com.st.stm32cube.ide.mcu.externaltools.gnu-tools-for-stm32.12.3.rel1.win32_1.0.100.202403111256/tools/bin/../lib/gcc/arm-none-eabi/12.3.1/../../../../arm-none-eabi/lib/thumb/v7e-m+fp/hard\libc_nano.a(libc_a-nano-vfprintf_i.o)
                0x080079a4                _printf_i
 .text.memmove  0x08007be4       0x34 C:/ST/STM32CubeIDE_1.15.1/STM32CubeIDE/plugins/com.st.stm32cube.ide.mcu.externaltools.gnu-tools-for-stm32.12.3.rel1.win32_1.0.100.202403111256/tools/bin/../lib/gcc/arm-none-eabi/12.3.1/../../../../arm-none-eabi/lib/thumb/v7e-m+fp/hard\libc_nano.a(libc_a-memmove.o)
                0x08007be4                memmove
 .text._sbrk_r  0x08007c18       0x20 C:/ST/STM32CubeIDE_1.15.1/STM32CubeIDE/plugins/com.st.stm32cube.ide.mcu.externaltools.gnu-tools-for-stm32.12.3.rel1.win32_1.0.100.202403111256/tools/bin/../lib/gcc/arm-none-eabi/12.3.1/../../../../arm-none-eabi/lib/thumb/v7e-m+fp/hard\libc_nano.a(libc_a-sbrkr.o)
                0x08007c18                _sbrk_r
 .text._realloc_r
                0x08007c38       0x5c C:/ST/STM32CubeIDE_1.15.1/STM32CubeIDE/plugins/com.st.stm32cube.ide.mcu.externaltools.gnu-tools-for-stm32.12.3.rel1.win32_1.0.100.202403111256/tools/bin/../lib/gcc/arm-none-eabi/12.3.1/../../../../arm-none-eabi/lib/thumb/v7e-m+fp/hard\libc_nano.a(libc_a-reallocr.o)
                0x08007c38                _realloc_r
 .text._malloc_usable_size_r
                0x08007c94       0x10 C:/ST/STM32CubeIDE_1.15.1/STM32CubeIDE/plugins/com.st.stm32cube.ide.mcu.externaltools.gnu-tools-for-stm32.12.3.rel1.win32_1.0.100.202403111256/tools/bin/../lib/gcc/arm-none-eabi/12.3.1/../../../../arm-none-eabi/lib/thumb/v7e-m+fp/hard\libc_nano.a(libc_a-msizer.o)
                0x08007c94                _malloc_usable_size_r
 *(.glue_7)
 .glue_7        0x08007ca4        0x0 linker stubs
 *(.glue_7t)
 .glue_7t       0x08007ca4        0x0 linker stubs
 *(.eh_frame)
 .eh_frame      0x08007ca4        0x0 C:/ST/STM32CubeIDE_1.15.1/STM32CubeIDE/plugins/com.st.stm32cube.ide.mcu.externaltools.gnu-tools-for-stm32.12.3.rel1.win32_1.0.100.202403111256/tools/bin/../lib/gcc/arm-none-eabi/12.3.1/thumb/v7e-m+fp/hard/crtbegin.o
 *(.init)
 .init          0x08007ca4        0x4 C:/ST/STM32CubeIDE_1.15.1/STM32CubeIDE/plugins/com.st.stm32cube.ide.mcu.externaltools.gnu-tools-for-stm32.12.3.rel1.win32_1.0.100.202403111256/tools/bin/../lib/gcc/arm-none-eabi/12.3.1/thumb/v7e-m+fp/hard/crti.o
                0x08007ca4                _init
 .init          0x08007ca8        0x8 C:/ST/STM32CubeIDE_1.15.1/STM32CubeIDE/plugins/com.st.stm32cube.ide.mcu.externaltools.gnu-tools-for-stm32.12.3.rel1.win32_1.0.100.202403111256/tools/bin/../lib/gcc/arm-none-eabi/12.3.1/thumb/v7e-m+fp/hard/crtn.o
 *(.fini)
 .fini          0x08007cb0        0x4 C:/ST/STM32CubeIDE_1.15.1/STM32CubeIDE/plugins/com.st.stm32cube.ide.mcu.externaltools.gnu-tools-for-stm32.12.3.rel1.win32_1.0.100.202403111256/tools/bin/../lib/gcc/arm-none-eabi/12.3.1/thumb/v7e-m+fp/hard/crti.o
                0x08007cb0                _fini
 .fini          0x08007cb4        0x8 C:/ST/STM32CubeIDE_1.15.1/STM32CubeIDE/plugins/com.st.stm32cube.ide.mcu.externaltools.gnu-tools-for-stm32.12.3.rel1.win32_1.0.100.202403111256/tools/bin/../lib/gcc/arm-none-eabi/12.3.1/thumb/v7e-m+fp/hard/crtn.o
                0x08007cbc                        . = ALIGN (0x4)
                0x08007cbc                        _etext = .

.vfp11_veneer   0x08007cbc        0x0
 .vfp11_veneer  0x08007cbc        0x0 linker stubs

.v4_bx          0x08007cbc        0x0
 .v4_bx         0x08007cbc        0x0 linker stubs

.iplt           0x08007cbc        0x0
 .iplt          0x08007cbc        0x0 C:/ST/STM32CubeIDE_1.15.1/STM32CubeIDE/plugins/com.st.stm32cube.ide.mcu.externaltools.gnu-tools-for-stm32.12.3.rel1.win32_1.0.100.202403111256/tools/bin/../lib/gcc/arm-none-eabi/12.3.1/thumb/v7e-m+fp/hard/crtbegin.o

.rodata         0x08007cbc      0x5f0
                0x08007cbc                        . = ALIGN (0x4)
 *(.rodata)
 .rodata        0x08007cbc      0x483 ./App/CMDLine/command.o
 *fill*         0x0800813f        0x1 
 .rodata        0x08008140       0x17 ./Core/Src/main.o
 *fill*         0x08008157        0x1 
 .rodata        0x08008158        0x5 ./ThirdParty/FreeRTOS/tasks.o
 *(.rodata*)
 *fill*         0x0800815d        0x3 
 .rodata.AHBPrescTable
                0x08008160       0x10 ./Core/Src/system_stm32f4xx.o
                0x08008160                AHBPrescTable
 .rodata.APBPrescTable
                0x08008170        0x8 ./Core/Src/system_stm32f4xx.o
                0x08008170                APBPrescTable
 .rodata._ctype_
                0x08008178      0x101 C:/ST/STM32CubeIDE_1.15.1/STM32CubeIDE/plugins/com.st.stm32cube.ide.mcu.externaltools.gnu-tools-for-stm32.12.3.rel1.win32_1.0.100.202403111256/tools/bin/../lib/gcc/arm-none-eabi/12.3.1/../../../../arm-none-eabi/lib/thumb/v7e-m+fp/hard\libc_nano.a(libc_a-ctype_.o)
                0x08008178                _ctype_
 .rodata._svfprintf_r.str1.1
                0x08008279       0x11 C:/ST/STM32CubeIDE_1.15.1/STM32CubeIDE/plugins/com.st.stm32cube.ide.mcu.externaltools.gnu-tools-for-stm32.12.3.rel1.win32_1.0.100.202403111256/tools/bin/../lib/gcc/arm-none-eabi/12.3.1/../../../../arm-none-eabi/lib/thumb/v7e-m+fp/hard\libc_nano.a(libc_a-nano-svfprintf.o)
 .rodata._printf_i.str1.1
                0x0800828a       0x22 C:/ST/STM32CubeIDE_1.15.1/STM32CubeIDE/plugins/com.st.stm32cube.ide.mcu.externaltools.gnu-tools-for-stm32.12.3.rel1.win32_1.0.100.202403111256/tools/bin/../lib/gcc/arm-none-eabi/12.3.1/../../../../arm-none-eabi/lib/thumb/v7e-m+fp/hard\libc_nano.a(libc_a-nano-vfprintf_i.o)
                0x080082ac                        . = ALIGN (0x4)

.ARM.extab      0x080082ac        0x0
                0x080082ac                        . = ALIGN (0x4)
 *(.ARM.extab* .gnu.linkonce.armextab.*)
                0x080082ac                        . = ALIGN (0x4)

.ARM            0x080082ac        0x8
                0x080082ac                        . = ALIGN (0x4)
                0x080082ac                        __exidx_start = .
 *(.ARM.exidx*)
 .ARM.exidx     0x080082ac        0x8 C:/ST/STM32CubeIDE_1.15.1/STM32CubeIDE/plugins/com.st.stm32cube.ide.mcu.externaltools.gnu-tools-for-stm32.12.3.rel1.win32_1.0.100.202403111256/tools/bin/../lib/gcc/arm-none-eabi/12.3.1/../../../../arm-none-eabi/lib/thumb/v7e-m+fp/hard\libc_nano.a(libc_a-strcmp.o)
 .ARM.exidx     0x080082b4        0x0 C:/ST/STM32CubeIDE_1.15.1/STM32CubeIDE/plugins/com.st.stm32cube.ide.mcu.externaltools.gnu-tools-for-stm32.12.3.rel1.win32_1.0.100.202403111256/tools/bin/../lib/gcc/arm-none-eabi/12.3.1/../../../../arm-none-eabi/lib/thumb/v7e-m+fp/hard\libc_nano.a(libc_a-strlen.o)
                                  0x8 (size before relaxing)
 .ARM.exidx     0x080082b4        0x0 C:/ST/STM32CubeIDE_1.15.1/STM32CubeIDE/plugins/com.st.stm32cube.ide.mcu.externaltools.gnu-tools-for-stm32.12.3.rel1.win32_1.0.100.202403111256/tools/bin/../lib/gcc/arm-none-eabi/12.3.1/../../../../arm-none-eabi/lib/thumb/v7e-m+fp/hard\libc_nano.a(libc_a-memchr.o)
                                  0x8 (size before relaxing)
 .ARM.exidx     0x080082b4        0x0 C:/ST/STM32CubeIDE_1.15.1/STM32CubeIDE/plugins/com.st.stm32cube.ide.mcu.externaltools.gnu-tools-for-stm32.12.3.rel1.win32_1.0.100.202403111256/tools/bin/../lib/gcc/arm-none-eabi/12.3.1/thumb/v7e-m+fp/hard\libgcc.a(_udivmoddi4.o)
                                  0x8 (size before relaxing)
                0x080082b4                        __exidx_end = .
                0x080082b4                        . = ALIGN (0x4)

.preinit_array  0x080082b4        0x0
                0x080082b4                        . = ALIGN (0x4)
                0x080082b4                        PROVIDE (__preinit_array_start = .)
 *(.preinit_array*)
                0x080082b4                        PROVIDE (__preinit_array_end = .)
                0x080082b4                        . = ALIGN (0x4)

.init_array     0x080082b4        0x4
                0x080082b4                        . = ALIGN (0x4)
                0x080082b4                        PROVIDE (__init_array_start = .)
 *(SORT_BY_NAME(.init_array.*))
 *(.init_array*)
 .init_array    0x080082b4        0x4 C:/ST/STM32CubeIDE_1.15.1/STM32CubeIDE/plugins/com.st.stm32cube.ide.mcu.externaltools.gnu-tools-for-stm32.12.3.rel1.win32_1.0.100.202403111256/tools/bin/../lib/gcc/arm-none-eabi/12.3.1/thumb/v7e-m+fp/hard/crtbegin.o
                0x080082b8                        PROVIDE (__init_array_end = .)
                0x080082b8                        . = ALIGN (0x4)

.fini_array     0x080082b8        0x4
                0x080082b8                        . = ALIGN (0x4)
                [!provide]                        PROVIDE (__fini_array_start = .)
 *(SORT_BY_NAME(.fini_array.*))
 *(.fini_array*)
 .fini_array    0x080082b8        0x4 C:/ST/STM32CubeIDE_1.15.1/STM32CubeIDE/plugins/com.st.stm32cube.ide.mcu.externaltools.gnu-tools-for-stm32.12.3.rel1.win32_1.0.100.202403111256/tools/bin/../lib/gcc/arm-none-eabi/12.3.1/thumb/v7e-m+fp/hard/crtbegin.o
                [!provide]                        PROVIDE (__fini_array_end = .)
                0x080082bc                        . = ALIGN (0x4)
                0x080082bc                        _sidata = LOADADDR (.data)

.rel.dyn        0x080082bc        0x0
 .rel.iplt      0x080082bc        0x0 C:/ST/STM32CubeIDE_1.15.1/STM32CubeIDE/plugins/com.st.stm32cube.ide.mcu.externaltools.gnu-tools-for-stm32.12.3.rel1.win32_1.0.100.202403111256/tools/bin/../lib/gcc/arm-none-eabi/12.3.1/thumb/v7e-m+fp/hard/crtbegin.o

.data           0x20000000      0x130 load address 0x080082bc
                0x20000000                        . = ALIGN (0x4)
                0x20000000                        _sdata = .
 *(.data)
 *(.data*)
 .data.ErrorCode
                0x20000000       0x18 ./App/CMDLine/command.o
                0x20000000                ErrorCode
 .data.g_psCmdTable
                0x20000018       0x84 ./App/CMDLine/command.o
                0x20000018                g_psCmdTable
 .data.usart_buffers
                0x2000009c       0x24 ./App/UART/uart.o
                0x2000009c                usart_buffers
 .data.W25Q     0x200000c0        0xc ./App/w25q_driver/w25q_driver.o
                0x200000c0                W25Q
 .data.SystemCoreClock
                0x200000cc        0x4 ./Core/Src/system_stm32f4xx.o
                0x200000cc                SystemCoreClock
 .data.uwTickPrio
                0x200000d0        0x4 ./Drivers/STM32F4xx_HAL_Driver/Src/stm32f4xx_hal.o
                0x200000d0                uwTickPrio
 .data.uwTickFreq
                0x200000d4        0x1 ./Drivers/STM32F4xx_HAL_Driver/Src/stm32f4xx_hal.o
                0x200000d4                uwTickFreq
 *fill*         0x200000d5        0x3 
 .data.uxTopUsedPriority
                0x200000d8        0x4 ./ThirdParty/FreeRTOS/tasks.o
 .data.uxCriticalNesting
                0x200000dc        0x4 ./ThirdParty/FreeRTOS/portable/GCC/ARM_CM4F/port.o
 .data._impure_ptr
                0x200000e0        0x4 C:/ST/STM32CubeIDE_1.15.1/STM32CubeIDE/plugins/com.st.stm32cube.ide.mcu.externaltools.gnu-tools-for-stm32.12.3.rel1.win32_1.0.100.202403111256/tools/bin/../lib/gcc/arm-none-eabi/12.3.1/../../../../arm-none-eabi/lib/thumb/v7e-m+fp/hard\libc_nano.a(libc_a-impure.o)
                0x200000e0                _impure_ptr
 .data._impure_data
                0x200000e4       0x4c C:/ST/STM32CubeIDE_1.15.1/STM32CubeIDE/plugins/com.st.stm32cube.ide.mcu.externaltools.gnu-tools-for-stm32.12.3.rel1.win32_1.0.100.202403111256/tools/bin/../lib/gcc/arm-none-eabi/12.3.1/../../../../arm-none-eabi/lib/thumb/v7e-m+fp/hard\libc_nano.a(libc_a-impure.o)
                0x200000e4                _impure_data
 *(.RamFunc)
 *(.RamFunc*)
                0x20000130                        . = ALIGN (0x4)
                0x20000130                        _edata = .
                0x080083ec                        _siccmram = LOADADDR (.ccmram)

.igot.plt       0x20000130        0x0 load address 0x080083ec
 .igot.plt      0x20000130        0x0 C:/ST/STM32CubeIDE_1.15.1/STM32CubeIDE/plugins/com.st.stm32cube.ide.mcu.externaltools.gnu-tools-for-stm32.12.3.rel1.win32_1.0.100.202403111256/tools/bin/../lib/gcc/arm-none-eabi/12.3.1/thumb/v7e-m+fp/hard/crtbegin.o

.ccmram         0x10000000        0x0 load address 0x080083ec
                0x10000000                        . = ALIGN (0x4)
                0x10000000                        _sccmram = .
 *(.ccmram)
 *(.ccmram*)
                0x10000000                        . = ALIGN (0x4)
                0x10000000                        _eccmram = .
                0x10000000                        . = ALIGN (0x4)

.bss            0x20000130     0xb0f0
                0x20000130                        _sbss = .
                0x20000130                        __bss_start__ = _sbss
 *(.bss)
 .bss           0x20000130       0x1c C:/ST/STM32CubeIDE_1.15.1/STM32CubeIDE/plugins/com.st.stm32cube.ide.mcu.externaltools.gnu-tools-for-stm32.12.3.rel1.win32_1.0.100.202403111256/tools/bin/../lib/gcc/arm-none-eabi/12.3.1/thumb/v7e-m+fp/hard/crtbegin.o
 *(.bss*)
 .bss.g_ppcArgv
                0x2000014c       0x24 ./App/CMDLine/cmdline.o
 .bss.UART_CMDLINE
                0x20000170        0x4 ./App/CMDLine/command.o
                0x20000170                UART_CMDLINE
 .bss.pContext  0x20000174      0x246 ./App/CMDLine/command.o
                0x20000174                pContext
 *fill*         0x200003ba        0x2 
 .bss.s_commandBuffer
                0x200003bc       0x40 ./App/CMDLine/command.o
 .bss.s_commandBufferIndex
                0x200003fc        0x1 ./App/CMDLine/command.o
 *fill*         0x200003fd        0x3 
 .bss.EEPROM1   0x20000400        0xc ./App/CMDLine/command.o
 .bss.test_data.3
                0x2000040c      0x400 ./App/CMDLine/command.o
 .bss.read_data.2
                0x2000080c      0x400 ./App/CMDLine/command.o
 .bss.buf.1     0x20000c0c      0x100 ./App/CMDLine/command.o
 .bss.buf.0     0x20000d0c      0x100 ./App/CMDLine/command.o
 .bss.usart1_rx_data
                0x20000e0c       0x80 ./App/UART/uart.o
                0x20000e0c                usart1_rx_data
 .bss.usart1_tx_data
                0x20000e8c       0x80 ./App/UART/uart.o
                0x20000e8c                usart1_tx_data
 .bss.hi2c1     0x20000f0c       0x54 ./Core/Src/main.o
                0x20000f0c                hi2c1
 .bss.htim1     0x20000f60       0x48 ./Core/Src/stm32f4xx_hal_timebase_tim.o
                0x20000f60                htim1
 .bss.__sbrk_heap_end
                0x20000fa8        0x4 ./Core/Src/sysmem.o
 .bss.uwTick    0x20000fac        0x4 ./Drivers/STM32F4xx_HAL_Driver/Src/stm32f4xx_hal.o
                0x20000fac                uwTick
 .bss.pxCurrentTCB
                0x20000fb0        0x4 ./ThirdParty/FreeRTOS/tasks.o
                0x20000fb0                pxCurrentTCB
 .bss.pxReadyTasksLists
                0x20000fb4       0x64 ./ThirdParty/FreeRTOS/tasks.o
 .bss.xDelayedTaskList1
                0x20001018       0x14 ./ThirdParty/FreeRTOS/tasks.o
 .bss.xDelayedTaskList2
                0x2000102c       0x14 ./ThirdParty/FreeRTOS/tasks.o
 .bss.pxDelayedTaskList
                0x20001040        0x4 ./ThirdParty/FreeRTOS/tasks.o
 .bss.pxOverflowDelayedTaskList
                0x20001044        0x4 ./ThirdParty/FreeRTOS/tasks.o
 .bss.xPendingReadyList
                0x20001048       0x14 ./ThirdParty/FreeRTOS/tasks.o
 .bss.xTasksWaitingTermination
                0x2000105c       0x14 ./ThirdParty/FreeRTOS/tasks.o
 .bss.uxDeletedTasksWaitingCleanUp
                0x20001070        0x4 ./ThirdParty/FreeRTOS/tasks.o
 .bss.xSuspendedTaskList
                0x20001074       0x14 ./ThirdParty/FreeRTOS/tasks.o
 .bss.uxCurrentNumberOfTasks
                0x20001088        0x4 ./ThirdParty/FreeRTOS/tasks.o
 .bss.xTickCount
                0x2000108c        0x4 ./ThirdParty/FreeRTOS/tasks.o
 .bss.uxTopReadyPriority
                0x20001090        0x4 ./ThirdParty/FreeRTOS/tasks.o
 .bss.xSchedulerRunning
                0x20001094        0x4 ./ThirdParty/FreeRTOS/tasks.o
 .bss.xPendedTicks
                0x20001098        0x4 ./ThirdParty/FreeRTOS/tasks.o
 .bss.xYieldPendings
                0x2000109c        0x4 ./ThirdParty/FreeRTOS/tasks.o
 .bss.xNumOfOverflows
                0x200010a0        0x4 ./ThirdParty/FreeRTOS/tasks.o
 .bss.uxTaskNumber
                0x200010a4        0x4 ./ThirdParty/FreeRTOS/tasks.o
 .bss.xNextTaskUnblockTime
                0x200010a8        0x4 ./ThirdParty/FreeRTOS/tasks.o
 .bss.xIdleTaskHandles
                0x200010ac        0x4 ./ThirdParty/FreeRTOS/tasks.o
 .bss.uxSchedulerSuspended
                0x200010b0        0x4 ./ThirdParty/FreeRTOS/tasks.o
 .bss.ucMaxSysCallPriority
                0x200010b4        0x1 ./ThirdParty/FreeRTOS/portable/GCC/ARM_CM4F/port.o
 *fill*         0x200010b5        0x3 
 .bss.ulMaxPRIGROUPValue
                0x200010b8        0x4 ./ThirdParty/FreeRTOS/portable/GCC/ARM_CM4F/port.o
 .bss.ucHeap    0x200010bc     0xa000 ./ThirdParty/FreeRTOS/portable/MemMang/heap_4.o
 .bss.xStart    0x2000b0bc        0x8 ./ThirdParty/FreeRTOS/portable/MemMang/heap_4.o
 .bss.pxEnd     0x2000b0c4        0x4 ./ThirdParty/FreeRTOS/portable/MemMang/heap_4.o
 .bss.xFreeBytesRemaining
                0x2000b0c8        0x4 ./ThirdParty/FreeRTOS/portable/MemMang/heap_4.o
 .bss.xMinimumEverFreeBytesRemaining
                0x2000b0cc        0x4 ./ThirdParty/FreeRTOS/portable/MemMang/heap_4.o
 .bss.xNumberOfSuccessfulAllocations
                0x2000b0d0        0x4 ./ThirdParty/FreeRTOS/portable/MemMang/heap_4.o
 .bss.xNumberOfSuccessfulFrees
                0x2000b0d4        0x4 ./ThirdParty/FreeRTOS/portable/MemMang/heap_4.o
 .bss.__sf      0x2000b0d8      0x138 C:/ST/STM32CubeIDE_1.15.1/STM32CubeIDE/plugins/com.st.stm32cube.ide.mcu.externaltools.gnu-tools-for-stm32.12.3.rel1.win32_1.0.100.202403111256/tools/bin/../lib/gcc/arm-none-eabi/12.3.1/../../../../arm-none-eabi/lib/thumb/v7e-m+fp/hard\libc_nano.a(libc_a-findfp.o)
                0x2000b0d8                __sf
 .bss.errno     0x2000b210        0x4 C:/ST/STM32CubeIDE_1.15.1/STM32CubeIDE/plugins/com.st.stm32cube.ide.mcu.externaltools.gnu-tools-for-stm32.12.3.rel1.win32_1.0.100.202403111256/tools/bin/../lib/gcc/arm-none-eabi/12.3.1/../../../../arm-none-eabi/lib/thumb/v7e-m+fp/hard\libc_nano.a(libc_a-reent.o)
                0x2000b210                errno
 .bss.__lock___malloc_recursive_mutex
                0x2000b214        0x1 C:/ST/STM32CubeIDE_1.15.1/STM32CubeIDE/plugins/com.st.stm32cube.ide.mcu.externaltools.gnu-tools-for-stm32.12.3.rel1.win32_1.0.100.202403111256/tools/bin/../lib/gcc/arm-none-eabi/12.3.1/../../../../arm-none-eabi/lib/thumb/v7e-m+fp/hard\libc_nano.a(libc_a-lock.o)
                0x2000b214                __lock___malloc_recursive_mutex
 *fill*         0x2000b215        0x3 
 .bss.__malloc_sbrk_start
                0x2000b218        0x4 C:/ST/STM32CubeIDE_1.15.1/STM32CubeIDE/plugins/com.st.stm32cube.ide.mcu.externaltools.gnu-tools-for-stm32.12.3.rel1.win32_1.0.100.202403111256/tools/bin/../lib/gcc/arm-none-eabi/12.3.1/../../../../arm-none-eabi/lib/thumb/v7e-m+fp/hard\libc_nano.a(libc_a-mallocr.o)
                0x2000b218                __malloc_sbrk_start
 .bss.__malloc_free_list
                0x2000b21c        0x4 C:/ST/STM32CubeIDE_1.15.1/STM32CubeIDE/plugins/com.st.stm32cube.ide.mcu.externaltools.gnu-tools-for-stm32.12.3.rel1.win32_1.0.100.202403111256/tools/bin/../lib/gcc/arm-none-eabi/12.3.1/../../../../arm-none-eabi/lib/thumb/v7e-m+fp/hard\libc_nano.a(libc_a-mallocr.o)
                0x2000b21c                __malloc_free_list
 *(COMMON)
                0x2000b220                        . = ALIGN (0x4)
                0x2000b220                        _ebss = .
                0x2000b220                        __bss_end__ = _ebss

._user_heap_stack
                0x2000b220      0x600
                0x2000b220                        . = ALIGN (0x8)
                [!provide]                        PROVIDE (end = .)
                0x2000b220                        PROVIDE (_end = .)
                0x2000b420                        . = (. + _Min_Heap_Size)
 *fill*         0x2000b220      0x200 
                0x2000b820                        . = (. + _Min_Stack_Size)
 *fill*         0x2000b420      0x400 
                0x2000b820                        . = ALIGN (0x8)

/DISCARD/
 libc.a(*)
 libm.a(*)
 libgcc.a(*)

.ARM.attributes
                0x00000000       0x30
 *(.ARM.attributes)
 .ARM.attributes
                0x00000000       0x22 C:/ST/STM32CubeIDE_1.15.1/STM32CubeIDE/plugins/com.st.stm32cube.ide.mcu.externaltools.gnu-tools-for-stm32.12.3.rel1.win32_1.0.100.202403111256/tools/bin/../lib/gcc/arm-none-eabi/12.3.1/thumb/v7e-m+fp/hard/crti.o
 .ARM.attributes
                0x00000022       0x34 C:/ST/STM32CubeIDE_1.15.1/STM32CubeIDE/plugins/com.st.stm32cube.ide.mcu.externaltools.gnu-tools-for-stm32.12.3.rel1.win32_1.0.100.202403111256/tools/bin/../lib/gcc/arm-none-eabi/12.3.1/thumb/v7e-m+fp/hard/crtbegin.o
 .ARM.attributes
                0x00000056       0x34 ./App/CMDLine/cmdline.o
 .ARM.attributes
                0x0000008a       0x34 ./App/CMDLine/command.o
 .ARM.attributes
                0x000000be       0x34 ./App/UART/uart.o
 .ARM.attributes
                0x000000f2       0x34 ./App/i2c_eeprom_driver/i2c_eeprom.o
 .ARM.attributes
                0x00000126       0x34 ./App/w25q_driver/w25q_driver.o
 .ARM.attributes
                0x0000015a       0x34 ./Core/Src/main.o
 .ARM.attributes
                0x0000018e       0x34 ./Core/Src/stm32f4xx_hal_msp.o
 .ARM.attributes
                0x000001c2       0x34 ./Core/Src/stm32f4xx_hal_timebase_tim.o
 .ARM.attributes
                0x000001f6       0x34 ./Core/Src/stm32f4xx_it.o
 .ARM.attributes
                0x0000022a       0x34 ./Core/Src/sysmem.o
 .ARM.attributes
                0x0000025e       0x34 ./Core/Src/system_stm32f4xx.o
 .ARM.attributes
                0x00000292       0x21 ./Core/Startup/startup_stm32f407vetx.o
 .ARM.attributes
                0x000002b3       0x34 ./Drivers/STM32F4xx_HAL_Driver/Src/stm32f4xx_hal.o
 .ARM.attributes
                0x000002e7       0x34 ./Drivers/STM32F4xx_HAL_Driver/Src/stm32f4xx_hal_cortex.o
 .ARM.attributes
                0x0000031b       0x34 ./Drivers/STM32F4xx_HAL_Driver/Src/stm32f4xx_hal_gpio.o
 .ARM.attributes
                0x0000034f       0x34 ./Drivers/STM32F4xx_HAL_Driver/Src/stm32f4xx_hal_i2c.o
 .ARM.attributes
                0x00000383       0x34 ./Drivers/STM32F4xx_HAL_Driver/Src/stm32f4xx_hal_rcc.o
 .ARM.attributes
                0x000003b7       0x34 ./Drivers/STM32F4xx_HAL_Driver/Src/stm32f4xx_hal_tim.o
 .ARM.attributes
                0x000003eb       0x34 ./Drivers/STM32F4xx_HAL_Driver/Src/stm32f4xx_hal_tim_ex.o
 .ARM.attributes
                0x0000041f       0x34 ./Drivers/STM32F4xx_HAL_Driver/Src/stm32f4xx_ll_gpio.o
 .ARM.attributes
                0x00000453       0x34 ./Drivers/STM32F4xx_HAL_Driver/Src/stm32f4xx_ll_rcc.o
 .ARM.attributes
                0x00000487       0x34 ./Drivers/STM32F4xx_HAL_Driver/Src/stm32f4xx_ll_spi.o
 .ARM.attributes
                0x000004bb       0x34 ./Drivers/STM32F4xx_HAL_Driver/Src/stm32f4xx_ll_usart.o
 .ARM.attributes
                0x000004ef       0x34 ./ThirdParty/FreeRTOS/list.o
 .ARM.attributes
                0x00000523       0x34 ./ThirdParty/FreeRTOS/tasks.o
 .ARM.attributes
                0x00000557       0x34 ./ThirdParty/FreeRTOS/portable/GCC/ARM_CM4F/port.o
 .ARM.attributes
                0x0000058b       0x34 ./ThirdParty/FreeRTOS/portable/MemMang/heap_4.o
 .ARM.attributes
                0x000005bf       0x34 C:/ST/STM32CubeIDE_1.15.1/STM32CubeIDE/plugins/com.st.stm32cube.ide.mcu.externaltools.gnu-tools-for-stm32.12.3.rel1.win32_1.0.100.202403111256/tools/bin/../lib/gcc/arm-none-eabi/12.3.1/../../../../arm-none-eabi/lib/thumb/v7e-m+fp/hard\libc_nano.a(libc_a-atoi.o)
 .ARM.attributes
                0x000005f3       0x34 C:/ST/STM32CubeIDE_1.15.1/STM32CubeIDE/plugins/com.st.stm32cube.ide.mcu.externaltools.gnu-tools-for-stm32.12.3.rel1.win32_1.0.100.202403111256/tools/bin/../lib/gcc/arm-none-eabi/12.3.1/../../../../arm-none-eabi/lib/thumb/v7e-m+fp/hard\libc_nano.a(libc_a-strtol.o)
 .ARM.attributes
                0x00000627       0x34 C:/ST/STM32CubeIDE_1.15.1/STM32CubeIDE/plugins/com.st.stm32cube.ide.mcu.externaltools.gnu-tools-for-stm32.12.3.rel1.win32_1.0.100.202403111256/tools/bin/../lib/gcc/arm-none-eabi/12.3.1/../../../../arm-none-eabi/lib/thumb/v7e-m+fp/hard\libc_nano.a(libc_a-ctype_.o)
 .ARM.attributes
                0x0000065b       0x34 C:/ST/STM32CubeIDE_1.15.1/STM32CubeIDE/plugins/com.st.stm32cube.ide.mcu.externaltools.gnu-tools-for-stm32.12.3.rel1.win32_1.0.100.202403111256/tools/bin/../lib/gcc/arm-none-eabi/12.3.1/../../../../arm-none-eabi/lib/thumb/v7e-m+fp/hard\libc_nano.a(libc_a-findfp.o)
 .ARM.attributes
                0x0000068f       0x34 C:/ST/STM32CubeIDE_1.15.1/STM32CubeIDE/plugins/com.st.stm32cube.ide.mcu.externaltools.gnu-tools-for-stm32.12.3.rel1.win32_1.0.100.202403111256/tools/bin/../lib/gcc/arm-none-eabi/12.3.1/../../../../arm-none-eabi/lib/thumb/v7e-m+fp/hard\libc_nano.a(libc_a-snprintf.o)
 .ARM.attributes
                0x000006c3       0x34 C:/ST/STM32CubeIDE_1.15.1/STM32CubeIDE/plugins/com.st.stm32cube.ide.mcu.externaltools.gnu-tools-for-stm32.12.3.rel1.win32_1.0.100.202403111256/tools/bin/../lib/gcc/arm-none-eabi/12.3.1/../../../../arm-none-eabi/lib/thumb/v7e-m+fp/hard\libc_nano.a(libc_a-memset.o)
 .ARM.attributes
                0x000006f7       0x34 C:/ST/STM32CubeIDE_1.15.1/STM32CubeIDE/plugins/com.st.stm32cube.ide.mcu.externaltools.gnu-tools-for-stm32.12.3.rel1.win32_1.0.100.202403111256/tools/bin/../lib/gcc/arm-none-eabi/12.3.1/../../../../arm-none-eabi/lib/thumb/v7e-m+fp/hard\libc_nano.a(libc_a-reent.o)
 .ARM.attributes
                0x0000072b       0x34 C:/ST/STM32CubeIDE_1.15.1/STM32CubeIDE/plugins/com.st.stm32cube.ide.mcu.externaltools.gnu-tools-for-stm32.12.3.rel1.win32_1.0.100.202403111256/tools/bin/../lib/gcc/arm-none-eabi/12.3.1/../../../../arm-none-eabi/lib/thumb/v7e-m+fp/hard\libc_nano.a(libc_a-impure.o)
 .ARM.attributes
                0x0000075f       0x34 C:/ST/STM32CubeIDE_1.15.1/STM32CubeIDE/plugins/com.st.stm32cube.ide.mcu.externaltools.gnu-tools-for-stm32.12.3.rel1.win32_1.0.100.202403111256/tools/bin/../lib/gcc/arm-none-eabi/12.3.1/../../../../arm-none-eabi/lib/thumb/v7e-m+fp/hard\libc_nano.a(libc_a-errno.o)
 .ARM.attributes
                0x00000793       0x34 C:/ST/STM32CubeIDE_1.15.1/STM32CubeIDE/plugins/com.st.stm32cube.ide.mcu.externaltools.gnu-tools-for-stm32.12.3.rel1.win32_1.0.100.202403111256/tools/bin/../lib/gcc/arm-none-eabi/12.3.1/../../../../arm-none-eabi/lib/thumb/v7e-m+fp/hard\libc_nano.a(libc_a-init.o)
 .ARM.attributes
                0x000007c7       0x34 C:/ST/STM32CubeIDE_1.15.1/STM32CubeIDE/plugins/com.st.stm32cube.ide.mcu.externaltools.gnu-tools-for-stm32.12.3.rel1.win32_1.0.100.202403111256/tools/bin/../lib/gcc/arm-none-eabi/12.3.1/../../../../arm-none-eabi/lib/thumb/v7e-m+fp/hard\libc_nano.a(libc_a-lock.o)
 .ARM.attributes
                0x000007fb       0x20 C:/ST/STM32CubeIDE_1.15.1/STM32CubeIDE/plugins/com.st.stm32cube.ide.mcu.externaltools.gnu-tools-for-stm32.12.3.rel1.win32_1.0.100.202403111256/tools/bin/../lib/gcc/arm-none-eabi/12.3.1/../../../../arm-none-eabi/lib/thumb/v7e-m+fp/hard\libc_nano.a(libc_a-strcmp.o)
 .ARM.attributes
                0x0000081b       0x34 C:/ST/STM32CubeIDE_1.15.1/STM32CubeIDE/plugins/com.st.stm32cube.ide.mcu.externaltools.gnu-tools-for-stm32.12.3.rel1.win32_1.0.100.202403111256/tools/bin/../lib/gcc/arm-none-eabi/12.3.1/../../../../arm-none-eabi/lib/thumb/v7e-m+fp/hard\libc_nano.a(libc_a-strcpy.o)
 .ARM.attributes
                0x0000084f       0x34 C:/ST/STM32CubeIDE_1.15.1/STM32CubeIDE/plugins/com.st.stm32cube.ide.mcu.externaltools.gnu-tools-for-stm32.12.3.rel1.win32_1.0.100.202403111256/tools/bin/../lib/gcc/arm-none-eabi/12.3.1/../../../../arm-none-eabi/lib/thumb/v7e-m+fp/hard\libc_nano.a(libc_a-memcpy-stub.o)
 .ARM.attributes
                0x00000883       0x17 C:/ST/STM32CubeIDE_1.15.1/STM32CubeIDE/plugins/com.st.stm32cube.ide.mcu.externaltools.gnu-tools-for-stm32.12.3.rel1.win32_1.0.100.202403111256/tools/bin/../lib/gcc/arm-none-eabi/12.3.1/../../../../arm-none-eabi/lib/thumb/v7e-m+fp/hard\libc_nano.a(libc_a-strlen.o)
 .ARM.attributes
                0x0000089a       0x34 C:/ST/STM32CubeIDE_1.15.1/STM32CubeIDE/plugins/com.st.stm32cube.ide.mcu.externaltools.gnu-tools-for-stm32.12.3.rel1.win32_1.0.100.202403111256/tools/bin/../lib/gcc/arm-none-eabi/12.3.1/../../../../arm-none-eabi/lib/thumb/v7e-m+fp/hard\libc_nano.a(libc_a-freer.o)
 .ARM.attributes
                0x000008ce       0x34 C:/ST/STM32CubeIDE_1.15.1/STM32CubeIDE/plugins/com.st.stm32cube.ide.mcu.externaltools.gnu-tools-for-stm32.12.3.rel1.win32_1.0.100.202403111256/tools/bin/../lib/gcc/arm-none-eabi/12.3.1/../../../../arm-none-eabi/lib/thumb/v7e-m+fp/hard\libc_nano.a(libc_a-mallocr.o)
 .ARM.attributes
                0x00000902       0x34 C:/ST/STM32CubeIDE_1.15.1/STM32CubeIDE/plugins/com.st.stm32cube.ide.mcu.externaltools.gnu-tools-for-stm32.12.3.rel1.win32_1.0.100.202403111256/tools/bin/../lib/gcc/arm-none-eabi/12.3.1/../../../../arm-none-eabi/lib/thumb/v7e-m+fp/hard\libc_nano.a(libc_a-mlock.o)
 .ARM.attributes
                0x00000936       0x34 C:/ST/STM32CubeIDE_1.15.1/STM32CubeIDE/plugins/com.st.stm32cube.ide.mcu.externaltools.gnu-tools-for-stm32.12.3.rel1.win32_1.0.100.202403111256/tools/bin/../lib/gcc/arm-none-eabi/12.3.1/../../../../arm-none-eabi/lib/thumb/v7e-m+fp/hard\libc_nano.a(libc_a-nano-svfprintf.o)
 .ARM.attributes
                0x0000096a       0x34 C:/ST/STM32CubeIDE_1.15.1/STM32CubeIDE/plugins/com.st.stm32cube.ide.mcu.externaltools.gnu-tools-for-stm32.12.3.rel1.win32_1.0.100.202403111256/tools/bin/../lib/gcc/arm-none-eabi/12.3.1/../../../../arm-none-eabi/lib/thumb/v7e-m+fp/hard\libc_nano.a(libc_a-nano-vfprintf_i.o)
 .ARM.attributes
                0x0000099e       0x34 C:/ST/STM32CubeIDE_1.15.1/STM32CubeIDE/plugins/com.st.stm32cube.ide.mcu.externaltools.gnu-tools-for-stm32.12.3.rel1.win32_1.0.100.202403111256/tools/bin/../lib/gcc/arm-none-eabi/12.3.1/../../../../arm-none-eabi/lib/thumb/v7e-m+fp/hard\libc_nano.a(libc_a-memmove.o)
 .ARM.attributes
                0x000009d2       0x34 C:/ST/STM32CubeIDE_1.15.1/STM32CubeIDE/plugins/com.st.stm32cube.ide.mcu.externaltools.gnu-tools-for-stm32.12.3.rel1.win32_1.0.100.202403111256/tools/bin/../lib/gcc/arm-none-eabi/12.3.1/../../../../arm-none-eabi/lib/thumb/v7e-m+fp/hard\libc_nano.a(libc_a-sbrkr.o)
 .ARM.attributes
                0x00000a06       0x1c C:/ST/STM32CubeIDE_1.15.1/STM32CubeIDE/plugins/com.st.stm32cube.ide.mcu.externaltools.gnu-tools-for-stm32.12.3.rel1.win32_1.0.100.202403111256/tools/bin/../lib/gcc/arm-none-eabi/12.3.1/../../../../arm-none-eabi/lib/thumb/v7e-m+fp/hard\libc_nano.a(libc_a-memchr.o)
 .ARM.attributes
                0x00000a22       0x34 C:/ST/STM32CubeIDE_1.15.1/STM32CubeIDE/plugins/com.st.stm32cube.ide.mcu.externaltools.gnu-tools-for-stm32.12.3.rel1.win32_1.0.100.202403111256/tools/bin/../lib/gcc/arm-none-eabi/12.3.1/../../../../arm-none-eabi/lib/thumb/v7e-m+fp/hard\libc_nano.a(libc_a-reallocr.o)
 .ARM.attributes
                0x00000a56       0x34 C:/ST/STM32CubeIDE_1.15.1/STM32CubeIDE/plugins/com.st.stm32cube.ide.mcu.externaltools.gnu-tools-for-stm32.12.3.rel1.win32_1.0.100.202403111256/tools/bin/../lib/gcc/arm-none-eabi/12.3.1/../../../../arm-none-eabi/lib/thumb/v7e-m+fp/hard\libc_nano.a(libc_a-msizer.o)
 .ARM.attributes
                0x00000a8a       0x22 C:/ST/STM32CubeIDE_1.15.1/STM32CubeIDE/plugins/com.st.stm32cube.ide.mcu.externaltools.gnu-tools-for-stm32.12.3.rel1.win32_1.0.100.202403111256/tools/bin/../lib/gcc/arm-none-eabi/12.3.1/thumb/v7e-m+fp/hard\libgcc.a(_aeabi_uldivmod.o)
 .ARM.attributes
                0x00000aac       0x34 C:/ST/STM32CubeIDE_1.15.1/STM32CubeIDE/plugins/com.st.stm32cube.ide.mcu.externaltools.gnu-tools-for-stm32.12.3.rel1.win32_1.0.100.202403111256/tools/bin/../lib/gcc/arm-none-eabi/12.3.1/thumb/v7e-m+fp/hard\libgcc.a(_udivmoddi4.o)
 .ARM.attributes
                0x00000ae0       0x22 C:/ST/STM32CubeIDE_1.15.1/STM32CubeIDE/plugins/com.st.stm32cube.ide.mcu.externaltools.gnu-tools-for-stm32.12.3.rel1.win32_1.0.100.202403111256/tools/bin/../lib/gcc/arm-none-eabi/12.3.1/thumb/v7e-m+fp/hard\libgcc.a(_dvmd_tls.o)
 .ARM.attributes
                0x00000b02       0x22 C:/ST/STM32CubeIDE_1.15.1/STM32CubeIDE/plugins/com.st.stm32cube.ide.mcu.externaltools.gnu-tools-for-stm32.12.3.rel1.win32_1.0.100.202403111256/tools/bin/../lib/gcc/arm-none-eabi/12.3.1/thumb/v7e-m+fp/hard/crtn.o
OUTPUT(STM32F4_DUT.elf elf32-littlearm)
LOAD linker stubs
LOAD C:/ST/STM32CubeIDE_1.15.1/STM32CubeIDE/plugins/com.st.stm32cube.ide.mcu.externaltools.gnu-tools-for-stm32.12.3.rel1.win32_1.0.100.202403111256/tools/bin/../lib/gcc/arm-none-eabi/12.3.1/../../../../arm-none-eabi/lib/thumb/v7e-m+fp/hard\libc.a
LOAD C:/ST/STM32CubeIDE_1.15.1/STM32CubeIDE/plugins/com.st.stm32cube.ide.mcu.externaltools.gnu-tools-for-stm32.12.3.rel1.win32_1.0.100.202403111256/tools/bin/../lib/gcc/arm-none-eabi/12.3.1/../../../../arm-none-eabi/lib/thumb/v7e-m+fp/hard\libm.a
LOAD C:/ST/STM32CubeIDE_1.15.1/STM32CubeIDE/plugins/com.st.stm32cube.ide.mcu.externaltools.gnu-tools-for-stm32.12.3.rel1.win32_1.0.100.202403111256/tools/bin/../lib/gcc/arm-none-eabi/12.3.1/thumb/v7e-m+fp/hard\libgcc.a

.debug_info     0x00000000    0x1485a
 .debug_info    0x00000000      0x208 ./App/CMDLine/cmdline.o
 .debug_info    0x00000208     0x1327 ./App/CMDLine/command.o
 .debug_info    0x0000152f      0xafa ./App/UART/uart.o
 .debug_info    0x00002029      0x8df ./App/i2c_eeprom_driver/i2c_eeprom.o
 .debug_info    0x00002908      0x70c ./App/w25q_driver/w25q_driver.o
 .debug_info    0x00003014     0x1b7d ./Core/Src/main.o
 .debug_info    0x00004b91      0x967 ./Core/Src/stm32f4xx_hal_msp.o
 .debug_info    0x000054f8      0xbe0 ./Core/Src/stm32f4xx_hal_timebase_tim.o
 .debug_info    0x000060d8      0x77e ./Core/Src/stm32f4xx_it.o
 .debug_info    0x00006856      0x168 ./Core/Src/sysmem.o
 .debug_info    0x000069be      0x512 ./Core/Src/system_stm32f4xx.o
 .debug_info    0x00006ed0       0x30 ./Core/Startup/startup_stm32f407vetx.o
 .debug_info    0x00006f00      0x944 ./Drivers/STM32F4xx_HAL_Driver/Src/stm32f4xx_hal.o
 .debug_info    0x00007844      0xd8c ./Drivers/STM32F4xx_HAL_Driver/Src/stm32f4xx_hal_cortex.o
 .debug_info    0x000085d0      0x6c3 ./Drivers/STM32F4xx_HAL_Driver/Src/stm32f4xx_hal_gpio.o
 .debug_info    0x00008c93     0x2415 ./Drivers/STM32F4xx_HAL_Driver/Src/stm32f4xx_hal_i2c.o
 .debug_info    0x0000b0a8      0x8c3 ./Drivers/STM32F4xx_HAL_Driver/Src/stm32f4xx_hal_rcc.o
 .debug_info    0x0000b96b     0x299d ./Drivers/STM32F4xx_HAL_Driver/Src/stm32f4xx_hal_tim.o
 .debug_info    0x0000e308     0x14db ./Drivers/STM32F4xx_HAL_Driver/Src/stm32f4xx_hal_tim_ex.o
 .debug_info    0x0000f7e3      0x927 ./Drivers/STM32F4xx_HAL_Driver/Src/stm32f4xx_ll_gpio.o
 .debug_info    0x0001010a      0x74b ./Drivers/STM32F4xx_HAL_Driver/Src/stm32f4xx_ll_rcc.o
 .debug_info    0x00010855      0x78a ./Drivers/STM32F4xx_HAL_Driver/Src/stm32f4xx_ll_spi.o
 .debug_info    0x00010fdf      0x6f2 ./Drivers/STM32F4xx_HAL_Driver/Src/stm32f4xx_ll_usart.o
 .debug_info    0x000116d1      0x2f2 ./ThirdParty/FreeRTOS/list.o
 .debug_info    0x000119c3     0x22da ./ThirdParty/FreeRTOS/tasks.o
 .debug_info    0x00013c9d      0x5ad ./ThirdParty/FreeRTOS/portable/GCC/ARM_CM4F/port.o
 .debug_info    0x0001424a      0x610 ./ThirdParty/FreeRTOS/portable/MemMang/heap_4.o

.debug_abbrev   0x00000000     0x385e
 .debug_abbrev  0x00000000       0xff ./App/CMDLine/cmdline.o
 .debug_abbrev  0x000000ff      0x329 ./App/CMDLine/command.o
 .debug_abbrev  0x00000428      0x2cb ./App/UART/uart.o
 .debug_abbrev  0x000006f3      0x1b0 ./App/i2c_eeprom_driver/i2c_eeprom.o
 .debug_abbrev  0x000008a3      0x1fb ./App/w25q_driver/w25q_driver.o
 .debug_abbrev  0x00000a9e      0x3a5 ./Core/Src/main.o
 .debug_abbrev  0x00000e43      0x1aa ./Core/Src/stm32f4xx_hal_msp.o
 .debug_abbrev  0x00000fed      0x1f4 ./Core/Src/stm32f4xx_hal_timebase_tim.o
 .debug_abbrev  0x000011e1      0x1ac ./Core/Src/stm32f4xx_it.o
 .debug_abbrev  0x0000138d       0xbc ./Core/Src/sysmem.o
 .debug_abbrev  0x00001449      0x11a ./Core/Src/system_stm32f4xx.o
 .debug_abbrev  0x00001563       0x24 ./Core/Startup/startup_stm32f407vetx.o
 .debug_abbrev  0x00001587      0x214 ./Drivers/STM32F4xx_HAL_Driver/Src/stm32f4xx_hal.o
 .debug_abbrev  0x0000179b      0x31d ./Drivers/STM32F4xx_HAL_Driver/Src/stm32f4xx_hal_cortex.o
 .debug_abbrev  0x00001ab8      0x1d4 ./Drivers/STM32F4xx_HAL_Driver/Src/stm32f4xx_hal_gpio.o
 .debug_abbrev  0x00001c8c      0x2ad ./Drivers/STM32F4xx_HAL_Driver/Src/stm32f4xx_hal_i2c.o
 .debug_abbrev  0x00001f39      0x2b7 ./Drivers/STM32F4xx_HAL_Driver/Src/stm32f4xx_hal_rcc.o
 .debug_abbrev  0x000021f0      0x278 ./Drivers/STM32F4xx_HAL_Driver/Src/stm32f4xx_hal_tim.o
 .debug_abbrev  0x00002468      0x283 ./Drivers/STM32F4xx_HAL_Driver/Src/stm32f4xx_hal_tim_ex.o
 .debug_abbrev  0x000026eb      0x237 ./Drivers/STM32F4xx_HAL_Driver/Src/stm32f4xx_ll_gpio.o
 .debug_abbrev  0x00002922      0x1ed ./Drivers/STM32F4xx_HAL_Driver/Src/stm32f4xx_ll_rcc.o
 .debug_abbrev  0x00002b0f      0x217 ./Drivers/STM32F4xx_HAL_Driver/Src/stm32f4xx_ll_spi.o
 .debug_abbrev  0x00002d26      0x1f2 ./Drivers/STM32F4xx_HAL_Driver/Src/stm32f4xx_ll_usart.o
 .debug_abbrev  0x00002f18       0xff ./ThirdParty/FreeRTOS/list.o
 .debug_abbrev  0x00003017      0x38c ./ThirdParty/FreeRTOS/tasks.o
 .debug_abbrev  0x000033a3      0x259 ./ThirdParty/FreeRTOS/portable/GCC/ARM_CM4F/port.o
 .debug_abbrev  0x000035fc      0x262 ./ThirdParty/FreeRTOS/portable/MemMang/heap_4.o

.debug_aranges  0x00000000     0x14e0
 .debug_aranges
                0x00000000       0x20 ./App/CMDLine/cmdline.o
 .debug_aranges
                0x00000020       0x88 ./App/CMDLine/command.o
 .debug_aranges
                0x000000a8       0xf0 ./App/UART/uart.o
 .debug_aranges
                0x00000198       0x40 ./App/i2c_eeprom_driver/i2c_eeprom.o
 .debug_aranges
                0x000001d8       0xa0 ./App/w25q_driver/w25q_driver.o
 .debug_aranges
                0x00000278       0xb8 ./Core/Src/main.o
 .debug_aranges
                0x00000330       0x30 ./Core/Src/stm32f4xx_hal_msp.o
 .debug_aranges
                0x00000360       0x30 ./Core/Src/stm32f4xx_hal_timebase_tim.o
 .debug_aranges
                0x00000390       0x58 ./Core/Src/stm32f4xx_it.o
 .debug_aranges
                0x000003e8       0x20 ./Core/Src/sysmem.o
 .debug_aranges
                0x00000408       0x28 ./Core/Src/system_stm32f4xx.o
 .debug_aranges
                0x00000430       0x28 ./Core/Startup/startup_stm32f407vetx.o
 .debug_aranges
                0x00000458       0xf0 ./Drivers/STM32F4xx_HAL_Driver/Src/stm32f4xx_hal.o
 .debug_aranges
                0x00000548      0x130 ./Drivers/STM32F4xx_HAL_Driver/Src/stm32f4xx_hal_cortex.o
 .debug_aranges
                0x00000678       0x58 ./Drivers/STM32F4xx_HAL_Driver/Src/stm32f4xx_hal_gpio.o
 .debug_aranges
                0x000006d0      0x2a8 ./Drivers/STM32F4xx_HAL_Driver/Src/stm32f4xx_hal_i2c.o
 .debug_aranges
                0x00000978       0x88 ./Drivers/STM32F4xx_HAL_Driver/Src/stm32f4xx_hal_rcc.o
 .debug_aranges
                0x00000a00      0x3d0 ./Drivers/STM32F4xx_HAL_Driver/Src/stm32f4xx_hal_tim.o
 .debug_aranges
                0x00000dd0      0x168 ./Drivers/STM32F4xx_HAL_Driver/Src/stm32f4xx_hal_tim_ex.o
 .debug_aranges
                0x00000f38       0x70 ./Drivers/STM32F4xx_HAL_Driver/Src/stm32f4xx_ll_gpio.o
 .debug_aranges
                0x00000fa8      0x118 ./Drivers/STM32F4xx_HAL_Driver/Src/stm32f4xx_ll_rcc.o
 .debug_aranges
                0x000010c0       0x90 ./Drivers/STM32F4xx_HAL_Driver/Src/stm32f4xx_ll_spi.o
 .debug_aranges
                0x00001150       0x88 ./Drivers/STM32F4xx_HAL_Driver/Src/stm32f4xx_ll_usart.o
 .debug_aranges
                0x000011d8       0x40 ./ThirdParty/FreeRTOS/list.o
 .debug_aranges
                0x00001218      0x1e0 ./ThirdParty/FreeRTOS/tasks.o
 .debug_aranges
                0x000013f8       0x80 ./ThirdParty/FreeRTOS/portable/GCC/ARM_CM4F/port.o
 .debug_aranges
                0x00001478       0x68 ./ThirdParty/FreeRTOS/portable/MemMang/heap_4.o

.debug_rnglists
                0x00000000     0x101c
 .debug_rnglists
                0x00000000       0x14 ./App/CMDLine/cmdline.o
 .debug_rnglists
                0x00000014       0x69 ./App/CMDLine/command.o
 .debug_rnglists
                0x0000007d       0xb1 ./App/UART/uart.o
 .debug_rnglists
                0x0000012e       0x2d ./App/i2c_eeprom_driver/i2c_eeprom.o
 .debug_rnglists
                0x0000015b       0x76 ./App/w25q_driver/w25q_driver.o
 .debug_rnglists
                0x000001d1       0x88 ./Core/Src/main.o
 .debug_rnglists
                0x00000259       0x20 ./Core/Src/stm32f4xx_hal_msp.o
 .debug_rnglists
                0x00000279       0x20 ./Core/Src/stm32f4xx_hal_timebase_tim.o
 .debug_rnglists
                0x00000299       0x3d ./Core/Src/stm32f4xx_it.o
 .debug_rnglists
                0x000002d6       0x13 ./Core/Src/sysmem.o
 .debug_rnglists
                0x000002e9       0x1a ./Core/Src/system_stm32f4xx.o
 .debug_rnglists
                0x00000303       0x19 ./Core/Startup/startup_stm32f407vetx.o
 .debug_rnglists
                0x0000031c       0xaf ./Drivers/STM32F4xx_HAL_Driver/Src/stm32f4xx_hal.o
 .debug_rnglists
                0x000003cb       0xe0 ./Drivers/STM32F4xx_HAL_Driver/Src/stm32f4xx_hal_cortex.o
 .debug_rnglists
                0x000004ab       0x3f ./Drivers/STM32F4xx_HAL_Driver/Src/stm32f4xx_hal_gpio.o
 .debug_rnglists
                0x000004ea      0x23c ./Drivers/STM32F4xx_HAL_Driver/Src/stm32f4xx_hal_i2c.o
 .debug_rnglists
                0x00000726       0x66 ./Drivers/STM32F4xx_HAL_Driver/Src/stm32f4xx_hal_rcc.o
 .debug_rnglists
                0x0000078c      0x31a ./Drivers/STM32F4xx_HAL_Driver/Src/stm32f4xx_hal_tim.o
 .debug_rnglists
                0x00000aa6      0x125 ./Drivers/STM32F4xx_HAL_Driver/Src/stm32f4xx_hal_tim_ex.o
 .debug_rnglists
                0x00000bcb       0x51 ./Drivers/STM32F4xx_HAL_Driver/Src/stm32f4xx_ll_gpio.o
 .debug_rnglists
                0x00000c1c       0xce ./Drivers/STM32F4xx_HAL_Driver/Src/stm32f4xx_ll_rcc.o
 .debug_rnglists
                0x00000cea       0x6a ./Drivers/STM32F4xx_HAL_Driver/Src/stm32f4xx_ll_spi.o
 .debug_rnglists
                0x00000d54       0x64 ./Drivers/STM32F4xx_HAL_Driver/Src/stm32f4xx_ll_usart.o
 .debug_rnglists
                0x00000db8       0x2b ./ThirdParty/FreeRTOS/list.o
 .debug_rnglists
                0x00000de3      0x18e ./ThirdParty/FreeRTOS/tasks.o
 .debug_rnglists
                0x00000f71       0x5d ./ThirdParty/FreeRTOS/portable/GCC/ARM_CM4F/port.o
 .debug_rnglists
                0x00000fce       0x4e ./ThirdParty/FreeRTOS/portable/MemMang/heap_4.o

.debug_macro    0x00000000    0x27682
 .debug_macro   0x00000000      0x33a ./App/CMDLine/cmdline.o
 .debug_macro   0x0000033a      0xaba ./App/CMDLine/cmdline.o
 .debug_macro   0x00000df4       0x22 ./App/CMDLine/cmdline.o
 .debug_macro   0x00000e16       0x8e ./App/CMDLine/cmdline.o
 .debug_macro   0x00000ea4       0x51 ./App/CMDLine/cmdline.o
 .debug_macro   0x00000ef5      0x103 ./App/CMDLine/cmdline.o
 .debug_macro   0x00000ff8       0x6a ./App/CMDLine/cmdline.o
 .debug_macro   0x00001062      0x1df ./App/CMDLine/cmdline.o
 .debug_macro   0x00001241       0x22 ./App/CMDLine/cmdline.o
 .debug_macro   0x00001263       0x61 ./App/CMDLine/cmdline.o
 .debug_macro   0x000012c4       0x2a ./App/CMDLine/cmdline.o
 .debug_macro   0x000012ee       0x43 ./App/CMDLine/cmdline.o
 .debug_macro   0x00001331       0x34 ./App/CMDLine/cmdline.o
 .debug_macro   0x00001365      0x189 ./App/CMDLine/cmdline.o
 .debug_macro   0x000014ee       0x16 ./App/CMDLine/cmdline.o
 .debug_macro   0x00001504       0x43 ./App/CMDLine/cmdline.o
 .debug_macro   0x00001547       0x34 ./App/CMDLine/cmdline.o
 .debug_macro   0x0000157b       0x10 ./App/CMDLine/cmdline.o
 .debug_macro   0x0000158b       0x58 ./App/CMDLine/cmdline.o
 .debug_macro   0x000015e3       0x8e ./App/CMDLine/cmdline.o
 .debug_macro   0x00001671       0x1c ./App/CMDLine/cmdline.o
 .debug_macro   0x0000168d      0x177 ./App/CMDLine/cmdline.o
 .debug_macro   0x00001804      0x369 ./App/CMDLine/cmdline.o
 .debug_macro   0x00001b6d       0x10 ./App/CMDLine/cmdline.o
 .debug_macro   0x00001b7d       0x35 ./App/CMDLine/cmdline.o
 .debug_macro   0x00001bb2       0x20 ./App/CMDLine/cmdline.o
 .debug_macro   0x00001bd2      0x29b ./App/CMDLine/cmdline.o
 .debug_macro   0x00001e6d       0x2e ./App/CMDLine/cmdline.o
 .debug_macro   0x00001e9b       0x2f ./App/CMDLine/cmdline.o
 .debug_macro   0x00001eca       0x1c ./App/CMDLine/cmdline.o
 .debug_macro   0x00001ee6       0x22 ./App/CMDLine/cmdline.o
 .debug_macro   0x00001f08       0xfb ./App/CMDLine/cmdline.o
 .debug_macro   0x00002003     0x1011 ./App/CMDLine/cmdline.o
 .debug_macro   0x00003014      0x11f ./App/CMDLine/cmdline.o
 .debug_macro   0x00003133    0x15ea5 ./App/CMDLine/cmdline.o
 .debug_macro   0x00018fd8       0x6d ./App/CMDLine/cmdline.o
 .debug_macro   0x00019045     0x3693 ./App/CMDLine/cmdline.o
 .debug_macro   0x0001c6d8       0x56 ./App/CMDLine/cmdline.o
 .debug_macro   0x0001c72e      0x980 ./App/CMDLine/cmdline.o
 .debug_macro   0x0001d0ae      0x9e9 ./App/CMDLine/cmdline.o
 .debug_macro   0x0001da97      0x115 ./App/CMDLine/cmdline.o
 .debug_macro   0x0001dbac      0x13e ./App/CMDLine/cmdline.o
 .debug_macro   0x0001dcea       0xa5 ./App/CMDLine/cmdline.o
 .debug_macro   0x0001dd8f      0x174 ./App/CMDLine/cmdline.o
 .debug_macro   0x0001df03      0x287 ./App/CMDLine/cmdline.o