../Drivers/STM32F4xx_HAL_Driver/Inc/stm32f4xx_ll_spi.h:744:26:LL_SPI_IsActiveFlag_RXNE	16	static
../Drivers/STM32F4xx_HAL_Driver/Inc/stm32f4xx_ll_spi.h:1090:25:LL_SPI_ReceiveData8	16	static
../Drivers/STM32F4xx_HAL_Driver/Inc/stm32f4xx_ll_gpio.h:800:26:LL_GPIO_IsInputPinSet	16	static
../Drivers/STM32F4xx_HAL_Driver/Inc/stm32f4xx_ll_exti.h:834:26:LL_EXTI_IsActiveFlag_0_31	16	static
../Drivers/STM32F4xx_HAL_Driver/Inc/stm32f4xx_ll_exti.h:910:22:LL_EXTI_ClearFlag_0_31	16	static
../Core/Src/stm32f4xx_it.c:77:6:NMI_Handler	4	static
../Core/Src/stm32f4xx_it.c:92:6:HardFault_Handler	4	static
../Core/Src/stm32f4xx_it.c:107:6:MemManage_Handler	4	static
../Core/Src/stm32f4xx_it.c:122:6:BusFault_Handler	4	static
../Core/Src/stm32f4xx_it.c:137:6:UsageFault_Handler	4	static
../Core/Src/stm32f4xx_it.c:152:6:DebugMon_Handler	4	static
../Core/Src/stm32f4xx_it.c:172:6:CAN1_RX0_IRQHandler	8	static
../Core/Src/stm32f4xx_it.c:186:6:TIM1_UP_TIM10_IRQHandler	8	static
../Core/Src/stm32f4xx_it.c:200:6:TIM2_IRQHandler	8	static
../Core/Src/stm32f4xx_it.c:214:6:TIM3_IRQHandler	8	static
../Core/Src/stm32f4xx_it.c:228:6:I2C1_EV_IRQHandler	8	static
../Core/Src/stm32f4xx_it.c:242:6:I2C1_ER_IRQHandler	8	static
../Core/Src/stm32f4xx_it.c:256:6:USART1_IRQHandler	8	static
../Core/Src/stm32f4xx_it.c:270:6:EXTI15_10_IRQHandler	8	static
../Core/Src/stm32f4xx_it.c:293:6:SPI3_IRQHandler	16	static
../Core/Src/stm32f4xx_it.c:310:6:OTG_FS_IRQHandler	8	static
