../Drivers/STM32F4xx_HAL_Driver/Inc/stm32f4xx_ll_spi.h:744:26:LL_SPI_IsActiveFlag_RXNE	16	static
../Drivers/STM32F4xx_HAL_Driver/Inc/stm32f4xx_ll_spi.h:788:26:LL_SPI_IsActiveFlag_OVR	16	static
../Drivers/STM32F4xx_HAL_Driver/Inc/stm32f4xx_ll_spi.h:857:22:LL_SPI_ClearFlag_OVR	24	static
../Drivers/STM32F4xx_HAL_Driver/Inc/stm32f4xx_ll_spi.h:1090:25:LL_SPI_ReceiveData8	16	static
../Core/Src/stm32f4xx_it.c:75:6:NMI_Handler	4	static
../Core/Src/stm32f4xx_it.c:90:6:HardFault_Handler	4	static
../Core/Src/stm32f4xx_it.c:105:6:MemManage_Handler	4	static
../Core/Src/stm32f4xx_it.c:120:6:BusFault_Handler	4	static
../Core/Src/stm32f4xx_it.c:135:6:UsageFault_Handler	4	static
../Core/Src/stm32f4xx_it.c:150:6:DebugMon_Handler	4	static
../Core/Src/stm32f4xx_it.c:170:6:TIM1_UP_TIM10_IRQHandler	8	static
../Core/Src/stm32f4xx_it.c:184:6:TIM2_IRQHandler	8	static
../Core/Src/stm32f4xx_it.c:198:6:TIM3_IRQHandler	8	static
../Core/Src/stm32f4xx_it.c:212:6:I2C1_EV_IRQHandler	8	static
../Core/Src/stm32f4xx_it.c:226:6:I2C1_ER_IRQHandler	8	static
../Core/Src/stm32f4xx_it.c:240:6:SPI1_IRQHandler	4	static
../Core/Src/stm32f4xx_it.c:253:6:USART1_IRQHandler	16	static
../Core/Src/stm32f4xx_it.c:274:6:OTG_FS_IRQHandler	8	static
