Archive member included to satisfy reference by file (symbol)

C:/ST/STM32CubeIDE_1.15.1/STM32CubeIDE/plugins/com.st.stm32cube.ide.mcu.externaltools.gnu-tools-for-stm32.12.3.rel1.win32_1.0.100.202403111256/tools/bin/../lib/gcc/arm-none-eabi/12.3.1/../../../../arm-none-eabi/lib/thumb/v7e-m+fp/hard\libc_nano.a(libc_a-atoi.o)
                              ./App/CMDLine/Commands/i2c_cmd.o (atoi)
C:/ST/STM32CubeIDE_1.15.1/STM32CubeIDE/plugins/com.st.stm32cube.ide.mcu.externaltools.gnu-tools-for-stm32.12.3.rel1.win32_1.0.100.202403111256/tools/bin/../lib/gcc/arm-none-eabi/12.3.1/../../../../arm-none-eabi/lib/thumb/v7e-m+fp/hard\libc_nano.a(libc_a-exit.o)
                              C:/ST/STM32CubeIDE_1.15.1/STM32CubeIDE/plugins/com.st.stm32cube.ide.mcu.externaltools.gnu-tools-for-stm32.12.3.rel1.win32_1.0.100.202403111256/tools/bin/../lib/gcc/arm-none-eabi/12.3.1/../../../../arm-none-eabi/lib/thumb/v7e-m+fp/hard/crt0.o (exit)
C:/ST/STM32CubeIDE_1.15.1/STM32CubeIDE/plugins/com.st.stm32cube.ide.mcu.externaltools.gnu-tools-for-stm32.12.3.rel1.win32_1.0.100.202403111256/tools/bin/../lib/gcc/arm-none-eabi/12.3.1/../../../../arm-none-eabi/lib/thumb/v7e-m+fp/hard\libc_nano.a(libc_a-malloc.o)
                              ./App/EmuDrivers/Src/i2c_eeprom.o (malloc)
C:/ST/STM32CubeIDE_1.15.1/STM32CubeIDE/plugins/com.st.stm32cube.ide.mcu.externaltools.gnu-tools-for-stm32.12.3.rel1.win32_1.0.100.202403111256/tools/bin/../lib/gcc/arm-none-eabi/12.3.1/../../../../arm-none-eabi/lib/thumb/v7e-m+fp/hard\libc_nano.a(libc_a-mallocr.o)
                              C:/ST/STM32CubeIDE_1.15.1/STM32CubeIDE/plugins/com.st.stm32cube.ide.mcu.externaltools.gnu-tools-for-stm32.12.3.rel1.win32_1.0.100.202403111256/tools/bin/../lib/gcc/arm-none-eabi/12.3.1/../../../../arm-none-eabi/lib/thumb/v7e-m+fp/hard\libc_nano.a(libc_a-malloc.o) (_malloc_r)
C:/ST/STM32CubeIDE_1.15.1/STM32CubeIDE/plugins/com.st.stm32cube.ide.mcu.externaltools.gnu-tools-for-stm32.12.3.rel1.win32_1.0.100.202403111256/tools/bin/../lib/gcc/arm-none-eabi/12.3.1/../../../../arm-none-eabi/lib/thumb/v7e-m+fp/hard\libc_nano.a(libc_a-mlock.o)
                              C:/ST/STM32CubeIDE_1.15.1/STM32CubeIDE/plugins/com.st.stm32cube.ide.mcu.externaltools.gnu-tools-for-stm32.12.3.rel1.win32_1.0.100.202403111256/tools/bin/../lib/gcc/arm-none-eabi/12.3.1/../../../../arm-none-eabi/lib/thumb/v7e-m+fp/hard\libc_nano.a(libc_a-mallocr.o) (__malloc_lock)
C:/ST/STM32CubeIDE_1.15.1/STM32CubeIDE/plugins/com.st.stm32cube.ide.mcu.externaltools.gnu-tools-for-stm32.12.3.rel1.win32_1.0.100.202403111256/tools/bin/../lib/gcc/arm-none-eabi/12.3.1/../../../../arm-none-eabi/lib/thumb/v7e-m+fp/hard\libc_nano.a(libc_a-strtol.o)
                              C:/ST/STM32CubeIDE_1.15.1/STM32CubeIDE/plugins/com.st.stm32cube.ide.mcu.externaltools.gnu-tools-for-stm32.12.3.rel1.win32_1.0.100.202403111256/tools/bin/../lib/gcc/arm-none-eabi/12.3.1/../../../../arm-none-eabi/lib/thumb/v7e-m+fp/hard\libc_nano.a(libc_a-atoi.o) (_strtol_r)
C:/ST/STM32CubeIDE_1.15.1/STM32CubeIDE/plugins/com.st.stm32cube.ide.mcu.externaltools.gnu-tools-for-stm32.12.3.rel1.win32_1.0.100.202403111256/tools/bin/../lib/gcc/arm-none-eabi/12.3.1/../../../../arm-none-eabi/lib/thumb/v7e-m+fp/hard\libc_nano.a(libc_a-ctype_.o)
                              C:/ST/STM32CubeIDE_1.15.1/STM32CubeIDE/plugins/com.st.stm32cube.ide.mcu.externaltools.gnu-tools-for-stm32.12.3.rel1.win32_1.0.100.202403111256/tools/bin/../lib/gcc/arm-none-eabi/12.3.1/../../../../arm-none-eabi/lib/thumb/v7e-m+fp/hard\libc_nano.a(libc_a-strtol.o) (_ctype_)
C:/ST/STM32CubeIDE_1.15.1/STM32CubeIDE/plugins/com.st.stm32cube.ide.mcu.externaltools.gnu-tools-for-stm32.12.3.rel1.win32_1.0.100.202403111256/tools/bin/../lib/gcc/arm-none-eabi/12.3.1/../../../../arm-none-eabi/lib/thumb/v7e-m+fp/hard\libc_nano.a(libc_a-findfp.o)
                              C:/ST/STM32CubeIDE_1.15.1/STM32CubeIDE/plugins/com.st.stm32cube.ide.mcu.externaltools.gnu-tools-for-stm32.12.3.rel1.win32_1.0.100.202403111256/tools/bin/../lib/gcc/arm-none-eabi/12.3.1/../../../../arm-none-eabi/lib/thumb/v7e-m+fp/hard\libc_nano.a(libc_a-exit.o) (__stdio_exit_handler)
C:/ST/STM32CubeIDE_1.15.1/STM32CubeIDE/plugins/com.st.stm32cube.ide.mcu.externaltools.gnu-tools-for-stm32.12.3.rel1.win32_1.0.100.202403111256/tools/bin/../lib/gcc/arm-none-eabi/12.3.1/../../../../arm-none-eabi/lib/thumb/v7e-m+fp/hard\libc_nano.a(libc_a-fwalk.o)
                              C:/ST/STM32CubeIDE_1.15.1/STM32CubeIDE/plugins/com.st.stm32cube.ide.mcu.externaltools.gnu-tools-for-stm32.12.3.rel1.win32_1.0.100.202403111256/tools/bin/../lib/gcc/arm-none-eabi/12.3.1/../../../../arm-none-eabi/lib/thumb/v7e-m+fp/hard\libc_nano.a(libc_a-findfp.o) (_fwalk_sglue)
C:/ST/STM32CubeIDE_1.15.1/STM32CubeIDE/plugins/com.st.stm32cube.ide.mcu.externaltools.gnu-tools-for-stm32.12.3.rel1.win32_1.0.100.202403111256/tools/bin/../lib/gcc/arm-none-eabi/12.3.1/../../../../arm-none-eabi/lib/thumb/v7e-m+fp/hard\libc_nano.a(libc_a-snprintf.o)
[...]
Memory Configuration

Name             Origin             Length             Attributes
RAM              0x20000000         0x00050000         xrw
FLASH            0x08000000         0x00100000         xr
*default*        0x00000000         0xffffffff

Linker script and memory map

LOAD C:/ST/STM32CubeIDE_1.15.1/STM32CubeIDE/plugins/com.st.stm32cube.ide.mcu.externaltools.gnu-tools-for-stm32.12.3.rel1.win32_1.0.100.202403111256/tools/bin/../lib/gcc/arm-none-eabi/12.3.1/thumb/v7e-m+fp/hard/crti.o
LOAD C:/ST/STM32CubeIDE_1.15.1/STM32CubeIDE/plugins/com.st.stm32cube.ide.mcu.externaltools.gnu-tools-for-stm32.12.3.rel1.win32_1.0.100.202403111256/tools/bin/../lib/gcc/arm-none-eabi/12.3.1/thumb/v7e-m+fp/hard/crtbegin.o
LOAD C:/ST/STM32CubeIDE_1.15.1/STM32CubeIDE/plugins/com.st.stm32cube.ide.mcu.externaltools.gnu-tools-for-stm32.12.3.rel1.win32_1.0.100.202403111256/tools/bin/../lib/gcc/arm-none-eabi/12.3.1/../../../../arm-none-eabi/lib/thumb/v7e-m+fp/hard/crt0.o
LOAD ./App/CMDLine/Commands/i2c_cmd.o
LOAD ./App/CMDLine/Commands/spi_cmd.o
LOAD ./App/CMDLine/Core/cmd.o
LOAD ./App/CMDLine/Core/cmdline.o
LOAD ./App/CMDLine/Shell_IO/USB_CDC.o
LOAD ./App/EmuDrivers/Src/i2c_device.o
LOAD ./App/EmuDrivers/Src/i2c_eeprom.o
LOAD ./App/EmuDrivers/Src/i2c_rtc.o
LOAD ./App/EmuDrivers/Src/w25q_slave.o
LOAD ./Core/Src/main.o
LOAD ./Core/Src/stm32f7xx_hal_msp.o
LOAD ./Core/Src/stm32f7xx_hal_timebase_tim.o
LOAD ./Core/Src/stm32f7xx_it.o
LOAD ./Core/Src/syscalls.o
LOAD ./Core/Src/sysmem.o
LOAD ./Core/Src/system_stm32f7xx.o
LOAD ./Core/Startup/startup_stm32f746nghx.o
LOAD ./Drivers/STM32F7xx_HAL_Driver/Src/stm32f7xx_hal.o
LOAD ./Drivers/STM32F7xx_HAL_Driver/Src/stm32f7xx_hal_cortex.o
LOAD ./Drivers/STM32F7xx_HAL_Driver/Src/stm32f7xx_hal_dma.o
LOAD ./Drivers/STM32F7xx_HAL_Driver/Src/stm32f7xx_hal_dma_ex.o
LOAD ./Drivers/STM32F7xx_HAL_Driver/Src/stm32f7xx_hal_exti.o
LOAD ./Drivers/STM32F7xx_HAL_Driver/Src/stm32f7xx_hal_flash.o
LOAD ./Drivers/STM32F7xx_HAL_Driver/Src/stm32f7xx_hal_flash_ex.o
LOAD ./Drivers/STM32F7xx_HAL_Driver/Src/stm32f7xx_hal_gpio.o
LOAD ./Drivers/STM32F7xx_HAL_Driver/Src/stm32f7xx_hal_i2c.o
LOAD ./Drivers/STM32F7xx_HAL_Driver/Src/stm32f7xx_hal_i2c_ex.o
LOAD ./Drivers/STM32F7xx_HAL_Driver/Src/stm32f7xx_hal_pcd.o
LOAD ./Drivers/STM32F7xx_HAL_Driver/Src/stm32f7xx_hal_pcd_ex.o
LOAD ./Drivers/STM32F7xx_HAL_Driver/Src/stm32f7xx_hal_pwr.o
LOAD ./Drivers/STM32F7xx_HAL_Driver/Src/stm32f7xx_hal_pwr_ex.o
LOAD ./Drivers/STM32F7xx_HAL_Driver/Src/stm32f7xx_hal_rcc.o
LOAD ./Drivers/STM32F7xx_HAL_Driver/Src/stm32f7xx_hal_rcc_ex.o
LOAD ./Drivers/STM32F7xx_HAL_Driver/Src/stm32f7xx_hal_tim.o
LOAD ./Drivers/STM32F7xx_HAL_Driver/Src/stm32f7xx_hal_tim_ex.o
LOAD ./Drivers/STM32F7xx_HAL_Driver/Src/stm32f7xx_ll_dma.o
LOAD ./Drivers/STM32F7xx_HAL_Driver/Src/stm32f7xx_ll_exti.o
LOAD ./Drivers/STM32F7xx_HAL_Driver/Src/stm32f7xx_ll_gpio.o
LOAD ./Drivers/STM32F7xx_HAL_Driver/Src/stm32f7xx_ll_rcc.o
LOAD ./Drivers/STM32F7xx_HAL_Driver/Src/stm32f7xx_ll_spi.o
LOAD ./Drivers/STM32F7xx_HAL_Driver/Src/stm32f7xx_ll_usb.o
LOAD ./Drivers/STM32F7xx_HAL_Driver/Src/stm32f7xx_ll_utils.o
LOAD ./FreeRTOS/FreeRTOS-Kernel/croutine.o
LOAD ./FreeRTOS/FreeRTOS-Kernel/event_groups.o
LOAD ./FreeRTOS/FreeRTOS-Kernel/list.o
LOAD ./FreeRTOS/FreeRTOS-Kernel/queue.o
LOAD ./FreeRTOS/FreeRTOS-Kernel/stream_buffer.o
LOAD ./FreeRTOS/FreeRTOS-Kernel/tasks.o
LOAD ./FreeRTOS/FreeRTOS-Kernel/timers.o
LOAD ./FreeRTOS/FreeRTOS-Kernel/portable/GCC/ARM_CM7/r0p1/port.o
LOAD ./FreeRTOS/FreeRTOS-Kernel/portable/MemMang/heap_4.o
LOAD ./Middlewares/ST/STM32_USB_Device_Library/Class/CDC/Src/usbd_cdc.o
LOAD ./Middlewares/ST/STM32_USB_Device_Library/Core/Src/usbd_core.o
LOAD ./Middlewares/ST/STM32_USB_Device_Library/Core/Src/usbd_ctlreq.o
LOAD ./Middlewares/ST/STM32_USB_Device_Library/Core/Src/usbd_ioreq.o
LOAD ./USB_DEVICE/App/usb_device.o
LOAD ./USB_DEVICE/App/usbd_cdc_if.o
LOAD ./USB_DEVICE/App/usbd_desc.o
LOAD ./USB_DEVICE/Target/usbd_conf.o
START GROUP
LOAD C:/ST/STM32CubeIDE_1.15.1/STM32CubeIDE/plugins/com.st.stm32cube.ide.mcu.externaltools.gnu-tools-for-stm32.12.3.rel1.win32_1.0.100.202403111256/tools/bin/../lib/gcc/arm-none-eabi/12.3.1/../../../../arm-none-eabi/lib/thumb/v7e-m+fp/hard\libc_nano.a
LOAD C:/ST/STM32CubeIDE_1.15.1/STM32CubeIDE/plugins/com.st.stm32cube.ide.mcu.externaltools.gnu-tools-for-stm32.12.3.rel1.win32_1.0.100.202403111256/tools/bin/../lib/gcc/arm-none-eabi/12.3.1/../../../../arm-none-eabi/lib/thumb/v7e-m+fp/hard\libm.a
END GROUP
START GROUP
LOAD C:/ST/STM32CubeIDE_1.15.1/STM32CubeIDE/plugins/com.st.stm32cube.ide.mcu.externaltools.gnu-tools-for-stm32.12.3.rel1.win32_1.0.100.202403111256/tools/bin/../lib/gcc/arm-none-eabi/12.3.1/thumb/v7e-m+fp/hard\libgcc.a
LOAD C:/ST/STM32CubeIDE_1.15.1/STM32CubeIDE/plugins/com.st.stm32cube.ide.mcu.externaltools.gnu-tools-for-stm32.12.3.rel1.win32_1.0.100.202403111256/tools/bin/../lib/gcc/arm-none-eabi/12.3.1/../../../../arm-none-eabi/lib/thumb/v7e-m+fp/hard\libc_nano.a
END GROUP
START GROUP
LOAD C:/ST/STM32CubeIDE_1.15.1/STM32CubeIDE/plugins/com.st.stm32cube.ide.mcu.externaltools.gnu-tools-for-stm32.12.3.rel1.win32_1.0.100.202403111256/tools/bin/../lib/gcc/arm-none-eabi/12.3.1/thumb/v7e-m+fp/hard\libgcc.a
LOAD C:/ST/STM32CubeIDE_1.15.1/STM32CubeIDE/plugins/com.st.stm32cube.ide.mcu.externaltools.gnu-tools-for-stm32.12.3.rel1.win32_1.0.100.202403111256/tools/bin/../lib/gcc/arm-none-eabi/12.3.1/../../../../arm-none-eabi/lib/thumb/v7e-m+fp/hard\libc_nano.a
LOAD C:/ST/STM32CubeIDE_1.15.1/STM32CubeIDE/plugins/com.st.stm32cube.ide.mcu.externaltools.gnu-tools-for-stm32.12.3.rel1.win32_1.0.100.202403111256/tools/bin/../lib/gcc/arm-none-eabi/12.3.1/../../../../arm-none-eabi/lib/thumb/v7e-m+fp/hard\libnosys.a
END GROUP
START GROUP
LOAD C:/ST/STM32CubeIDE_1.15.1/STM32CubeIDE/plugins/com.st.stm32cube.ide.mcu.externaltools.gnu-tools-for-stm32.12.3.rel1.win32_1.0.100.202403111256/tools/bin/../lib/gcc/arm-none-eabi/12.3.1/thumb/v7e-m+fp/hard\libgcc.a
LOAD C:/ST/STM32CubeIDE_1.15.1/STM32CubeIDE/plugins/com.st.stm32cube.ide.mcu.externaltools.gnu-tools-for-stm32.12.3.rel1.win32_1.0.100.202403111256/tools/bin/../lib/gcc/arm-none-eabi/12.3.1/../../../../arm-none-eabi/lib/thumb/v7e-m+fp/hard\libc_nano.a
LOAD C:/ST/STM32CubeIDE_1.15.1/STM32CubeIDE/plugins/com.st.stm32cube.ide.mcu.externaltools.gnu-tools-for-stm32.12.3.rel1.win32_1.0.100.202403111256/tools/bin/../lib/gcc/arm-none-eabi/12.3.1/../../../../arm-none-eabi/lib/thumb/v7e-m+fp/hard\libnosys.a
END GROUP
LOAD C:/ST/STM32CubeIDE_1.15.1/STM32CubeIDE/plugins/com.st.stm32cube.ide.mcu.externaltools.gnu-tools-for-stm32.12.3.rel1.win32_1.0.100.202403111256/tools/bin/../lib/gcc/arm-none-eabi/12.3.1/thumb/v7e-m+fp/hard/crtend.o
LOAD C:/ST/STM32CubeIDE_1.15.1/STM32CubeIDE/plugins/com.st.stm32cube.ide.mcu.externaltools.gnu-tools-for-stm32.12.3.rel1.win32_1.0.100.202403111256/tools/bin/../lib/gcc/arm-none-eabi/12.3.1/thumb/v7e-m+fp/hard/crtn.o
                0x20050000                        _estack = (ORIGIN (RAM) + LENGTH (RAM))
                0x00000200                        _Min_Heap_Size = 0x200
                0x00000400                        _Min_Stack_Size = 0x400

.isr_vector     0x08000000      0x1c8
                0x08000000                        . = ALIGN (0x4)
 *(.isr_vector)
 .isr_vector    0x08000000      0x1c8 ./Core/Startup/startup_stm32f746nghx.o
                0x08000000                g_pfnVectors
                0x080001c8                        . = ALIGN (0x4)

.text           0x080001d0     0xf720
                0x080001d0                        . = ALIGN (0x4)
 *(.text)
 .text          0x080001d0       0x40 C:/ST/STM32CubeIDE_1.15.1/STM32CubeIDE/plugins/com.st.stm32cube.ide.mcu.externaltools.gnu-tools-for-stm32.12.3.rel1.win32_1.0.100.202403111256/tools/bin/../lib/gcc/arm-none-eabi/12.3.1/thumb/v7e-m+fp/hard/crtbegin.o
 .text          0x08000210       0x14 C:/ST/STM32CubeIDE_1.15.1/STM32CubeIDE/plugins/com.st.stm32cube.ide.mcu.externaltools.gnu-tools-for-stm32.12.3.rel1.win32_1.0.100.202403111256/tools/bin/../lib/gcc/arm-none-eabi/12.3.1/../../../../arm-none-eabi/lib/thumb/v7e-m+fp/hard\libc_nano.a(libc_a-strcmp.o)
                0x08000210                strcmp
 *fill*         0x08000224        0xc 
 .text          0x08000230       0xa0 C:/ST/STM32CubeIDE_1.15.1/STM32CubeIDE/plugins/com.st.stm32cube.ide.mcu.externaltools.gnu-tools-for-stm32.12.3.rel1.win32_1.0.100.202403111256/tools/bin/../lib/gcc/arm-none-eabi/12.3.1/../../../../arm-none-eabi/lib/thumb/v7e-m+fp/hard\libc_nano.a(libc_a-memchr.o)
                0x08000230                memchr
 .text          0x080002d0       0x30 C:/ST/STM32CubeIDE_1.15.1/STM32CubeIDE/plugins/com.st.stm32cube.ide.mcu.externaltools.gnu-tools-for-stm32.12.3.rel1.win32_1.0.100.202403111256/tools/bin/../lib/gcc/arm-none-eabi/12.3.1/thumb/v7e-m+fp/hard\libgcc.a(_aeabi_uldivmod.o)
                0x080002d0                __aeabi_uldivmod
 .text          0x08000300      0x2bc C:/ST/STM32CubeIDE_1.15.1/STM32CubeIDE/plugins/com.st.stm32cube.ide.mcu.externaltools.gnu-tools-for-stm32.12.3.rel1.win32_1.0.100.202403111256/tools/bin/../lib/gcc/arm-none-eabi/12.3.1/thumb/v7e-m+fp/hard\libgcc.a(_udivmoddi4.o)
                0x08000300                __udivmoddi4
 .text          0x080005bc        0x4 C:/ST/STM32CubeIDE_1.15.1/STM32CubeIDE/plugins/com.st.stm32cube.ide.mcu.externaltools.gnu-tools-for-stm32.12.3.rel1.win32_1.0.100.202403111256/tools/bin/../lib/gcc/arm-none-eabi/12.3.1/thumb/v7e-m+fp/hard\libgcc.a(_dvmd_tls.o)
                0x080005bc                __aeabi_idiv0
                0x080005bc                __aeabi_ldiv0
 *(.text*)
 .text.cmd_i2c_dev_active
                0x080005c0       0x88 ./App/CMDLine/Commands/i2c_cmd.o
 .text.cmd_i2c_rtc_init
                0x08000648       0x8c ./App/CMDLine/Commands/i2c_cmd.o
 .text.cmd_i2c_rtc_deinit
                0x080006d4       0x7c ./App/CMDLine/Commands/i2c_cmd.o
 .text.cmd_i2c_rtc_set_time
                0x08000750       0xb4 ./App/CMDLine/Commands/i2c_cmd.o
 .text.cmd_i2c_rtc_set_date
                0x08000804       0xb4 ./App/CMDLine/Commands/i2c_cmd.o
 .text.cmd_i2c_rtc_get_time
                0x080008b8       0x80 ./App/CMDLine/Commands/i2c_cmd.o
 .text.cmd_i2c_rtc_get_date
                0x08000938       0x80 ./App/CMDLine/Commands/i2c_cmd.o
 .text.cmd_i2c_eeprom_init
                0x080009b8       0xc0 ./App/CMDLine/Commands/i2c_cmd.o
 .text.cmd_i2c_eeprom_deinit
                0x08000a78       0x98 ./App/CMDLine/Commands/i2c_cmd.o
 .text.cmd_i2c_eeprom_find
                0x08000b10       0xac ./App/CMDLine/Commands/i2c_cmd.o
 .text.Cmd_I2C_Register
                0x08000bbc       0xe4 ./App/CMDLine/Commands/i2c_cmd.o
                0x08000bbc                Cmd_I2C_Register
 .text.Cmd_Prepare_W25Q
                0x08000ca0       0x74 ./App/CMDLine/Commands/spi_cmd.o
 .text.Cmd_SPI_Register
                0x08000d14       0x20 ./App/CMDLine/Commands/spi_cmd.o
                0x08000d14                Cmd_SPI_Register
 .text.Cmd_help
                0x08000d34       0x60 ./App/CMDLine/Core/cmd.o
 .text.Cmd_Clear_CLI
                0x08000d94       0x20 ./App/CMDLine/Core/cmd.o
 .text.CLI_RegisterCommand
                0x08000db4       0x74 ./App/CMDLine/Core/cmd.o
                0x08000db4                CLI_RegisterCommand
 .text.process_command
                0x08000e28      0x198 ./App/CMDLine/Core/cmd.o
 .text.CLI_Task_Update
                0x08000fc0       0xc8 ./App/CMDLine/Core/cmd.o
 .text.CLI_Task
                0x08001088       0x16 ./App/CMDLine/Core/cmd.o
                0x08001088                CLI_Task
 *fill*         0x0800109e        0x2 
 .text.CLI_Init
                0x080010a0       0x6c ./App/CMDLine/Core/cmd.o
                0x080010a0                CLI_Init
 .text.CmdLineProcess
                0x0800110c       0xb8 ./App/CMDLine/Core/cmdline.o
                0x0800110c                CmdLineProcess
 .text.CDC_ReceiveCallback
                0x080011c4       0x8c ./App/CMDLine/Shell_IO/USB_CDC.o
                0x080011c4                CDC_ReceiveCallback
 .text.Console_Init
                0x08001250       0x28 ./App/CMDLine/Shell_IO/USB_CDC.o
                0x08001250                Console_Init
 .text.Console_Write
                0x08001278       0x46 ./App/CMDLine/Shell_IO/USB_CDC.o
                0x08001278                Console_Write
 *fill*         0x080012be        0x2 
 .text.Console_Available
                0x080012c0       0x28 ./App/CMDLine/Shell_IO/USB_CDC.o
                0x080012c0                Console_Available
 .text.Console_Read
                0x080012e8       0x44 ./App/CMDLine/Shell_IO/USB_CDC.o
                0x080012e8                Console_Read
 .text.i2c_emu_add_device
                0x0800132c       0x40 ./App/EmuDrivers/Src/i2c_device.o
                0x0800132c                i2c_emu_add_device
 .text.i2c_emu_remove_device
                0x0800136c       0x3c ./App/EmuDrivers/Src/i2c_device.o
                0x0800136c                i2c_emu_remove_device
 .text.i2c_set_slave_addr
                0x080013a8       0xa8 ./App/EmuDrivers/Src/i2c_device.o
                0x080013a8                i2c_set_slave_addr
 .text.HAL_I2C_AddrCallback
                0x08001450       0x5c ./App/EmuDrivers/Src/i2c_device.o
                0x08001450                HAL_I2C_AddrCallback
 .text.HAL_I2C_SlaveRxCpltCallback
                0x080014ac       0x48 ./App/EmuDrivers/Src/i2c_device.o
                0x080014ac                HAL_I2C_SlaveRxCpltCallback
 .text.HAL_I2C_SlaveTxCpltCallback
                0x080014f4       0x48 ./App/EmuDrivers/Src/i2c_device.o
                0x080014f4                HAL_I2C_SlaveTxCpltCallback
 .text.HAL_I2C_ListenCpltCallback
                0x0800153c       0x54 ./App/EmuDrivers/Src/i2c_device.o
                0x0800153c                HAL_I2C_ListenCpltCallback
 .text.find_eeprom
                0x08001590       0x60 ./App/EmuDrivers/Src/i2c_eeprom.o
                0x08001590                find_eeprom
 .text.eeprom_init
                0x080015f0       0xec ./App/EmuDrivers/Src/i2c_eeprom.o
                0x080015f0                eeprom_init
 .text.eeprom_deinit
                0x080016dc       0xb0 ./App/EmuDrivers/Src/i2c_eeprom.o
                0x080016dc                eeprom_deinit
 .text.eeprom_addr_handler
                0x0800178c       0x68 ./App/EmuDrivers/Src/i2c_eeprom.o
                0x0800178c                eeprom_addr_handler
 .text.eeprom_rx_handler
                0x080017f4       0xcc ./App/EmuDrivers/Src/i2c_eeprom.o
                0x080017f4                eeprom_rx_handler
 .text.eeprom_tx_handler
                0x080018c0       0x54 ./App/EmuDrivers/Src/i2c_eeprom.o
                0x080018c0                eeprom_tx_handler
 .text.eeprom_listen_handler
                0x08001914       0x94 ./App/EmuDrivers/Src/i2c_eeprom.o
                0x08001914                eeprom_listen_handler
 .text.bcd2bin  0x080019a8       0x32 ./App/EmuDrivers/Src/i2c_rtc.o
 *fill*         0x080019da        0x2 
 .text.bin2bcd  0x080019dc       0x48 ./App/EmuDrivers/Src/i2c_rtc.o
 .text.rtc_init
                0x08001a24       0x74 ./App/EmuDrivers/Src/i2c_rtc.o
                0x08001a24                rtc_init
 .text.rtc_deinit
                0x08001a98       0x2c ./App/EmuDrivers/Src/i2c_rtc.o
                0x08001a98                rtc_deinit
 .text.find_rtc
                0x08001ac4       0x34 ./App/EmuDrivers/Src/i2c_rtc.o
                0x08001ac4                find_rtc
 .text.rtc_set_time
                0x08001af8       0x48 ./App/EmuDrivers/Src/i2c_rtc.o
                0x08001af8                rtc_set_time
 .text.rtc_set_date
                0x08001b40       0x48 ./App/EmuDrivers/Src/i2c_rtc.o
                0x08001b40                rtc_set_date
 .text.rtc_get_time
                0x08001b88       0x48 ./App/EmuDrivers/Src/i2c_rtc.o
                0x08001b88                rtc_get_time
 .text.rtc_get_date
                0x08001bd0       0x48 ./App/EmuDrivers/Src/i2c_rtc.o
                0x08001bd0                rtc_get_date
 .text.rtc_tick
                0x08001c18       0xac ./App/EmuDrivers/Src/i2c_rtc.o
                0x08001c18                rtc_tick
 .text.rtc_addr_handler
                0x08001cc4       0x1c ./App/EmuDrivers/Src/i2c_rtc.o
                0x08001cc4                rtc_addr_handler
 .text.rtc_rx_handler
                0x08001ce0       0x58 ./App/EmuDrivers/Src/i2c_rtc.o
                0x08001ce0                rtc_rx_handler
 .text.rtc_tx_handler
                0x08001d38       0x44 ./App/EmuDrivers/Src/i2c_rtc.o
                0x08001d38                rtc_tx_handler
 .text.rtc_listen_handler
                0x08001d7c       0x14 ./App/EmuDrivers/Src/i2c_rtc.o
                0x08001d7c                rtc_listen_handler
 .text.__NVIC_EnableIRQ
                0x08001d90       0x3c ./App/EmuDrivers/Src/w25q_slave.o
 .text.__NVIC_SetPriority
                0x08001dcc       0x54 ./App/EmuDrivers/Src/w25q_slave.o
 .text.LL_SPI_TransmitData8
                0x08001e20       0x24 ./App/EmuDrivers/Src/w25q_slave.o
 .text.LL_SYSCFG_SetEXTISource
                0x08001e44       0x5c ./App/EmuDrivers/Src/w25q_slave.o
 .text.LL_EXTI_IsActiveFlag_0_31
                0x08001ea0       0x2c ./App/EmuDrivers/Src/w25q_slave.o
 .text.LL_EXTI_ClearFlag_0_31
                0x08001ecc       0x20 ./App/EmuDrivers/Src/w25q_slave.o
 .text.LL_GPIO_IsInputPinSet
                0x08001eec       0x2a ./App/EmuDrivers/Src/w25q_slave.o
 *fill*         0x08001f16        0x2 
 .text.W25Q_Slave_Init
                0x08001f18       0x78 ./App/EmuDrivers/Src/w25q_slave.o
                0x08001f18                W25Q_Slave_Init
 .text.Reset_W25Q
                0x08001f90       0x3c ./App/EmuDrivers/Src/w25q_slave.o
 .text.W25Q_Slave_IRQHandler
                0x08001fcc      0x220 ./App/EmuDrivers/Src/w25q_slave.o
                0x08001fcc                W25Q_Slave_IRQHandler
 .text.W25Q_PrepareData
                0x080021ec       0x56 ./App/EmuDrivers/Src/w25q_slave.o
                0x080021ec                W25Q_PrepareData
 *fill*         0x08002242        0x2 
 .text.EXTI9_5_IRQHandler
                0x08002244       0x38 ./App/EmuDrivers/Src/w25q_slave.o
                0x08002244                EXTI9_5_IRQHandler
 .text.__NVIC_GetPriorityGrouping
                0x0800227c       0x1c ./Core/Src/main.o
 .text.__NVIC_EnableIRQ
                0x08002298       0x3c ./Core/Src/main.o
 .text.__NVIC_SetPriority
                0x080022d4       0x54 ./Core/Src/main.o
 .text.NVIC_EncodePriority
                0x08002328       0x66 ./Core/Src/main.o
 .text.LL_SPI_Enable
                0x0800238e       0x20 ./Core/Src/main.o
 .text.LL_SPI_SetStandard
                0x080023ae       0x26 ./Core/Src/main.o
 .text.LL_SPI_DisableNSSPulseMgt
                0x080023d4       0x20 ./Core/Src/main.o
 .text.LL_SPI_EnableIT_RXNE
                0x080023f4       0x20 ./Core/Src/main.o
 .text.LL_AHB1_GRP1_EnableClock
                0x08002414       0x30 ./Core/Src/main.o
 .text.LL_APB2_GRP1_EnableClock
                0x08002444       0x30 ./Core/Src/main.o
 .text.LL_GPIO_TogglePin
                0x08002474       0x32 ./Core/Src/main.o
 *fill*         0x080024a6        0x2 
 .text.main     0x080024a8       0xb0 ./Core/Src/main.o
                0x080024a8                main
 .text.SystemClock_Config
                0x08002558       0xdc ./Core/Src/main.o
                0x08002558                SystemClock_Config
 .text.MX_I2C1_Init
                0x08002634       0x80 ./Core/Src/main.o
 .text.MX_SPI5_Init
                0x080026b4      0x13c ./Core/Src/main.o
 .text.MX_TIM2_Init
                0x080027f0       0x9c ./Core/Src/main.o
 .text.MX_TIM3_Init
                0x0800288c       0xa0 ./Core/Src/main.o
 .text.MX_GPIO_Init
                0x0800292c       0xc4 ./Core/Src/main.o
 .text.toggle_led
                0x080029f0       0x20 ./Core/Src/main.o
 .text.MPU_Config
                0x08002a10       0x58 ./Core/Src/main.o
 .text.HAL_TIM_PeriodElapsedCallback
                0x08002a68       0x44 ./Core/Src/main.o
                0x08002a68                HAL_TIM_PeriodElapsedCallback
 .text.Error_Handler
                0x08002aac        0xc ./Core/Src/main.o
                0x08002aac                Error_Handler
 .text.HAL_MspInit
                0x08002ab8       0x48 ./Core/Src/stm32f7xx_hal_msp.o
                0x08002ab8                HAL_MspInit
 .text.HAL_I2C_MspInit
                0x08002b00       0xe0 ./Core/Src/stm32f7xx_hal_msp.o
                0x08002b00                HAL_I2C_MspInit
 .text.HAL_I2C_MspDeInit
                0x08002be0       0x54 ./Core/Src/stm32f7xx_hal_msp.o
                0x08002be0                HAL_I2C_MspDeInit
 .text.HAL_TIM_Base_MspInit
                0x08002c34       0x80 ./Core/Src/stm32f7xx_hal_msp.o
                0x08002c34                HAL_TIM_Base_MspInit
 .text.HAL_InitTick
                0x08002cb4       0xe0 ./Core/Src/stm32f7xx_hal_timebase_tim.o
                0x08002cb4                HAL_InitTick
 .text.LL_SPI_IsActiveFlag_RXNE
                0x08002d94       0x26 ./Core/Src/stm32f7xx_it.o
 .text.LL_SPI_IsActiveFlag_OVR
                0x08002dba       0x26 ./Core/Src/stm32f7xx_it.o
 .text.LL_SPI_ClearFlag_OVR
                0x08002de0       0x24 ./Core/Src/stm32f7xx_it.o
 .text.LL_SPI_ReceiveData8
                0x08002e04       0x1c ./Core/Src/stm32f7xx_it.o
 .text.NMI_Handler
                0x08002e20        0x8 ./Core/Src/stm32f7xx_it.o
                0x08002e20                NMI_Handler
 .text.HardFault_Handler
                0x08002e28        0x8 ./Core/Src/stm32f7xx_it.o
                0x08002e28                HardFault_Handler
 .text.MemManage_Handler
                0x08002e30        0x8 ./Core/Src/stm32f7xx_it.o
                0x08002e30                MemManage_Handler
 .text.BusFault_Handler
                0x08002e38        0x8 ./Core/Src/stm32f7xx_it.o
                0x08002e38                BusFault_Handler
 .text.UsageFault_Handler
                0x08002e40        0x8 ./Core/Src/stm32f7xx_it.o
                0x08002e40                UsageFault_Handler
 .text.DebugMon_Handler
                0x08002e48        0xe ./Core/Src/stm32f7xx_it.o
                0x08002e48                DebugMon_Handler
 *fill*         0x08002e56        0x2 
 .text.TIM1_UP_TIM10_IRQHandler
                0x08002e58       0x14 ./Core/Src/stm32f7xx_it.o
                0x08002e58                TIM1_UP_TIM10_IRQHandler
 .text.TIM2_IRQHandler
                0x08002e6c       0x14 ./Core/Src/stm32f7xx_it.o
                0x08002e6c                TIM2_IRQHandler
 .text.TIM3_IRQHandler
                0x08002e80       0x14 ./Core/Src/stm32f7xx_it.o
                0x08002e80                TIM3_IRQHandler
 .text.I2C1_EV_IRQHandler
                0x08002e94       0x14 ./Core/Src/stm32f7xx_it.o
                0x08002e94                I2C1_EV_IRQHandler
 .text.I2C1_ER_IRQHandler
                0x08002ea8       0x14 ./Core/Src/stm32f7xx_it.o
                0x08002ea8                I2C1_ER_IRQHandler
 .text.OTG_FS_IRQHandler
                0x08002ebc       0x14 ./Core/Src/stm32f7xx_it.o
                0x08002ebc                OTG_FS_IRQHandler
 .text.SPI5_IRQHandler
                0x08002ed0       0x48 ./Core/Src/stm32f7xx_it.o
                0x08002ed0                SPI5_IRQHandler
 .text._sbrk    0x08002f18       0x6c ./Core/Src/sysmem.o
                0x08002f18                _sbrk
 .text.SystemInit
                0x08002f84       0x24 ./Core/Src/system_stm32f7xx.o
                0x08002f84                SystemInit
 .text.Reset_Handler
                0x08002fa8       0x50 ./Core/Startup/startup_stm32f746nghx.o
                0x08002fa8                Reset_Handler
 .text.Default_Handler
                0x08002ff8        0x2 ./Core/Startup/startup_stm32f746nghx.o
                0x08002ff8                RTC_Alarm_IRQHandler
                0x08002ff8                EXTI2_IRQHandler
                0x08002ff8                TIM8_CC_IRQHandler
                0x08002ff8                UART8_IRQHandler
                0x08002ff8                SPI4_IRQHandler
                0x08002ff8                TIM1_CC_IRQHandler
                0x08002ff8                DMA2_Stream5_IRQHandler
                0x08002ff8                DMA1_Stream5_IRQHandler
                0x08002ff8                PVD_IRQHandler
                0x08002ff8                TAMP_STAMP_IRQHandler
                0x08002ff8                CAN2_RX1_IRQHandler
                0x08002ff8                EXTI3_IRQHandler
                0x08002ff8                TIM8_TRG_COM_TIM14_IRQHandler
                0x08002ff8                TIM8_UP_TIM13_IRQHandler
                0x08002ff8                I2C3_ER_IRQHandler
                0x08002ff8                EXTI0_IRQHandler
                0x08002ff8                I2C2_EV_IRQHandler
                0x08002ff8                DMA1_Stream2_IRQHandler
                0x08002ff8                CAN1_RX0_IRQHandler
                0x08002ff8                FPU_IRQHandler
                0x08002ff8                OTG_HS_WKUP_IRQHandler
                0x08002ff8                LTDC_ER_IRQHandler
                0x08002ff8                CAN2_SCE_IRQHandler
                0x08002ff8                DMA2_Stream2_IRQHandler
                0x08002ff8                SPI1_IRQHandler
                0x08002ff8                TIM6_DAC_IRQHandler
                0x08002ff8                TIM1_BRK_TIM9_IRQHandler
                0x08002ff8                DCMI_IRQHandler
                0x08002ff8                CAN2_RX0_IRQHandler
                0x08002ff8                DMA2_Stream3_IRQHandler
                0x08002ff8                SAI2_IRQHandler
                0x08002ff8                USART6_IRQHandler
                0x08002ff8                USART3_IRQHandler
                0x08002ff8                CAN1_RX1_IRQHandler
                0x08002ff8                UART5_IRQHandler
                0x08002ff8                DMA2_Stream0_IRQHandler
                0x08002ff8                TIM4_IRQHandler
                0x08002ff8                QUADSPI_IRQHandler
                0x08002ff8                DMA1_Stream6_IRQHandler
                0x08002ff8                DMA1_Stream1_IRQHandler
                0x08002ff8                UART4_IRQHandler
                0x08002ff8                RCC_IRQHandler
                0x08002ff8                TIM8_BRK_TIM12_IRQHandler
                0x08002ff8                Default_Handler
                0x08002ff8                CEC_IRQHandler
                0x08002ff8                EXTI15_10_IRQHandler
                0x08002ff8                ADC_IRQHandler
                0x08002ff8                DMA1_Stream7_IRQHandler
                0x08002ff8                TIM7_IRQHandler
                0x08002ff8                SDMMC1_IRQHandler
                0x08002ff8                CAN2_TX_IRQHandler
                0x08002ff8                TIM5_IRQHandler
                0x08002ff8                DMA2_Stream7_IRQHandler
                0x08002ff8                I2C3_EV_IRQHandler
                0x08002ff8                RTC_WKUP_IRQHandler
                0x08002ff8                LTDC_IRQHandler
                0x08002ff8                ETH_WKUP_IRQHandler
                0x08002ff8                SPDIF_RX_IRQHandler
                0x08002ff8                SPI2_IRQHandler
                0x08002ff8                OTG_HS_EP1_IN_IRQHandler
                0x08002ff8                DMA1_Stream0_IRQHandler
                0x08002ff8                CAN1_TX_IRQHandler
                0x08002ff8                EXTI4_IRQHandler
                0x08002ff8                RNG_IRQHandler
                0x08002ff8                ETH_IRQHandler
                0x08002ff8                OTG_HS_EP1_OUT_IRQHandler
                0x08002ff8                WWDG_IRQHandler
                0x08002ff8                SPI6_IRQHandler
                0x08002ff8                I2C4_EV_IRQHandler
                0x08002ff8                OTG_FS_WKUP_IRQHandler
                0x08002ff8                TIM1_TRG_COM_TIM11_IRQHandler
                0x08002ff8                OTG_HS_IRQHandler
                0x08002ff8                DMA2D_IRQHandler
                0x08002ff8                EXTI1_IRQHandler
                0x08002ff8                UART7_IRQHandler
                0x08002ff8                USART2_IRQHandler
                0x08002ff8                I2C2_ER_IRQHandler
                0x08002ff8                DMA2_Stream1_IRQHandler
                0x08002ff8                CAN1_SCE_IRQHandler
                0x08002ff8                FLASH_IRQHandler
                0x08002ff8                DMA2_Stream4_IRQHandler
                0x08002ff8                USART1_IRQHandler
                0x08002ff8                SPI3_IRQHandler
                0x08002ff8                DMA1_Stream4_IRQHandler
                0x08002ff8                FMC_IRQHandler
                0x08002ff8                LPTIM1_IRQHandler
                0x08002ff8                I2C4_ER_IRQHandler
                0x08002ff8                DMA2_Stream6_IRQHandler
                0x08002ff8                SAI1_IRQHandler
                0x08002ff8                DMA1_Stream3_IRQHandler
 .text.HAL_Init
                0x08002ffa       0x1a ./Drivers/STM32F7xx_HAL_Driver/Src/stm32f7xx_hal.o
                0x08002ffa                HAL_Init
 .text.HAL_IncTick
                0x08003014       0x28 ./Drivers/STM32F7xx_HAL_Driver/Src/stm32f7xx_hal.o
                0x08003014                HAL_IncTick
 .text.HAL_GetTick
                0x0800303c       0x18 ./Drivers/STM32F7xx_HAL_Driver/Src/stm32f7xx_hal.o
                0x0800303c                HAL_GetTick
 .text.HAL_Delay
                0x08003054       0x48 ./Drivers/STM32F7xx_HAL_Driver/Src/stm32f7xx_hal.o
                0x08003054                HAL_Delay
 .text.__NVIC_SetPriorityGrouping
                0x0800309c       0x48 ./Drivers/STM32F7xx_HAL_Driver/Src/stm32f7xx_hal_cortex.o
 .text.__NVIC_GetPriorityGrouping
                0x080030e4       0x1c ./Drivers/STM32F7xx_HAL_Driver/Src/stm32f7xx_hal_cortex.o
 .text.__NVIC_EnableIRQ
                0x08003100       0x3c ./Drivers/STM32F7xx_HAL_Driver/Src/stm32f7xx_hal_cortex.o
 .text.__NVIC_DisableIRQ
                0x0800313c       0x48 ./Drivers/STM32F7xx_HAL_Driver/Src/stm32f7xx_hal_cortex.o
 .text.__NVIC_SetPriority
                0x08003184       0x54 ./Drivers/STM32F7xx_HAL_Driver/Src/stm32f7xx_hal_cortex.o
 .text.NVIC_EncodePriority
                0x080031d8       0x66 ./Drivers/STM32F7xx_HAL_Driver/Src/stm32f7xx_hal_cortex.o
 .text.HAL_NVIC_SetPriorityGrouping
                0x0800323e       0x16 ./Drivers/STM32F7xx_HAL_Driver/Src/stm32f7xx_hal_cortex.o
                0x0800323e                HAL_NVIC_SetPriorityGrouping
 .text.HAL_NVIC_SetPriority
                0x08003254       0x38 ./Drivers/STM32F7xx_HAL_Driver/Src/stm32f7xx_hal_cortex.o
                0x08003254                HAL_NVIC_SetPriority
 .text.HAL_NVIC_EnableIRQ
                0x0800328c       0x1c ./Drivers/STM32F7xx_HAL_Driver/Src/stm32f7xx_hal_cortex.o
                0x0800328c                HAL_NVIC_EnableIRQ
 .text.HAL_NVIC_DisableIRQ
                0x080032a8       0x1c ./Drivers/STM32F7xx_HAL_Driver/Src/stm32f7xx_hal_cortex.o
                0x080032a8                HAL_NVIC_DisableIRQ
 .text.HAL_MPU_Disable
                0x080032c4       0x30 ./Drivers/STM32F7xx_HAL_Driver/Src/stm32f7xx_hal_cortex.o
                0x080032c4                HAL_MPU_Disable
 .text.HAL_MPU_Enable
                0x080032f4       0x40 ./Drivers/STM32F7xx_HAL_Driver/Src/stm32f7xx_hal_cortex.o
                0x080032f4                HAL_MPU_Enable
 .text.HAL_MPU_ConfigRegion
                0x08003334       0x80 ./Drivers/STM32F7xx_HAL_Driver/Src/stm32f7xx_hal_cortex.o
                0x08003334                HAL_MPU_ConfigRegion
 .text.HAL_DMA_Abort_IT
                0x080033b4       0x44 ./Drivers/STM32F7xx_HAL_Driver/Src/stm32f7xx_hal_dma.o
                0x080033b4                HAL_DMA_Abort_IT
 .text.HAL_DMA_GetState
                0x080033f8       0x1c ./Drivers/STM32F7xx_HAL_Driver/Src/stm32f7xx_hal_dma.o
                0x080033f8                HAL_DMA_GetState
 .text.HAL_GPIO_Init
                0x08003414      0x358 ./Drivers/STM32F7xx_HAL_Driver/Src/stm32f7xx_hal_gpio.o
                0x08003414                HAL_GPIO_Init
 .text.HAL_GPIO_DeInit
                0x0800376c      0x218 ./Drivers/STM32F7xx_HAL_Driver/Src/stm32f7xx_hal_gpio.o
                0x0800376c                HAL_GPIO_DeInit
 .text.HAL_GPIO_WritePin
                0x08003984       0x32 ./Drivers/STM32F7xx_HAL_Driver/Src/stm32f7xx_hal_gpio.o
                0x08003984                HAL_GPIO_WritePin
 *fill*         0x080039b6        0x2 
 .text.HAL_I2C_Init
                0x080039b8      0x138 ./Drivers/STM32F7xx_HAL_Driver/Src/stm32f7xx_hal_i2c.o
                0x080039b8                HAL_I2C_Init
 .text.HAL_I2C_DeInit
                0x08003af0       0x5e ./Drivers/STM32F7xx_HAL_Driver/Src/stm32f7xx_hal_i2c.o
                0x08003af0                HAL_I2C_DeInit
 .text.HAL_I2C_Slave_Transmit
                0x08003b4e      0x29a ./Drivers/STM32F7xx_HAL_Driver/Src/stm32f7xx_hal_i2c.o
                0x08003b4e                HAL_I2C_Slave_Transmit
 .text.HAL_I2C_Slave_Receive
                0x08003de8      0x220 ./Drivers/STM32F7xx_HAL_Driver/Src/stm32f7xx_hal_i2c.o
                0x08003de8                HAL_I2C_Slave_Receive
 .text.HAL_I2C_Slave_Seq_Transmit_IT
                0x08004008      0x164 ./Drivers/STM32F7xx_HAL_Driver/Src/stm32f7xx_hal_i2c.o
                0x08004008                HAL_I2C_Slave_Seq_Transmit_IT
 .text.HAL_I2C_Slave_Seq_Receive_IT
                0x0800416c      0x164 ./Drivers/STM32F7xx_HAL_Driver/Src/stm32f7xx_hal_i2c.o
                0x0800416c                HAL_I2C_Slave_Seq_Receive_IT
 .text.HAL_I2C_EnableListen_IT
                0x080042d0       0x40 ./Drivers/STM32F7xx_HAL_Driver/Src/stm32f7xx_hal_i2c.o
                0x080042d0                HAL_I2C_EnableListen_IT
 .text.HAL_I2C_EV_IRQHandler
                0x08004310       0x34 ./Drivers/STM32F7xx_HAL_Driver/Src/stm32f7xx_hal_i2c.o
                0x08004310                HAL_I2C_EV_IRQHandler
 .text.HAL_I2C_ER_IRQHandler
                0x08004344       0xb6 ./Drivers/STM32F7xx_HAL_Driver/Src/stm32f7xx_hal_i2c.o
                0x08004344                HAL_I2C_ER_IRQHandler
 .text.HAL_I2C_MasterTxCpltCallback
                0x080043fa       0x14 ./Drivers/STM32F7xx_HAL_Driver/Src/stm32f7xx_hal_i2c.o
                0x080043fa                HAL_I2C_MasterTxCpltCallback
 .text.HAL_I2C_MasterRxCpltCallback
                0x0800440e       0x14 ./Drivers/STM32F7xx_HAL_Driver/Src/stm32f7xx_hal_i2c.o
                0x0800440e                HAL_I2C_MasterRxCpltCallback
 .text.HAL_I2C_MemTxCpltCallback
                0x08004422       0x14 ./Drivers/STM32F7xx_HAL_Driver/Src/stm32f7xx_hal_i2c.o
                0x08004422                HAL_I2C_MemTxCpltCallback
 .text.HAL_I2C_MemRxCpltCallback
                0x08004436       0x14 ./Drivers/STM32F7xx_HAL_Driver/Src/stm32f7xx_hal_i2c.o
                0x08004436                HAL_I2C_MemRxCpltCallback
 .text.HAL_I2C_ErrorCallback
                0x0800444a       0x14 ./Drivers/STM32F7xx_HAL_Driver/Src/stm32f7xx_hal_i2c.o
                0x0800444a                HAL_I2C_ErrorCallback
 .text.HAL_I2C_AbortCpltCallback
                0x0800445e       0x14 ./Drivers/STM32F7xx_HAL_Driver/Src/stm32f7xx_hal_i2c.o
                0x0800445e                HAL_I2C_AbortCpltCallback
 .text.I2C_Slave_ISR_IT
                0x08004472      0x1f2 ./Drivers/STM32F7xx_HAL_Driver/Src/stm32f7xx_hal_i2c.o
 .text.I2C_Master_ISR_DMA
                0x08004664      0x1f2 ./Drivers/STM32F7xx_HAL_Driver/Src/stm32f7xx_hal_i2c.o
 *fill*         0x08004856        0x2 
 .text.I2C_Mem_ISR_DMA
                0x08004858      0x288 ./Drivers/STM32F7xx_HAL_Driver/Src/stm32f7xx_hal_i2c.o
 .text.I2C_Slave_ISR_DMA
                0x08004ae0      0x1ae ./Drivers/STM32F7xx_HAL_Driver/Src/stm32f7xx_hal_i2c.o
 .text.I2C_ITAddrCplt
                0x08004c8e      0x108 ./Drivers/STM32F7xx_HAL_Driver/Src/stm32f7xx_hal_i2c.o
 .text.I2C_ITMasterSeqCplt
                0x08004d96       0x7a ./Drivers/STM32F7xx_HAL_Driver/Src/stm32f7xx_hal_i2c.o
 .text.I2C_ITSlaveSeqCplt
                0x08004e10       0xb8 ./Drivers/STM32F7xx_HAL_Driver/Src/stm32f7xx_hal_i2c.o
 .text.I2C_ITMasterCplt
                0x08004ec8      0x190 ./Drivers/STM32F7xx_HAL_Driver/Src/stm32f7xx_hal_i2c.o
 .text.I2C_ITSlaveCplt
                0x08005058      0x2c8 ./Drivers/STM32F7xx_HAL_Driver/Src/stm32f7xx_hal_i2c.o
 .text.I2C_ITListenCplt
                0x08005320       0xa8 ./Drivers/STM32F7xx_HAL_Driver/Src/stm32f7xx_hal_i2c.o
 .text.I2C_ITError
                0x080053c8      0x1e0 ./Drivers/STM32F7xx_HAL_Driver/Src/stm32f7xx_hal_i2c.o
 .text.I2C_TreatErrorCallback
                0x080055a8       0x4e ./Drivers/STM32F7xx_HAL_Driver/Src/stm32f7xx_hal_i2c.o
 .text.I2C_Flush_TXDR
                0x080055f6       0x48 ./Drivers/STM32F7xx_HAL_Driver/Src/stm32f7xx_hal_i2c.o
 .text.I2C_DMAAbort
                0x0800563e       0x3c ./Drivers/STM32F7xx_HAL_Driver/Src/stm32f7xx_hal_i2c.o
 .text.I2C_WaitOnFlagUntilTimeout
                0x0800567a       0xb2 ./Drivers/STM32F7xx_HAL_Driver/Src/stm32f7xx_hal_i2c.o
 .text.I2C_WaitOnTXISFlagUntilTimeout
                0x0800572c       0x8e ./Drivers/STM32F7xx_HAL_Driver/Src/stm32f7xx_hal_i2c.o
 .text.I2C_WaitOnSTOPFlagUntilTimeout
                0x080057ba       0x86 ./Drivers/STM32F7xx_HAL_Driver/Src/stm32f7xx_hal_i2c.o
 .text.I2C_WaitOnRXNEFlagUntilTimeout
                0x08005840      0x118 ./Drivers/STM32F7xx_HAL_Driver/Src/stm32f7xx_hal_i2c.o
 .text.I2C_IsErrorOccurred
                0x08005958      0x1c0 ./Drivers/STM32F7xx_HAL_Driver/Src/stm32f7xx_hal_i2c.o
 .text.I2C_TransferConfig
                0x08005b18       0x64 ./Drivers/STM32F7xx_HAL_Driver/Src/stm32f7xx_hal_i2c.o
 .text.I2C_Enable_IRQ
                0x08005b7c      0x108 ./Drivers/STM32F7xx_HAL_Driver/Src/stm32f7xx_hal_i2c.o
 .text.I2C_Disable_IRQ
                0x08005c84       0xbc ./Drivers/STM32F7xx_HAL_Driver/Src/stm32f7xx_hal_i2c.o
 .text.HAL_I2CEx_ConfigAnalogFilter
                0x08005d40       0x96 ./Drivers/STM32F7xx_HAL_Driver/Src/stm32f7xx_hal_i2c_ex.o
                0x08005d40                HAL_I2CEx_ConfigAnalogFilter
 .text.HAL_I2CEx_ConfigDigitalFilter
                0x08005dd6       0x98 ./Drivers/STM32F7xx_HAL_Driver/Src/stm32f7xx_hal_i2c_ex.o
                0x08005dd6                HAL_I2CEx_ConfigDigitalFilter
 .text.HAL_PCD_Init
                0x08005e6e      0x22c ./Drivers/STM32F7xx_HAL_Driver/Src/stm32f7xx_hal_pcd.o
                0x08005e6e                HAL_PCD_Init
 .text.HAL_PCD_Start
                0x0800609a       0x44 ./Drivers/STM32F7xx_HAL_Driver/Src/stm32f7xx_hal_pcd.o
                0x0800609a                HAL_PCD_Start
 .text.HAL_PCD_IRQHandler
                0x080060de      0x99c ./Drivers/STM32F7xx_HAL_Driver/Src/stm32f7xx_hal_pcd.o
                0x080060de                HAL_PCD_IRQHandler
 .text.HAL_PCD_SetAddress
                0x08006a7a       0x48 ./Drivers/STM32F7xx_HAL_Driver/Src/stm32f7xx_hal_pcd.o
                0x08006a7a                HAL_PCD_SetAddress
 .text.HAL_PCD_EP_Open
                0x08006ac2       0xd4 ./Drivers/STM32F7xx_HAL_Driver/Src/stm32f7xx_hal_pcd.o
                0x08006ac2                HAL_PCD_EP_Open
 .text.HAL_PCD_EP_Close
                0x08006b96       0x94 ./Drivers/STM32F7xx_HAL_Driver/Src/stm32f7xx_hal_pcd.o
                0x08006b96                HAL_PCD_EP_Close
 .text.HAL_PCD_EP_Receive
                0x08006c2a       0x76 ./Drivers/STM32F7xx_HAL_Driver/Src/stm32f7xx_hal_pcd.o
                0x08006c2a                HAL_PCD_EP_Receive
 .text.HAL_PCD_EP_GetRxCount
                0x08006ca0       0x30 ./Drivers/STM32F7xx_HAL_Driver/Src/stm32f7xx_hal_pcd.o
                0x08006ca0                HAL_PCD_EP_GetRxCount
 .text.HAL_PCD_EP_Transmit
                0x08006cd0       0x74 ./Drivers/STM32F7xx_HAL_Driver/Src/stm32f7xx_hal_pcd.o
                0x08006cd0                HAL_PCD_EP_Transmit
 .text.HAL_PCD_EP_SetStall
                0x08006d44       0xc6 ./Drivers/STM32F7xx_HAL_Driver/Src/stm32f7xx_hal_pcd.o
                0x08006d44                HAL_PCD_EP_SetStall
 .text.HAL_PCD_EP_ClrStall
                0x08006e0a       0xac ./Drivers/STM32F7xx_HAL_Driver/Src/stm32f7xx_hal_pcd.o
                0x08006e0a                HAL_PCD_EP_ClrStall
 .text.HAL_PCD_EP_Abort
                0x08006eb6       0x62 ./Drivers/STM32F7xx_HAL_Driver/Src/stm32f7xx_hal_pcd.o
                0x08006eb6                HAL_PCD_EP_Abort
 .text.PCD_WriteEmptyTxFifo
                0x08006f18      0x118 ./Drivers/STM32F7xx_HAL_Driver/Src/stm32f7xx_hal_pcd.o
 .text.PCD_EP_OutXfrComplete_int
                0x08007030      0x1d0 ./Drivers/STM32F7xx_HAL_Driver/Src/stm32f7xx_hal_pcd.o
 .text.PCD_EP_OutSetupPacket_int
                0x08007200       0x8c ./Drivers/STM32F7xx_HAL_Driver/Src/stm32f7xx_hal_pcd.o
 .text.HAL_PCDEx_SetTxFiFo
                0x0800728c       0x8e ./Drivers/STM32F7xx_HAL_Driver/Src/stm32f7xx_hal_pcd_ex.o
                0x0800728c                HAL_PCDEx_SetTxFiFo
 .text.HAL_PCDEx_SetRxFiFo
                0x0800731a       0x22 ./Drivers/STM32F7xx_HAL_Driver/Src/stm32f7xx_hal_pcd_ex.o
                0x0800731a                HAL_PCDEx_SetRxFiFo
 .text.HAL_PCDEx_ActivateLPM
                0x0800733c       0x48 ./Drivers/STM32F7xx_HAL_Driver/Src/stm32f7xx_hal_pcd_ex.o
                0x0800733c                HAL_PCDEx_ActivateLPM
 .text.HAL_RCC_OscConfig
                0x08007384      0x548 ./Drivers/STM32F7xx_HAL_Driver/Src/stm32f7xx_hal_rcc.o
                0x08007384                HAL_RCC_OscConfig
 .text.HAL_RCC_ClockConfig
                0x080078cc      0x1d8 ./Drivers/STM32F7xx_HAL_Driver/Src/stm32f7xx_hal_rcc.o
                0x080078cc                HAL_RCC_ClockConfig
 .text.HAL_RCC_GetSysClockFreq
                0x08007aa4      0x18c ./Drivers/STM32F7xx_HAL_Driver/Src/stm32f7xx_hal_rcc.o
                0x08007aa4                HAL_RCC_GetSysClockFreq
 .text.HAL_RCC_GetHCLKFreq
                0x08007c30       0x18 ./Drivers/STM32F7xx_HAL_Driver/Src/stm32f7xx_hal_rcc.o
                0x08007c30                HAL_RCC_GetHCLKFreq
 .text.HAL_RCC_GetPCLK2Freq
                0x08007c48       0x28 ./Drivers/STM32F7xx_HAL_Driver/Src/stm32f7xx_hal_rcc.o
                0x08007c48                HAL_RCC_GetPCLK2Freq
 .text.HAL_RCC_GetClockConfig
                0x08007c70       0x64 ./Drivers/STM32F7xx_HAL_Driver/Src/stm32f7xx_hal_rcc.o
                0x08007c70                HAL_RCC_GetClockConfig
 .text.HAL_RCCEx_PeriphCLKConfig
                0x08007cd4      0x7e0 ./Drivers/STM32F7xx_HAL_Driver/Src/stm32f7xx_hal_rcc_ex.o
                0x08007cd4                HAL_RCCEx_PeriphCLKConfig
 .text.HAL_TIM_Base_Init
                0x080084b4       0xae ./Drivers/STM32F7xx_HAL_Driver/Src/stm32f7xx_hal_tim.o
                0x080084b4                HAL_TIM_Base_Init
 *fill*         0x08008562        0x2 
 .text.HAL_TIM_Base_Start_IT
                0x08008564       0xf0 ./Drivers/STM32F7xx_HAL_Driver/Src/stm32f7xx_hal_tim.o
                0x08008564                HAL_TIM_Base_Start_IT
 .text.HAL_TIM_Base_Stop_IT
                0x08008654       0x60 ./Drivers/STM32F7xx_HAL_Driver/Src/stm32f7xx_hal_tim.o
                0x08008654                HAL_TIM_Base_Stop_IT
 .text.HAL_TIM_IRQHandler
                0x080086b4      0x20e ./Drivers/STM32F7xx_HAL_Driver/Src/stm32f7xx_hal_tim.o
                0x080086b4                HAL_TIM_IRQHandler
 *fill*         0x080088c2        0x2 
 .text.HAL_TIM_ConfigClockSource
                0x080088c4      0x194 ./Drivers/STM32F7xx_HAL_Driver/Src/stm32f7xx_hal_tim.o
                0x080088c4                HAL_TIM_ConfigClockSource
 .text.HAL_TIM_OC_DelayElapsedCallback
                0x08008a58       0x14 ./Drivers/STM32F7xx_HAL_Driver/Src/stm32f7xx_hal_tim.o
                0x08008a58                HAL_TIM_OC_DelayElapsedCallback
 .text.HAL_TIM_IC_CaptureCallback
                0x08008a6c       0x14 ./Drivers/STM32F7xx_HAL_Driver/Src/stm32f7xx_hal_tim.o
                0x08008a6c                HAL_TIM_IC_CaptureCallback
 .text.HAL_TIM_PWM_PulseFinishedCallback
                0x08008a80       0x14 ./Drivers/STM32F7xx_HAL_Driver/Src/stm32f7xx_hal_tim.o
                0x08008a80                HAL_TIM_PWM_PulseFinishedCallback
 .text.HAL_TIM_TriggerCallback
                0x08008a94       0x14 ./Drivers/STM32F7xx_HAL_Driver/Src/stm32f7xx_hal_tim.o
                0x08008a94                HAL_TIM_TriggerCallback
 .text.TIM_Base_SetConfig
                0x08008aa8      0x14c ./Drivers/STM32F7xx_HAL_Driver/Src/stm32f7xx_hal_tim.o
                0x08008aa8                TIM_Base_SetConfig
 .text.TIM_TI1_ConfigInputStage
                0x08008bf4       0x5e ./Drivers/STM32F7xx_HAL_Driver/Src/stm32f7xx_hal_tim.o
 .text.TIM_TI2_ConfigInputStage
                0x08008c52       0x60 ./Drivers/STM32F7xx_HAL_Driver/Src/stm32f7xx_hal_tim.o
 .text.TIM_ITRx_SetConfig
                0x08008cb2       0x36 ./Drivers/STM32F7xx_HAL_Driver/Src/stm32f7xx_hal_tim.o
 .text.TIM_ETR_SetConfig
                0x08008ce8       0x40 ./Drivers/STM32F7xx_HAL_Driver/Src/stm32f7xx_hal_tim.o
                0x08008ce8                TIM_ETR_SetConfig
 .text.HAL_TIMEx_MasterConfigSynchronization
                0x08008d28      0x11c ./Drivers/STM32F7xx_HAL_Driver/Src/stm32f7xx_hal_tim_ex.o
                0x08008d28                HAL_TIMEx_MasterConfigSynchronization
 .text.HAL_TIMEx_CommutCallback
                0x08008e44       0x14 ./Drivers/STM32F7xx_HAL_Driver/Src/stm32f7xx_hal_tim_ex.o
                0x08008e44                HAL_TIMEx_CommutCallback
 .text.HAL_TIMEx_BreakCallback
                0x08008e58       0x14 ./Drivers/STM32F7xx_HAL_Driver/Src/stm32f7xx_hal_tim_ex.o
                0x08008e58                HAL_TIMEx_BreakCallback
 .text.HAL_TIMEx_Break2Callback
                0x08008e6c       0x14 ./Drivers/STM32F7xx_HAL_Driver/Src/stm32f7xx_hal_tim_ex.o
                0x08008e6c                HAL_TIMEx_Break2Callback
 .text.LL_EXTI_EnableIT_0_31
                0x08008e80       0x24 ./Drivers/STM32F7xx_HAL_Driver/Src/stm32f7xx_ll_exti.o
 .text.LL_EXTI_DisableIT_0_31
                0x08008ea4       0x28 ./Drivers/STM32F7xx_HAL_Driver/Src/stm32f7xx_ll_exti.o
 .text.LL_EXTI_EnableEvent_0_31
                0x08008ecc       0x24 ./Drivers/STM32F7xx_HAL_Driver/Src/stm32f7xx_ll_exti.o
 .text.LL_EXTI_DisableEvent_0_31
                0x08008ef0       0x28 ./Drivers/STM32F7xx_HAL_Driver/Src/stm32f7xx_ll_exti.o
 .text.LL_EXTI_EnableRisingTrig_0_31
                0x08008f18       0x24 ./Drivers/STM32F7xx_HAL_Driver/Src/stm32f7xx_ll_exti.o
 .text.LL_EXTI_DisableRisingTrig_0_31
                0x08008f3c       0x28 ./Drivers/STM32F7xx_HAL_Driver/Src/stm32f7xx_ll_exti.o
 .text.LL_EXTI_EnableFallingTrig_0_31
                0x08008f64       0x24 ./Drivers/STM32F7xx_HAL_Driver/Src/stm32f7xx_ll_exti.o
 .text.LL_EXTI_DisableFallingTrig_0_31
                0x08008f88       0x28 ./Drivers/STM32F7xx_HAL_Driver/Src/stm32f7xx_ll_exti.o
 .text.LL_EXTI_Init
                0x08008fb0       0xfe ./Drivers/STM32F7xx_HAL_Driver/Src/stm32f7xx_ll_exti.o
                0x08008fb0                LL_EXTI_Init
 .text.LL_GPIO_SetPinMode
                0x080090ae       0x5e ./Drivers/STM32F7xx_HAL_Driver/Src/stm32f7xx_ll_gpio.o
 .text.LL_GPIO_SetPinOutputType
                0x0800910c       0x30 ./Drivers/STM32F7xx_HAL_Driver/Src/stm32f7xx_ll_gpio.o
 .text.LL_GPIO_SetPinSpeed
                0x0800913c       0x5e ./Drivers/STM32F7xx_HAL_Driver/Src/stm32f7xx_ll_gpio.o
 .text.LL_GPIO_SetPinPull
                0x0800919a       0x5e ./Drivers/STM32F7xx_HAL_Driver/Src/stm32f7xx_ll_gpio.o
 .text.LL_GPIO_SetAFPin_0_7
                0x080091f8       0x5e ./Drivers/STM32F7xx_HAL_Driver/Src/stm32f7xx_ll_gpio.o
 .text.LL_GPIO_SetAFPin_8_15
                0x08009256       0x62 ./Drivers/STM32F7xx_HAL_Driver/Src/stm32f7xx_ll_gpio.o
 .text.LL_GPIO_Init
                0x080092b8       0xe8 ./Drivers/STM32F7xx_HAL_Driver/Src/stm32f7xx_ll_gpio.o
                0x080092b8                LL_GPIO_Init
 .text.LL_SPI_IsEnabled
                0x080093a0       0x26 ./Drivers/STM32F7xx_HAL_Driver/Src/stm32f7xx_ll_spi.o
 .text.LL_SPI_SetRxFIFOThreshold
                0x080093c6       0x26 ./Drivers/STM32F7xx_HAL_Driver/Src/stm32f7xx_ll_spi.o
 .text.LL_SPI_SetCRCPolynomial
                0x080093ec       0x20 ./Drivers/STM32F7xx_HAL_Driver/Src/stm32f7xx_ll_spi.o
 .text.LL_SPI_Init
                0x0800940c       0xbc ./Drivers/STM32F7xx_HAL_Driver/Src/stm32f7xx_ll_spi.o
                0x0800940c                LL_SPI_Init
 .text.USB_CoreInit
                0x080094c8       0xb4 ./Drivers/STM32F7xx_HAL_Driver/Src/stm32f7xx_ll_usb.o
                0x080094c8                USB_CoreInit
 .text.USB_SetTurnaroundTime
                0x0800957c      0x144 ./Drivers/STM32F7xx_HAL_Driver/Src/stm32f7xx_ll_usb.o
                0x0800957c                USB_SetTurnaroundTime
 .text.USB_EnableGlobalInt
                0x080096c0       0x22 ./Drivers/STM32F7xx_HAL_Driver/Src/stm32f7xx_ll_usb.o
                0x080096c0                USB_EnableGlobalInt
 .text.USB_DisableGlobalInt
                0x080096e2       0x22 ./Drivers/STM32F7xx_HAL_Driver/Src/stm32f7xx_ll_usb.o
                0x080096e2                USB_DisableGlobalInt
 .text.USB_SetCurrentMode
                0x08009704       0x98 ./Drivers/STM32F7xx_HAL_Driver/Src/stm32f7xx_ll_usb.o
                0x08009704                USB_SetCurrentMode
 .text.USB_DevInit
                0x0800979c      0x2bc ./Drivers/STM32F7xx_HAL_Driver/Src/stm32f7xx_ll_usb.o
                0x0800979c                USB_DevInit
 .text.USB_FlushTxFifo
                0x08009a58       0x64 ./Drivers/STM32F7xx_HAL_Driver/Src/stm32f7xx_ll_usb.o
                0x08009a58                USB_FlushTxFifo
 .text.USB_FlushRxFifo
                0x08009abc       0x5c ./Drivers/STM32F7xx_HAL_Driver/Src/stm32f7xx_ll_usb.o
                0x08009abc                USB_FlushRxFifo
 .text.USB_SetDevSpeed
                0x08009b18       0x32 ./Drivers/STM32F7xx_HAL_Driver/Src/stm32f7xx_ll_usb.o
                0x08009b18                USB_SetDevSpeed
 .text.USB_GetDevSpeed
                0x08009b4a       0x4a ./Drivers/STM32F7xx_HAL_Driver/Src/stm32f7xx_ll_usb.o
                0x08009b4a                USB_GetDevSpeed
 .text.USB_ActivateEndpoint
                0x08009b94      0x110 ./Drivers/STM32F7xx_HAL_Driver/Src/stm32f7xx_ll_usb.o
                0x08009b94                USB_ActivateEndpoint
 .text.USB_DeactivateEndpoint
                0x08009ca4      0x1b8 ./Drivers/STM32F7xx_HAL_Driver/Src/stm32f7xx_ll_usb.o
                0x08009ca4                USB_DeactivateEndpoint
 .text.USB_EPStartXfer
                0x08009e5c      0x548 ./Drivers/STM32F7xx_HAL_Driver/Src/stm32f7xx_ll_usb.o
                0x08009e5c                USB_EPStartXfer
 .text.USB_EPStopXfer
                0x0800a3a4      0x154 ./Drivers/STM32F7xx_HAL_Driver/Src/stm32f7xx_ll_usb.o
                0x0800a3a4                USB_EPStopXfer
 .text.USB_WritePacket
                0x0800a4f8       0x7c ./Drivers/STM32F7xx_HAL_Driver/Src/stm32f7xx_ll_usb.o
                0x0800a4f8                USB_WritePacket
 .text.USB_ReadPacket
                0x0800a574       0xb0 ./Drivers/STM32F7xx_HAL_Driver/Src/stm32f7xx_ll_usb.o
                0x0800a574                USB_ReadPacket
 .text.USB_EPSetStall
                0x0800a624       0xdc ./Drivers/STM32F7xx_HAL_Driver/Src/stm32f7xx_ll_usb.o
                0x0800a624                USB_EPSetStall
 .text.USB_EPClearStall
                0x0800a700       0xcc ./Drivers/STM32F7xx_HAL_Driver/Src/stm32f7xx_ll_usb.o
                0x0800a700                USB_EPClearStall
 .text.USB_SetDevAddress
                0x0800a7cc       0x4c ./Drivers/STM32F7xx_HAL_Driver/Src/stm32f7xx_ll_usb.o
                0x0800a7cc                USB_SetDevAddress
 .text.USB_DevConnect
                0x0800a818       0x42 ./Drivers/STM32F7xx_HAL_Driver/Src/stm32f7xx_ll_usb.o
                0x0800a818                USB_DevConnect
 .text.USB_DevDisconnect
                0x0800a85a       0x42 ./Drivers/STM32F7xx_HAL_Driver/Src/stm32f7xx_ll_usb.o
                0x0800a85a                USB_DevDisconnect
 .text.USB_ReadInterrupts
                0x0800a89c       0x26 ./Drivers/STM32F7xx_HAL_Driver/Src/stm32f7xx_ll_usb.o
                0x0800a89c                USB_ReadInterrupts
 .text.USB_ReadDevAllOutEpInterrupt
                0x0800a8c2       0x34 ./Drivers/STM32F7xx_HAL_Driver/Src/stm32f7xx_ll_usb.o
                0x0800a8c2                USB_ReadDevAllOutEpInterrupt
 .text.USB_ReadDevAllInEpInterrupt
                0x0800a8f6       0x34 ./Drivers/STM32F7xx_HAL_Driver/Src/stm32f7xx_ll_usb.o
                0x0800a8f6                USB_ReadDevAllInEpInterrupt
 .text.USB_ReadDevOutEPInterrupt
                0x0800a92a       0x3c ./Drivers/STM32F7xx_HAL_Driver/Src/stm32f7xx_ll_usb.o
                0x0800a92a                USB_ReadDevOutEPInterrupt
 .text.USB_ReadDevInEPInterrupt
                0x0800a966       0x5c ./Drivers/STM32F7xx_HAL_Driver/Src/stm32f7xx_ll_usb.o
                0x0800a966                USB_ReadDevInEPInterrupt
 .text.USB_GetMode
                0x0800a9c2       0x1c ./Drivers/STM32F7xx_HAL_Driver/Src/stm32f7xx_ll_usb.o
                0x0800a9c2                USB_GetMode
 *fill*         0x0800a9de        0x2 
 .text.USB_ActivateSetup
                0x0800a9e0       0x48 ./Drivers/STM32F7xx_HAL_Driver/Src/stm32f7xx_ll_usb.o
                0x0800a9e0                USB_ActivateSetup
 .text.USB_EP0_OutStart
                0x0800aa28       0xbc ./Drivers/STM32F7xx_HAL_Driver/Src/stm32f7xx_ll_usb.o
                0x0800aa28                USB_EP0_OutStart
 .text.USB_CoreReset
                0x0800aae4       0x70 ./Drivers/STM32F7xx_HAL_Driver/Src/stm32f7xx_ll_usb.o
 .text.vListInitialise
                0x0800ab54       0x40 ./FreeRTOS/FreeRTOS-Kernel/list.o
                0x0800ab54                vListInitialise
 .text.vListInitialiseItem
                0x0800ab94       0x1a ./FreeRTOS/FreeRTOS-Kernel/list.o
                0x0800ab94                vListInitialiseItem
 .text.vListInsert
                0x0800abae       0x72 ./FreeRTOS/FreeRTOS-Kernel/list.o
                0x0800abae                vListInsert
 .text.uxListRemove
                0x0800ac20       0x54 ./FreeRTOS/FreeRTOS-Kernel/list.o
                0x0800ac20                uxListRemove
 .text.prvCreateTask
                0x0800ac74       0x78 ./FreeRTOS/FreeRTOS-Kernel/tasks.o
 .text.xTaskCreate
                0x0800acec       0x46 ./FreeRTOS/FreeRTOS-Kernel/tasks.o
                0x0800acec                xTaskCreate
 .text.prvInitialiseNewTask
                0x0800ad32      0x128 ./FreeRTOS/FreeRTOS-Kernel/tasks.o
 *fill*         0x0800ae5a        0x2 
 .text.prvAddNewTaskToReadyList
                0x0800ae5c      0x130 ./FreeRTOS/FreeRTOS-Kernel/tasks.o
 .text.vTaskDelay
                0x0800af8c       0x70 ./FreeRTOS/FreeRTOS-Kernel/tasks.o
                0x0800af8c                vTaskDelay
 .text.prvCreateIdleTasks
                0x0800affc       0x94 ./FreeRTOS/FreeRTOS-Kernel/tasks.o
 .text.vTaskStartScheduler
                0x0800b090       0x84 ./FreeRTOS/FreeRTOS-Kernel/tasks.o
                0x0800b090                vTaskStartScheduler
 .text.vTaskSuspendAll
                0x0800b114       0x1c ./FreeRTOS/FreeRTOS-Kernel/tasks.o
                0x0800b114                vTaskSuspendAll
 .text.xTaskResumeAll
                0x0800b130      0x214 ./FreeRTOS/FreeRTOS-Kernel/tasks.o
                0x0800b130                xTaskResumeAll
 .text.xTaskIncrementTick
                0x0800b344      0x238 ./FreeRTOS/FreeRTOS-Kernel/tasks.o
                0x0800b344                xTaskIncrementTick
 .text.vTaskSwitchContext
                0x0800b57c       0xc0 ./FreeRTOS/FreeRTOS-Kernel/tasks.o
                0x0800b57c                vTaskSwitchContext
 .text.prvIdleTask
                0x0800b63c       0x30 ./FreeRTOS/FreeRTOS-Kernel/tasks.o
 .text.prvInitialiseTaskLists
                0x0800b66c       0x80 ./FreeRTOS/FreeRTOS-Kernel/tasks.o
 .text.prvCheckTasksWaitingTermination
                0x0800b6ec       0x5c ./FreeRTOS/FreeRTOS-Kernel/tasks.o
 .text.prvDeleteTCB
                0x0800b748       0x20 ./FreeRTOS/FreeRTOS-Kernel/tasks.o
 .text.prvResetNextTaskUnblockTime
                0x0800b768       0x38 ./FreeRTOS/FreeRTOS-Kernel/tasks.o
 .text.prvAddCurrentTaskToDelayedList
                0x0800b7a0      0x104 ./FreeRTOS/FreeRTOS-Kernel/tasks.o
 .text.pxPortInitialiseStack
                0x0800b8a4       0x68 ./FreeRTOS/FreeRTOS-Kernel/portable/GCC/ARM_CM7/r0p1/port.o
                0x0800b8a4                pxPortInitialiseStack
 .text.prvTaskExitError
                0x0800b90c       0x64 ./FreeRTOS/FreeRTOS-Kernel/portable/GCC/ARM_CM7/r0p1/port.o
 .text.SVC_Handler
                0x0800b970       0x24 ./FreeRTOS/FreeRTOS-Kernel/portable/GCC/ARM_CM7/r0p1/port.o
                0x0800b970                SVC_Handler
 .text.prvPortStartFirstTask
                0x0800b994       0x2c ./FreeRTOS/FreeRTOS-Kernel/portable/GCC/ARM_CM7/r0p1/port.o
 .text.xPortStartScheduler
                0x0800b9c0      0x1a0 ./FreeRTOS/FreeRTOS-Kernel/portable/GCC/ARM_CM7/r0p1/port.o
                0x0800b9c0                xPortStartScheduler
 .text.vPortEnterCritical
                0x0800bb60       0x6c ./FreeRTOS/FreeRTOS-Kernel/portable/GCC/ARM_CM7/r0p1/port.o
                0x0800bb60                vPortEnterCritical
 .text.vPortExitCritical
                0x0800bbcc       0x58 ./FreeRTOS/FreeRTOS-Kernel/portable/GCC/ARM_CM7/r0p1/port.o
                0x0800bbcc                vPortExitCritical
 .text.PendSV_Handler
                0x0800bc24       0x68 ./FreeRTOS/FreeRTOS-Kernel/portable/GCC/ARM_CM7/r0p1/port.o
                0x0800bc24                PendSV_Handler
 .text.SysTick_Handler
                0x0800bc8c       0x48 ./FreeRTOS/FreeRTOS-Kernel/portable/GCC/ARM_CM7/r0p1/port.o
                0x0800bc8c                SysTick_Handler
 .text.vPortSetupTimerInterrupt
                0x0800bcd4       0x48 ./FreeRTOS/FreeRTOS-Kernel/portable/GCC/ARM_CM7/r0p1/port.o
                0x0800bcd4                vPortSetupTimerInterrupt
 .text.vPortEnableVFP
                0x0800bd1c       0x18 ./FreeRTOS/FreeRTOS-Kernel/portable/GCC/ARM_CM7/r0p1/port.o
 .text.pvPortMalloc
                0x0800bd34      0x27c ./FreeRTOS/FreeRTOS-Kernel/portable/MemMang/heap_4.o
                0x0800bd34                pvPortMalloc
 .text.vPortFree
                0x0800bfb0      0x100 ./FreeRTOS/FreeRTOS-Kernel/portable/MemMang/heap_4.o
                0x0800bfb0                vPortFree
 .text.prvHeapInit
                0x0800c0b0       0xb4 ./FreeRTOS/FreeRTOS-Kernel/portable/MemMang/heap_4.o
 .text.prvInsertBlockIntoFreeList
                0x0800c164       0xf8 ./FreeRTOS/FreeRTOS-Kernel/portable/MemMang/heap_4.o
 .text.USBD_CDC_Init
                0x0800c25c      0x1f0 ./Middlewares/ST/STM32_USB_Device_Library/Class/CDC/Src/usbd_cdc.o
 .text.USBD_CDC_DeInit
                0x0800c44c      0x104 ./Middlewares/ST/STM32_USB_Device_Library/Class/CDC/Src/usbd_cdc.o
 .text.USBD_CDC_Setup
                0x0800c550      0x1b8 ./Middlewares/ST/STM32_USB_Device_Library/Class/CDC/Src/usbd_cdc.o
 .text.USBD_CDC_DataIn
                0x0800c708       0xfe ./Middlewares/ST/STM32_USB_Device_Library/Class/CDC/Src/usbd_cdc.o
 .text.USBD_CDC_DataOut
                0x0800c806       0x70 ./Middlewares/ST/STM32_USB_Device_Library/Class/CDC/Src/usbd_cdc.o
 .text.USBD_CDC_EP0_RxReady
                0x0800c876       0x74 ./Middlewares/ST/STM32_USB_Device_Library/Class/CDC/Src/usbd_cdc.o
 *fill*         0x0800c8ea        0x2 
 .text.USBD_CDC_GetFSCfgDesc
                0x0800c8ec       0x70 ./Middlewares/ST/STM32_USB_Device_Library/Class/CDC/Src/usbd_cdc.o
 .text.USBD_CDC_GetHSCfgDesc
                0x0800c95c       0x70 ./Middlewares/ST/STM32_USB_Device_Library/Class/CDC/Src/usbd_cdc.o
 .text.USBD_CDC_GetOtherSpeedCfgDesc
                0x0800c9cc       0x70 ./Middlewares/ST/STM32_USB_Device_Library/Class/CDC/Src/usbd_cdc.o
 .text.USBD_CDC_GetDeviceQualifierDescriptor
                0x0800ca3c       0x20 ./Middlewares/ST/STM32_USB_Device_Library/Class/CDC/Src/usbd_cdc.o
                0x0800ca3c                USBD_CDC_GetDeviceQualifierDescriptor
 .text.USBD_CDC_RegisterInterface
                0x0800ca5c       0x34 ./Middlewares/ST/STM32_USB_Device_Library/Class/CDC/Src/usbd_cdc.o
                0x0800ca5c                USBD_CDC_RegisterInterface
 .text.USBD_CDC_SetTxBuffer
                0x0800ca90       0x44 ./Middlewares/ST/STM32_USB_Device_Library/Class/CDC/Src/usbd_cdc.o
                0x0800ca90                USBD_CDC_SetTxBuffer
 .text.USBD_CDC_SetRxBuffer
                0x0800cad4       0x3a ./Middlewares/ST/STM32_USB_Device_Library/Class/CDC/Src/usbd_cdc.o
                0x0800cad4                USBD_CDC_SetRxBuffer
 *fill*         0x0800cb0e        0x2 
 .text.USBD_CDC_TransmitPacket
                0x0800cb10       0x80 ./Middlewares/ST/STM32_USB_Device_Library/Class/CDC/Src/usbd_cdc.o
                0x0800cb10                USBD_CDC_TransmitPacket
 .text.USBD_CDC_ReceivePacket
                0x0800cb90       0x6c ./Middlewares/ST/STM32_USB_Device_Library/Class/CDC/Src/usbd_cdc.o
                0x0800cb90                USBD_CDC_ReceivePacket
 .text.USBD_Init
                0x0800cbfc       0x60 ./Middlewares/ST/STM32_USB_Device_Library/Core/Src/usbd_core.o
                0x0800cbfc                USBD_Init
 .text.USBD_RegisterClass
                0x0800cc5c       0x6c ./Middlewares/ST/STM32_USB_Device_Library/Core/Src/usbd_core.o
                0x0800cc5c                USBD_RegisterClass
 .text.USBD_Start
                0x0800ccc8       0x18 ./Middlewares/ST/STM32_USB_Device_Library/Core/Src/usbd_core.o
                0x0800ccc8                USBD_Start
 .text.USBD_RunTestMode
                0x0800cce0       0x16 ./Middlewares/ST/STM32_USB_Device_Library/Core/Src/usbd_core.o
                0x0800cce0                USBD_RunTestMode
 .text.USBD_SetClassConfig
                0x0800ccf6       0x38 ./Middlewares/ST/STM32_USB_Device_Library/Core/Src/usbd_core.o
                0x0800ccf6                USBD_SetClassConfig
 .text.USBD_ClrClassConfig
                0x0800cd2e       0x34 ./Middlewares/ST/STM32_USB_Device_Library/Core/Src/usbd_core.o
                0x0800cd2e                USBD_ClrClassConfig
 .text.USBD_LL_SetupStage
                0x0800cd62       0xaa ./Middlewares/ST/STM32_USB_Device_Library/Core/Src/usbd_core.o
                0x0800cd62                USBD_LL_SetupStage
 .text.USBD_LL_DataOutStage
                0x0800ce0c      0x178 ./Middlewares/ST/STM32_USB_Device_Library/Core/Src/usbd_core.o
                0x0800ce0c                USBD_LL_DataOutStage
 .text.USBD_LL_DataInStage
                0x0800cf84      0x176 ./Middlewares/ST/STM32_USB_Device_Library/Core/Src/usbd_core.o
                0x0800cf84                USBD_LL_DataInStage
 .text.USBD_LL_Reset
                0x0800d0fa       0xa6 ./Middlewares/ST/STM32_USB_Device_Library/Core/Src/usbd_core.o
                0x0800d0fa                USBD_LL_Reset
 .text.USBD_LL_SetSpeed
                0x0800d1a0       0x20 ./Middlewares/ST/STM32_USB_Device_Library/Core/Src/usbd_core.o
                0x0800d1a0                USBD_LL_SetSpeed
 .text.USBD_LL_Suspend
                0x0800d1c0       0x38 ./Middlewares/ST/STM32_USB_Device_Library/Core/Src/usbd_core.o
                0x0800d1c0                USBD_LL_Suspend
 .text.USBD_LL_Resume
                0x0800d1f8       0x30 ./Middlewares/ST/STM32_USB_Device_Library/Core/Src/usbd_core.o
                0x0800d1f8                USBD_LL_Resume
 .text.USBD_LL_SOF
                0x0800d228       0x40 ./Middlewares/ST/STM32_USB_Device_Library/Core/Src/usbd_core.o
                0x0800d228                USBD_LL_SOF
 .text.USBD_LL_IsoINIncomplete
                0x0800d268       0x64 ./Middlewares/ST/STM32_USB_Device_Library/Core/Src/usbd_core.o
                0x0800d268                USBD_LL_IsoINIncomplete
 .text.USBD_LL_IsoOUTIncomplete
                0x0800d2cc       0x64 ./Middlewares/ST/STM32_USB_Device_Library/Core/Src/usbd_core.o
                0x0800d2cc                USBD_LL_IsoOUTIncomplete
 .text.USBD_LL_DevConnected
                0x0800d330       0x16 ./Middlewares/ST/STM32_USB_Device_Library/Core/Src/usbd_core.o
                0x0800d330                USBD_LL_DevConnected
 .text.USBD_LL_DevDisconnected
                0x0800d346       0x46 ./Middlewares/ST/STM32_USB_Device_Library/Core/Src/usbd_core.o
                0x0800d346                USBD_LL_DevDisconnected
 .text.USBD_CoreFindIF
                0x0800d38c       0x1a ./Middlewares/ST/STM32_USB_Device_Library/Core/Src/usbd_core.o
                0x0800d38c                USBD_CoreFindIF
 .text.USBD_CoreFindEP
                0x0800d3a6       0x1a ./Middlewares/ST/STM32_USB_Device_Library/Core/Src/usbd_core.o
                0x0800d3a6                USBD_CoreFindEP
 .text.USBD_GetEpDesc
                0x0800d3c0       0x70 ./Middlewares/ST/STM32_USB_Device_Library/Core/Src/usbd_core.o
                0x0800d3c0                USBD_GetEpDesc
 .text.USBD_GetNextDesc
                0x0800d430       0x38 ./Middlewares/ST/STM32_USB_Device_Library/Core/Src/usbd_core.o
                0x0800d430                USBD_GetNextDesc
 .text.SWAPBYTE
                0x0800d468       0x3c ./Middlewares/ST/STM32_USB_Device_Library/Core/Src/usbd_ctlreq.o
 .text.USBD_StdDevReq
                0x0800d4a4       0xe4 ./Middlewares/ST/STM32_USB_Device_Library/Core/Src/usbd_ctlreq.o
                0x0800d4a4                USBD_StdDevReq
 .text.USBD_StdItfReq
                0x0800d588       0xd8 ./Middlewares/ST/STM32_USB_Device_Library/Core/Src/usbd_ctlreq.o
                0x0800d588                USBD_StdItfReq
 .text.USBD_StdEPReq
                0x0800d660      0x33e ./Middlewares/ST/STM32_USB_Device_Library/Core/Src/usbd_ctlreq.o
                0x0800d660                USBD_StdEPReq
 *fill*         0x0800d99e        0x2 
 .text.USBD_GetDescriptor
                0x0800d9a0      0x328 ./Middlewares/ST/STM32_USB_Device_Library/Core/Src/usbd_ctlreq.o
 .text.USBD_SetAddress
                0x0800dcc8       0x88 ./Middlewares/ST/STM32_USB_Device_Library/Core/Src/usbd_ctlreq.o
 .text.USBD_SetConfig
                0x0800dd50      0x154 ./Middlewares/ST/STM32_USB_Device_Library/Core/Src/usbd_ctlreq.o
 .text.USBD_GetConfig
                0x0800dea4       0x6c ./Middlewares/ST/STM32_USB_Device_Library/Core/Src/usbd_ctlreq.o
 .text.USBD_GetStatus
                0x0800df10       0x68 ./Middlewares/ST/STM32_USB_Device_Library/Core/Src/usbd_ctlreq.o
 .text.USBD_SetFeature
                0x0800df78       0x52 ./Middlewares/ST/STM32_USB_Device_Library/Core/Src/usbd_ctlreq.o
 .text.USBD_ClrFeature
                0x0800dfca       0x44 ./Middlewares/ST/STM32_USB_Device_Library/Core/Src/usbd_ctlreq.o
 .text.USBD_ParseSetupRequest
                0x0800e00e       0x74 ./Middlewares/ST/STM32_USB_Device_Library/Core/Src/usbd_ctlreq.o
                0x0800e00e                USBD_ParseSetupRequest
 .text.USBD_CtlError
                0x0800e082       0x22 ./Middlewares/ST/STM32_USB_Device_Library/Core/Src/usbd_ctlreq.o
                0x0800e082                USBD_CtlError
 .text.USBD_GetString
                0x0800e0a4       0xa4 ./Middlewares/ST/STM32_USB_Device_Library/Core/Src/usbd_ctlreq.o
                0x0800e0a4                USBD_GetString
 .text.USBD_GetLen
                0x0800e148       0x34 ./Middlewares/ST/STM32_USB_Device_Library/Core/Src/usbd_ctlreq.o
 .text.USBD_CtlSendData
                0x0800e17c       0x3c ./Middlewares/ST/STM32_USB_Device_Library/Core/Src/usbd_ioreq.o
                0x0800e17c                USBD_CtlSendData
 .text.USBD_CtlContinueSendData
                0x0800e1b8       0x22 ./Middlewares/ST/STM32_USB_Device_Library/Core/Src/usbd_ioreq.o
                0x0800e1b8                USBD_CtlContinueSendData
 .text.USBD_CtlPrepareRx
                0x0800e1da       0x42 ./Middlewares/ST/STM32_USB_Device_Library/Core/Src/usbd_ioreq.o
                0x0800e1da                USBD_CtlPrepareRx
 .text.USBD_CtlContinueRx
                0x0800e21c       0x22 ./Middlewares/ST/STM32_USB_Device_Library/Core/Src/usbd_ioreq.o
                0x0800e21c                USBD_CtlContinueRx
 .text.USBD_CtlSendStatus
                0x0800e23e       0x26 ./Middlewares/ST/STM32_USB_Device_Library/Core/Src/usbd_ioreq.o
                0x0800e23e                USBD_CtlSendStatus
 .text.USBD_CtlReceiveStatus
                0x0800e264       0x26 ./Middlewares/ST/STM32_USB_Device_Library/Core/Src/usbd_ioreq.o
                0x0800e264                USBD_CtlReceiveStatus
 *fill*         0x0800e28a        0x2 
 .text.MX_USB_DEVICE_Init
                0x0800e28c       0x60 ./USB_DEVICE/App/usb_device.o
                0x0800e28c                MX_USB_DEVICE_Init
 .text.CDC_Init_FS
                0x0800e2ec       0x28 ./USB_DEVICE/App/usbd_cdc_if.o
 .text.CDC_DeInit_FS
                0x0800e314       0x10 ./USB_DEVICE/App/usbd_cdc_if.o
 .text.CDC_Control_FS
                0x0800e324       0xbc ./USB_DEVICE/App/usbd_cdc_if.o
 .text.CDC_Receive_FS
                0x0800e3e0       0x30 ./USB_DEVICE/App/usbd_cdc_if.o
 .text.CDC_Transmit_FS
                0x0800e410       0x4c ./USB_DEVICE/App/usbd_cdc_if.o
                0x0800e410                CDC_Transmit_FS
 .text.CDC_TransmitCplt_FS
                0x0800e45c       0x22 ./USB_DEVICE/App/usbd_cdc_if.o
 *fill*         0x0800e47e        0x2 
 .text.USBD_FS_DeviceDescriptor
                0x0800e480       0x24 ./USB_DEVICE/App/usbd_desc.o
                0x0800e480                USBD_FS_DeviceDescriptor
 .text.USBD_FS_LangIDStrDescriptor
                0x0800e4a4       0x24 ./USB_DEVICE/App/usbd_desc.o
                0x0800e4a4                USBD_FS_LangIDStrDescriptor
 .text.USBD_FS_ProductStrDescriptor
                0x0800e4c8       0x3c ./USB_DEVICE/App/usbd_desc.o
                0x0800e4c8                USBD_FS_ProductStrDescriptor
 .text.USBD_FS_ManufacturerStrDescriptor
                0x0800e504       0x28 ./USB_DEVICE/App/usbd_desc.o
                0x0800e504                USBD_FS_ManufacturerStrDescriptor
 .text.USBD_FS_SerialStrDescriptor
                0x0800e52c       0x24 ./USB_DEVICE/App/usbd_desc.o
                0x0800e52c                USBD_FS_SerialStrDescriptor
 .text.USBD_FS_ConfigStrDescriptor
                0x0800e550       0x3c ./USB_DEVICE/App/usbd_desc.o
                0x0800e550                USBD_FS_ConfigStrDescriptor
 .text.USBD_FS_InterfaceStrDescriptor
                0x0800e58c       0x3c ./USB_DEVICE/App/usbd_desc.o
                0x0800e58c                USBD_FS_InterfaceStrDescriptor
 .text.USBD_FS_USR_BOSDescriptor
                0x0800e5c8       0x24 ./USB_DEVICE/App/usbd_desc.o
                0x0800e5c8                USBD_FS_USR_BOSDescriptor
 .text.Get_SerialNum
                0x0800e5ec       0x58 ./USB_DEVICE/App/usbd_desc.o
 .text.IntToUnicode
                0x0800e644       0x7e ./USB_DEVICE/App/usbd_desc.o
 *fill*         0x0800e6c2        0x2 
 .text.HAL_PCD_MspInit
                0x0800e6c4      0x100 ./USB_DEVICE/Target/usbd_conf.o
                0x0800e6c4                HAL_PCD_MspInit
 .text.HAL_PCD_SetupStageCallback
                0x0800e7c4       0x24 ./USB_DEVICE/Target/usbd_conf.o
                0x0800e7c4                HAL_PCD_SetupStageCallback
 .text.HAL_PCD_DataOutStageCallback
                0x0800e7e8       0x36 ./USB_DEVICE/Target/usbd_conf.o
                0x0800e7e8                HAL_PCD_DataOutStageCallback
 .text.HAL_PCD_DataInStageCallback
                0x0800e81e       0x34 ./USB_DEVICE/Target/usbd_conf.o
                0x0800e81e                HAL_PCD_DataInStageCallback
 .text.HAL_PCD_SOFCallback
                0x0800e852       0x1c ./USB_DEVICE/Target/usbd_conf.o
                0x0800e852                HAL_PCD_SOFCallback
 .text.HAL_PCD_ResetCallback
                0x0800e86e       0x50 ./USB_DEVICE/Target/usbd_conf.o
                0x0800e86e                HAL_PCD_ResetCallback
 *fill*         0x0800e8be        0x2 
 .text.HAL_PCD_SuspendCallback
                0x0800e8c0       0x4c ./USB_DEVICE/Target/usbd_conf.o
                0x0800e8c0                HAL_PCD_SuspendCallback
 .text.HAL_PCD_ResumeCallback
                0x0800e90c       0x1c ./USB_DEVICE/Target/usbd_conf.o
                0x0800e90c                HAL_PCD_ResumeCallback
 .text.HAL_PCD_ISOOUTIncompleteCallback
                0x0800e928       0x24 ./USB_DEVICE/Target/usbd_conf.o
                0x0800e928                HAL_PCD_ISOOUTIncompleteCallback
 .text.HAL_PCD_ISOINIncompleteCallback
                0x0800e94c       0x24 ./USB_DEVICE/Target/usbd_conf.o
                0x0800e94c                HAL_PCD_ISOINIncompleteCallback
 .text.HAL_PCD_ConnectCallback
                0x0800e970       0x1c ./USB_DEVICE/Target/usbd_conf.o
                0x0800e970                HAL_PCD_ConnectCallback
 .text.HAL_PCD_DisconnectCallback
                0x0800e98c       0x1c ./USB_DEVICE/Target/usbd_conf.o
                0x0800e98c                HAL_PCD_DisconnectCallback
 .text.USBD_LL_Init
                0x0800e9a8       0x98 ./USB_DEVICE/Target/usbd_conf.o
                0x0800e9a8                USBD_LL_Init
 .text.USBD_LL_Start
                0x0800ea40       0x36 ./USB_DEVICE/Target/usbd_conf.o
                0x0800ea40                USBD_LL_Start
 .text.USBD_LL_OpenEP
                0x0800ea76       0x4c ./USB_DEVICE/Target/usbd_conf.o
                0x0800ea76                USBD_LL_OpenEP
 .text.USBD_LL_CloseEP
                0x0800eac2       0x3e ./USB_DEVICE/Target/usbd_conf.o
                0x0800eac2                USBD_LL_CloseEP
 .text.USBD_LL_StallEP
                0x0800eb00       0x3e ./USB_DEVICE/Target/usbd_conf.o
                0x0800eb00                USBD_LL_StallEP
 .text.USBD_LL_ClearStallEP
                0x0800eb3e       0x3e ./USB_DEVICE/Target/usbd_conf.o
                0x0800eb3e                USBD_LL_ClearStallEP
 .text.USBD_LL_IsStallEP
                0x0800eb7c       0x58 ./USB_DEVICE/Target/usbd_conf.o
                0x0800eb7c                USBD_LL_IsStallEP
 .text.USBD_LL_SetUSBAddress
                0x0800ebd4       0x3e ./USB_DEVICE/Target/usbd_conf.o
                0x0800ebd4                USBD_LL_SetUSBAddress
 .text.USBD_LL_Transmit
                0x0800ec12       0x42 ./USB_DEVICE/Target/usbd_conf.o
                0x0800ec12                USBD_LL_Transmit
 .text.USBD_LL_PrepareReceive
                0x0800ec54       0x42 ./USB_DEVICE/Target/usbd_conf.o
                0x0800ec54                USBD_LL_PrepareReceive
 .text.USBD_LL_GetRxDataSize
                0x0800ec96       0x26 ./USB_DEVICE/Target/usbd_conf.o
                0x0800ec96                USBD_LL_GetRxDataSize
 .text.HAL_PCDEx_LPM_Callback
                0x0800ecbc       0x9c ./USB_DEVICE/Target/usbd_conf.o
                0x0800ecbc                HAL_PCDEx_LPM_Callback
 .text.SystemClockConfig_Resume
                0x0800ed58        0xc ./USB_DEVICE/Target/usbd_conf.o
 .text.USBD_Get_USB_Status
                0x0800ed64       0x58 ./USB_DEVICE/Target/usbd_conf.o
                0x0800ed64                USBD_Get_USB_Status
 .text.atoi     0x0800edbc        0x8 C:/ST/STM32CubeIDE_1.15.1/STM32CubeIDE/plugins/com.st.stm32cube.ide.mcu.externaltools.gnu-tools-for-stm32.12.3.rel1.win32_1.0.100.202403111256/tools/bin/../lib/gcc/arm-none-eabi/12.3.1/../../../../arm-none-eabi/lib/thumb/v7e-m+fp/hard\libc_nano.a(libc_a-atoi.o)
                0x0800edbc                atoi
 .text.malloc   0x0800edc4       0x10 C:/ST/STM32CubeIDE_1.15.1/STM32CubeIDE/plugins/com.st.stm32cube.ide.mcu.externaltools.gnu-tools-for-stm32.12.3.rel1.win32_1.0.100.202403111256/tools/bin/../lib/gcc/arm-none-eabi/12.3.1/../../../../arm-none-eabi/lib/thumb/v7e-m+fp/hard\libc_nano.a(libc_a-malloc.o)
                0x0800edc4                malloc
 .text.free     0x0800edd4       0x10 C:/ST/STM32CubeIDE_1.15.1/STM32CubeIDE/plugins/com.st.stm32cube.ide.mcu.externaltools.gnu-tools-for-stm32.12.3.rel1.win32_1.0.100.202403111256/tools/bin/../lib/gcc/arm-none-eabi/12.3.1/../../../../arm-none-eabi/lib/thumb/v7e-m+fp/hard\libc_nano.a(libc_a-malloc.o)
                0x0800edd4                free
 .text.sbrk_aligned
                0x0800ede4       0x44 C:/ST/STM32CubeIDE_1.15.1/STM32CubeIDE/plugins/com.st.stm32cube.ide.mcu.externaltools.gnu-tools-for-stm32.12.3.rel1.win32_1.0.100.202403111256/tools/bin/../lib/gcc/arm-none-eabi/12.3.1/../../../../arm-none-eabi/lib/thumb/v7e-m+fp/hard\libc_nano.a(libc_a-mallocr.o)
 .text._malloc_r
                0x0800ee28      0x100 C:/ST/STM32CubeIDE_1.15.1/STM32CubeIDE/plugins/com.st.stm32cube.ide.mcu.externaltools.gnu-tools-for-stm32.12.3.rel1.win32_1.0.100.202403111256/tools/bin/../lib/gcc/arm-none-eabi/12.3.1/../../../../arm-none-eabi/lib/thumb/v7e-m+fp/hard\libc_nano.a(libc_a-mallocr.o)
                0x0800ee28                _malloc_r
 .text.__malloc_lock
                0x0800ef28        0xc C:/ST/STM32CubeIDE_1.15.1/STM32CubeIDE/plugins/com.st.stm32cube.ide.mcu.externaltools.gnu-tools-for-stm32.12.3.rel1.win32_1.0.100.202403111256/tools/bin/../lib/gcc/arm-none-eabi/12.3.1/../../../../arm-none-eabi/lib/thumb/v7e-m+fp/hard\libc_nano.a(libc_a-mlock.o)
                0x0800ef28                __malloc_lock
 .text.__malloc_unlock
                0x0800ef34        0xc C:/ST/STM32CubeIDE_1.15.1/STM32CubeIDE/plugins/com.st.stm32cube.ide.mcu.externaltools.gnu-tools-for-stm32.12.3.rel1.win32_1.0.100.202403111256/tools/bin/../lib/gcc/arm-none-eabi/12.3.1/../../../../arm-none-eabi/lib/thumb/v7e-m+fp/hard\libc_nano.a(libc_a-mlock.o)
                0x0800ef34                __malloc_unlock
 .text._strtol_l.constprop.0
                0x0800ef40       0xf4 C:/ST/STM32CubeIDE_1.15.1/STM32CubeIDE/plugins/com.st.stm32cube.ide.mcu.externaltools.gnu-tools-for-stm32.12.3.rel1.win32_1.0.100.202403111256/tools/bin/../lib/gcc/arm-none-eabi/12.3.1/../../../../arm-none-eabi/lib/thumb/v7e-m+fp/hard\libc_nano.a(libc_a-strtol.o)
 .text.strtol   0x0800f034       0x14 C:/ST/STM32CubeIDE_1.15.1/STM32CubeIDE/plugins/com.st.stm32cube.ide.mcu.externaltools.gnu-tools-for-stm32.12.3.rel1.win32_1.0.100.202403111256/tools/bin/../lib/gcc/arm-none-eabi/12.3.1/../../../../arm-none-eabi/lib/thumb/v7e-m+fp/hard\libc_nano.a(libc_a-strtol.o)
                0x0800f034                strtol
 .text.snprintf
                0x0800f048       0x68 C:/ST/STM32CubeIDE_1.15.1/STM32CubeIDE/plugins/com.st.stm32cube.ide.mcu.externaltools.gnu-tools-for-stm32.12.3.rel1.win32_1.0.100.202403111256/tools/bin/../lib/gcc/arm-none-eabi/12.3.1/../../../../arm-none-eabi/lib/thumb/v7e-m+fp/hard\libc_nano.a(libc_a-snprintf.o)
                0x0800f048                sniprintf
                0x0800f048                snprintf
 .text._vsnprintf_r
                0x0800f0b0       0x56 C:/ST/STM32CubeIDE_1.15.1/STM32CubeIDE/plugins/com.st.stm32cube.ide.mcu.externaltools.gnu-tools-for-stm32.12.3.rel1.win32_1.0.100.202403111256/tools/bin/../lib/gcc/arm-none-eabi/12.3.1/../../../../arm-none-eabi/lib/thumb/v7e-m+fp/hard\libc_nano.a(libc_a-vsnprintf.o)
                0x0800f0b0                _vsniprintf_r
                0x0800f0b0                _vsnprintf_r
 *fill*         0x0800f106        0x2 
 .text.vsnprintf
                0x0800f108       0x1c C:/ST/STM32CubeIDE_1.15.1/STM32CubeIDE/plugins/com.st.stm32cube.ide.mcu.externaltools.gnu-tools-for-stm32.12.3.rel1.win32_1.0.100.202403111256/tools/bin/../lib/gcc/arm-none-eabi/12.3.1/../../../../arm-none-eabi/lib/thumb/v7e-m+fp/hard\libc_nano.a(libc_a-vsnprintf.o)
                0x0800f108                vsniprintf
                0x0800f108                vsnprintf
 .text.memmove  0x0800f124       0x34 C:/ST/STM32CubeIDE_1.15.1/STM32CubeIDE/plugins/com.st.stm32cube.ide.mcu.externaltools.gnu-tools-for-stm32.12.3.rel1.win32_1.0.100.202403111256/tools/bin/../lib/gcc/arm-none-eabi/12.3.1/../../../../arm-none-eabi/lib/thumb/v7e-m+fp/hard\libc_nano.a(libc_a-memmove.o)
                0x0800f124                memmove
 .text.memset   0x0800f158       0x10 C:/ST/STM32CubeIDE_1.15.1/STM32CubeIDE/plugins/com.st.stm32cube.ide.mcu.externaltools.gnu-tools-for-stm32.12.3.rel1.win32_1.0.100.202403111256/tools/bin/../lib/gcc/arm-none-eabi/12.3.1/../../../../arm-none-eabi/lib/thumb/v7e-m+fp/hard\libc_nano.a(libc_a-memset.o)
                0x0800f158                memset
 .text._sbrk_r  0x0800f168       0x20 C:/ST/STM32CubeIDE_1.15.1/STM32CubeIDE/plugins/com.st.stm32cube.ide.mcu.externaltools.gnu-tools-for-stm32.12.3.rel1.win32_1.0.100.202403111256/tools/bin/../lib/gcc/arm-none-eabi/12.3.1/../../../../arm-none-eabi/lib/thumb/v7e-m+fp/hard\libc_nano.a(libc_a-sbrkr.o)
                0x0800f168                _sbrk_r
 .text.__errno  0x0800f188        0xc C:/ST/STM32CubeIDE_1.15.1/STM32CubeIDE/plugins/com.st.stm32cube.ide.mcu.externaltools.gnu-tools-for-stm32.12.3.rel1.win32_1.0.100.202403111256/tools/bin/../lib/gcc/arm-none-eabi/12.3.1/../../../../arm-none-eabi/lib/thumb/v7e-m+fp/hard\libc_nano.a(libc_a-errno.o)
                0x0800f188                __errno
 .text.__libc_init_array
                0x0800f194       0x48 C:/ST/STM32CubeIDE_1.15.1/STM32CubeIDE/plugins/com.st.stm32cube.ide.mcu.externaltools.gnu-tools-for-stm32.12.3.rel1.win32_1.0.100.202403111256/tools/bin/../lib/gcc/arm-none-eabi/12.3.1/../../../../arm-none-eabi/lib/thumb/v7e-m+fp/hard\libc_nano.a(libc_a-init.o)
                0x0800f194                __libc_init_array
 .text.__retarget_lock_acquire_recursive
                0x0800f1dc        0x2 C:/ST/STM32CubeIDE_1.15.1/STM32CubeIDE/plugins/com.st.stm32cube.ide.mcu.externaltools.gnu-tools-for-stm32.12.3.rel1.win32_1.0.100.202403111256/tools/bin/../lib/gcc/arm-none-eabi/12.3.1/../../../../arm-none-eabi/lib/thumb/v7e-m+fp/hard\libc_nano.a(libc_a-lock.o)
                0x0800f1dc                __retarget_lock_acquire_recursive
 .text.__retarget_lock_release_recursive
                0x0800f1de        0x2 C:/ST/STM32CubeIDE_1.15.1/STM32CubeIDE/plugins/com.st.stm32cube.ide.mcu.externaltools.gnu-tools-for-stm32.12.3.rel1.win32_1.0.100.202403111256/tools/bin/../lib/gcc/arm-none-eabi/12.3.1/../../../../arm-none-eabi/lib/thumb/v7e-m+fp/hard\libc_nano.a(libc_a-lock.o)
                0x0800f1de                __retarget_lock_release_recursive
 .text.strcpy   0x0800f1e0       0x10 C:/ST/STM32CubeIDE_1.15.1/STM32CubeIDE/plugins/com.st.stm32cube.ide.mcu.externaltools.gnu-tools-for-stm32.12.3.rel1.win32_1.0.100.202403111256/tools/bin/../lib/gcc/arm-none-eabi/12.3.1/../../../../arm-none-eabi/lib/thumb/v7e-m+fp/hard\libc_nano.a(libc_a-strcpy.o)
                0x0800f1e0                strcpy
 .text.memcpy   0x0800f1f0       0x1c C:/ST/STM32CubeIDE_1.15.1/STM32CubeIDE/plugins/com.st.stm32cube.ide.mcu.externaltools.gnu-tools-for-stm32.12.3.rel1.win32_1.0.100.202403111256/tools/bin/../lib/gcc/arm-none-eabi/12.3.1/../../../../arm-none-eabi/lib/thumb/v7e-m+fp/hard\libc_nano.a(libc_a-memcpy-stub.o)
                0x0800f1f0                memcpy
 .text._free_r  0x0800f20c       0x94 C:/ST/STM32CubeIDE_1.15.1/STM32CubeIDE/plugins/com.st.stm32cube.ide.mcu.externaltools.gnu-tools-for-stm32.12.3.rel1.win32_1.0.100.202403111256/tools/bin/../lib/gcc/arm-none-eabi/12.3.1/../../../../arm-none-eabi/lib/thumb/v7e-m+fp/hard\libc_nano.a(libc_a-freer.o)
                0x0800f20c                _free_r
 .text.__ssputs_r
                0x0800f2a0       0xb6 C:/ST/STM32CubeIDE_1.15.1/STM32CubeIDE/plugins/com.st.stm32cube.ide.mcu.externaltools.gnu-tools-for-stm32.12.3.rel1.win32_1.0.100.202403111256/tools/bin/../lib/gcc/arm-none-eabi/12.3.1/../../../../arm-none-eabi/lib/thumb/v7e-m+fp/hard\libc_nano.a(libc_a-nano-svfprintf.o)
                0x0800f2a0                __ssputs_r
 *fill*         0x0800f356        0x2 
 .text._svfprintf_r
                0x0800f358      0x1f8 C:/ST/STM32CubeIDE_1.15.1/STM32CubeIDE/plugins/com.st.stm32cube.ide.mcu.externaltools.gnu-tools-for-stm32.12.3.rel1.win32_1.0.100.202403111256/tools/bin/../lib/gcc/arm-none-eabi/12.3.1/../../../../arm-none-eabi/lib/thumb/v7e-m+fp/hard\libc_nano.a(libc_a-nano-svfprintf.o)
                0x0800f358                _svfiprintf_r
                0x0800f358                _svfprintf_r
 .text._printf_common
                0x0800f550       0xda C:/ST/STM32CubeIDE_1.15.1/STM32CubeIDE/plugins/com.st.stm32cube.ide.mcu.externaltools.gnu-tools-for-stm32.12.3.rel1.win32_1.0.100.202403111256/tools/bin/../lib/gcc/arm-none-eabi/12.3.1/../../../../arm-none-eabi/lib/thumb/v7e-m+fp/hard\libc_nano.a(libc_a-nano-vfprintf_i.o)
                0x0800f550                _printf_common
 *fill*         0x0800f62a        0x2 
 .text._printf_i
                0x0800f62c      0x240 C:/ST/STM32CubeIDE_1.15.1/STM32CubeIDE/plugins/com.st.stm32cube.ide.mcu.externaltools.gnu-tools-for-stm32.12.3.rel1.win32_1.0.100.202403111256/tools/bin/../lib/gcc/arm-none-eabi/12.3.1/../../../../arm-none-eabi/lib/thumb/v7e-m+fp/hard\libc_nano.a(libc_a-nano-vfprintf_i.o)
                0x0800f62c                _printf_i
 .text._realloc_r
                0x0800f86c       0x5c C:/ST/STM32CubeIDE_1.15.1/STM32CubeIDE/plugins/com.st.stm32cube.ide.mcu.externaltools.gnu-tools-for-stm32.12.3.rel1.win32_1.0.100.202403111256/tools/bin/../lib/gcc/arm-none-eabi/12.3.1/../../../../arm-none-eabi/lib/thumb/v7e-m+fp/hard\libc_nano.a(libc_a-reallocr.o)
                0x0800f86c                _realloc_r
 .text._malloc_usable_size_r
                0x0800f8c8       0x10 C:/ST/STM32CubeIDE_1.15.1/STM32CubeIDE/plugins/com.st.stm32cube.ide.mcu.externaltools.gnu-tools-for-stm32.12.3.rel1.win32_1.0.100.202403111256/tools/bin/../lib/gcc/arm-none-eabi/12.3.1/../../../../arm-none-eabi/lib/thumb/v7e-m+fp/hard\libc_nano.a(libc_a-msizer.o)
                0x0800f8c8                _malloc_usable_size_r
 *(.glue_7)
 .glue_7        0x0800f8d8        0x0 linker stubs
 *(.glue_7t)
 .glue_7t       0x0800f8d8        0x0 linker stubs
 *(.eh_frame)
 .eh_frame      0x0800f8d8        0x0 C:/ST/STM32CubeIDE_1.15.1/STM32CubeIDE/plugins/com.st.stm32cube.ide.mcu.externaltools.gnu-tools-for-stm32.12.3.rel1.win32_1.0.100.202403111256/tools/bin/../lib/gcc/arm-none-eabi/12.3.1/thumb/v7e-m+fp/hard/crtbegin.o
 *(.init)
 .init          0x0800f8d8        0x4 C:/ST/STM32CubeIDE_1.15.1/STM32CubeIDE/plugins/com.st.stm32cube.ide.mcu.externaltools.gnu-tools-for-stm32.12.3.rel1.win32_1.0.100.202403111256/tools/bin/../lib/gcc/arm-none-eabi/12.3.1/thumb/v7e-m+fp/hard/crti.o
                0x0800f8d8                _init
 .init          0x0800f8dc        0x8 C:/ST/STM32CubeIDE_1.15.1/STM32CubeIDE/plugins/com.st.stm32cube.ide.mcu.externaltools.gnu-tools-for-stm32.12.3.rel1.win32_1.0.100.202403111256/tools/bin/../lib/gcc/arm-none-eabi/12.3.1/thumb/v7e-m+fp/hard/crtn.o
 *(.fini)
 .fini          0x0800f8e4        0x4 C:/ST/STM32CubeIDE_1.15.1/STM32CubeIDE/plugins/com.st.stm32cube.ide.mcu.externaltools.gnu-tools-for-stm32.12.3.rel1.win32_1.0.100.202403111256/tools/bin/../lib/gcc/arm-none-eabi/12.3.1/thumb/v7e-m+fp/hard/crti.o
                0x0800f8e4                _fini
 .fini          0x0800f8e8        0x8 C:/ST/STM32CubeIDE_1.15.1/STM32CubeIDE/plugins/com.st.stm32cube.ide.mcu.externaltools.gnu-tools-for-stm32.12.3.rel1.win32_1.0.100.202403111256/tools/bin/../lib/gcc/arm-none-eabi/12.3.1/thumb/v7e-m+fp/hard/crtn.o
                0x0800f8f0                        . = ALIGN (0x4)
                0x0800f8f0                        _etext = .

.vfp11_veneer   0x0800f8f0        0x0
 .vfp11_veneer  0x0800f8f0        0x0 linker stubs

.v4_bx          0x0800f8f0        0x0
 .v4_bx         0x0800f8f0        0x0 linker stubs

.iplt           0x0800f8f0        0x0
 .iplt          0x0800f8f0        0x0 C:/ST/STM32CubeIDE_1.15.1/STM32CubeIDE/plugins/com.st.stm32cube.ide.mcu.externaltools.gnu-tools-for-stm32.12.3.rel1.win32_1.0.100.202403111256/tools/bin/../lib/gcc/arm-none-eabi/12.3.1/thumb/v7e-m+fp/hard/crtbegin.o

.rodata         0x0800f8f0      0x7f4
                0x0800f8f0                        . = ALIGN (0x4)
 *(.rodata)
 .rodata        0x0800f8f0      0x4d5 ./App/CMDLine/Commands/i2c_cmd.o
 *fill*         0x0800fdc5        0x3 
 .rodata        0x0800fdc8       0x8d ./App/CMDLine/Commands/spi_cmd.o
 *fill*         0x0800fe55        0x3 
 .rodata        0x0800fe58       0xc8 ./App/CMDLine/Core/cmd.o
 .rodata        0x0800ff20       0x16 ./App/CMDLine/Shell_IO/USB_CDC.o
 *fill*         0x0800ff36        0x2 
 .rodata        0x0800ff38        0xf ./Core/Src/main.o
 *fill*         0x0800ff47        0x1 
 .rodata        0x0800ff48        0x5 ./FreeRTOS/FreeRTOS-Kernel/tasks.o
 *fill*         0x0800ff4d        0x3 
 .rodata        0x0800ff50       0x46 ./USB_DEVICE/App/usbd_desc.o
 *(.rodata*)
 *fill*         0x0800ff96        0x2 
 .rodata.AHBPrescTable
                0x0800ff98       0x10 ./Core/Src/system_stm32f7xx.o
                0x0800ff98                AHBPrescTable
 .rodata.APBPrescTable
                0x0800ffa8        0x8 ./Core/Src/system_stm32f7xx.o
                0x0800ffa8                APBPrescTable
 .rodata._ctype_
                0x0800ffb0      0x101 C:/ST/STM32CubeIDE_1.15.1/STM32CubeIDE/plugins/com.st.stm32cube.ide.mcu.externaltools.gnu-tools-for-stm32.12.3.rel1.win32_1.0.100.202403111256/tools/bin/../lib/gcc/arm-none-eabi/12.3.1/../../../../arm-none-eabi/lib/thumb/v7e-m+fp/hard\libc_nano.a(libc_a-ctype_.o)
                0x0800ffb0                _ctype_
 .rodata._svfprintf_r.str1.1
                0x080100b1       0x11 C:/ST/STM32CubeIDE_1.15.1/STM32CubeIDE/plugins/com.st.stm32cube.ide.mcu.externaltools.gnu-tools-for-stm32.12.3.rel1.win32_1.0.100.202403111256/tools/bin/../lib/gcc/arm-none-eabi/12.3.1/../../../../arm-none-eabi/lib/thumb/v7e-m+fp/hard\libc_nano.a(libc_a-nano-svfprintf.o)
 .rodata._printf_i.str1.1
                0x080100c2       0x22 C:/ST/STM32CubeIDE_1.15.1/STM32CubeIDE/plugins/com.st.stm32cube.ide.mcu.externaltools.gnu-tools-for-stm32.12.3.rel1.win32_1.0.100.202403111256/tools/bin/../lib/gcc/arm-none-eabi/12.3.1/../../../../arm-none-eabi/lib/thumb/v7e-m+fp/hard\libc_nano.a(libc_a-nano-vfprintf_i.o)
                0x080100e4                        . = ALIGN (0x4)

.ARM.extab      0x080100e4        0x0
                0x080100e4                        . = ALIGN (0x4)
 *(.ARM.extab* .gnu.linkonce.armextab.*)
                0x080100e4                        . = ALIGN (0x4)

.ARM            0x080100e4        0x8
                0x080100e4                        . = ALIGN (0x4)
                0x080100e4                        __exidx_start = .
 *(.ARM.exidx*)
 .ARM.exidx     0x080100e4        0x8 C:/ST/STM32CubeIDE_1.15.1/STM32CubeIDE/plugins/com.st.stm32cube.ide.mcu.externaltools.gnu-tools-for-stm32.12.3.rel1.win32_1.0.100.202403111256/tools/bin/../lib/gcc/arm-none-eabi/12.3.1/../../../../arm-none-eabi/lib/thumb/v7e-m+fp/hard\libc_nano.a(libc_a-strcmp.o)
 .ARM.exidx     0x080100ec        0x0 C:/ST/STM32CubeIDE_1.15.1/STM32CubeIDE/plugins/com.st.stm32cube.ide.mcu.externaltools.gnu-tools-for-stm32.12.3.rel1.win32_1.0.100.202403111256/tools/bin/../lib/gcc/arm-none-eabi/12.3.1/../../../../arm-none-eabi/lib/thumb/v7e-m+fp/hard\libc_nano.a(libc_a-memchr.o)
                                  0x8 (size before relaxing)
 .ARM.exidx     0x080100ec        0x0 C:/ST/STM32CubeIDE_1.15.1/STM32CubeIDE/plugins/com.st.stm32cube.ide.mcu.externaltools.gnu-tools-for-stm32.12.3.rel1.win32_1.0.100.202403111256/tools/bin/../lib/gcc/arm-none-eabi/12.3.1/thumb/v7e-m+fp/hard\libgcc.a(_udivmoddi4.o)
                                  0x8 (size before relaxing)
                0x080100ec                        __exidx_end = .
                0x080100ec                        . = ALIGN (0x4)

.preinit_array  0x080100ec        0x0
                0x080100ec                        . = ALIGN (0x4)
                0x080100ec                        PROVIDE (__preinit_array_start = .)
 *(.preinit_array*)
                0x080100ec                        PROVIDE (__preinit_array_end = .)
                0x080100ec                        . = ALIGN (0x4)

.init_array     0x080100ec        0x4
                0x080100ec                        . = ALIGN (0x4)
                0x080100ec                        PROVIDE (__init_array_start = .)
 *(SORT_BY_NAME(.init_array.*))
 *(.init_array*)
 .init_array    0x080100ec        0x4 C:/ST/STM32CubeIDE_1.15.1/STM32CubeIDE/plugins/com.st.stm32cube.ide.mcu.externaltools.gnu-tools-for-stm32.12.3.rel1.win32_1.0.100.202403111256/tools/bin/../lib/gcc/arm-none-eabi/12.3.1/thumb/v7e-m+fp/hard/crtbegin.o
                0x080100f0                        PROVIDE (__init_array_end = .)
                0x080100f0                        . = ALIGN (0x4)

.fini_array     0x080100f0        0x4
                0x080100f0                        . = ALIGN (0x4)
                [!provide]                        PROVIDE (__fini_array_start = .)
 *(SORT_BY_NAME(.fini_array.*))
 *(.fini_array*)
 .fini_array    0x080100f0        0x4 C:/ST/STM32CubeIDE_1.15.1/STM32CubeIDE/plugins/com.st.stm32cube.ide.mcu.externaltools.gnu-tools-for-stm32.12.3.rel1.win32_1.0.100.202403111256/tools/bin/../lib/gcc/arm-none-eabi/12.3.1/thumb/v7e-m+fp/hard/crtbegin.o
                [!provide]                        PROVIDE (__fini_array_end = .)
                0x080100f4                        . = ALIGN (0x4)
                0x080100f4                        _sidata = LOADADDR (.data)

.rel.dyn        0x080100f4        0x0
 .rel.iplt      0x080100f4        0x0 C:/ST/STM32CubeIDE_1.15.1/STM32CubeIDE/plugins/com.st.stm32cube.ide.mcu.externaltools.gnu-tools-for-stm32.12.3.rel1.win32_1.0.100.202403111256/tools/bin/../lib/gcc/arm-none-eabi/12.3.1/thumb/v7e-m+fp/hard/crtbegin.o
