../Drivers/STM32F4xx_HAL_Driver/Inc/stm32f4xx_ll_gpio.h:800:26:LL_GPIO_IsInputPinSet	16	static
../Drivers/STM32F4xx_HAL_Driver/Inc/stm32f4xx_ll_gpio.h:881:22:LL_GPIO_SetOutputPin	16	static
../Drivers/STM32F4xx_HAL_Driver/Inc/stm32f4xx_ll_gpio.h:910:22:LL_GPIO_ResetOutputPin	16	static
../App/CMDLine/Commands/dut_control_cmd.c:18:12:Cmd_Power_DUT	24	static
../App/CMDLine/Commands/dut_control_cmd.c:54:12:Cmd_Power_Status	16	static
../App/CMDLine/Commands/dut_control_cmd.c:69:6:Cmd_DUT_Control_Register	8	static
