../App/sine_wave/sine_wave.c:39:6:calc_triangle	16	static
../App/sine_wave/sine_wave.c:49:6:calcsin	16	static
../App/sine_wave/sine_wave.c:55:6:is_sine_wave_on	4	static
../App/sine_wave/sine_wave.c:59:6:is_triangle_wave_on	4	static
../App/sine_wave/sine_wave.c:63:6:is_freq_set	4	static
../App/sine_wave/sine_wave.c:67:6:set_flag_sine_wave_on	16	static
../App/sine_wave/sine_wave.c:71:6:set_flag_triangle_wave_on	16	static
../App/sine_wave/sine_wave.c:75:6:set_flag_freq_set	16	static
../App/sine_wave/sine_wave.c:79:6:set_freq	32	static
../App/sine_wave/sine_wave.c:97:10:get_freq	4	static
../App/sine_wave/sine_wave.c:101:6:stop_gen_wave	8	static
../App/sine_wave/sine_wave.c:106:6:start_gen_wave	24	static
