22:14:53 **** Incremental Build of configuration Debug for project STM32F7_HIL ****
make -j4 all 
arm-none-eabi-gcc "../USB_DEVICE/Target/usbd_conf.c" -mcpu=cortex-m7 -std=gnu11 -g3 -DDEBUG -DUSE_HAL_DRIVER -DSTM32F746xx -DUSE_FULL_LL_DRIVER -c -I../Core/Inc -I../Drivers/STM32F7xx_HAL_Driver/Inc -I../Drivers/STM32F7xx_HAL_Driver/Inc/Legacy -I../Drivers/CMSIS/Device/ST/STM32F7xx/Include -I../Drivers/CMSIS/Include -I../USB_DEVICE/App -I../USB_DEVICE/Target -I../Middlewares/ST/STM32_USB_Device_Library/Core/Inc -I../Middlewares/ST/STM32_USB_Device_Library/Class/CDC/Inc -I"D:/STUDY/00_SCHOOL/DA/0_Project/STM32F7_HIL/FreeRTOS/FreeRTOS-Kernel/include" -I"D:/STUDY/00_SCHOOL/DA/0_Project/STM32F7_HIL/FreeRTOS/FreeRTOS-Kernel/portable/GCC/ARM_CM7/r0p1" -I"D:/STUDY/00_SCHOOL/DA/0_Project/STM32F7_HIL/App/CMDLine/Core" -I"D:/STUDY/00_SCHOOL/DA/0_Project/STM32F7_HIL/App/EmuDrivers/Inc" -O0 -ffunction-sections -fdata-sections -Wall -fstack-usage -fcyclomatic-complexity -MMD -MP -MF"USB_DEVICE/Target/usbd_conf.d" -MT"USB_DEVICE/Target/usbd_conf.o" --specs=nano.specs -mfpu=fpv5-sp-d16 -mfloat-abi=hard -mthumb -o "USB_DEVICE/Target/usbd_conf.o"
arm-none-eabi-gcc "../USB_DEVICE/App/usb_device.c" -mcpu=cortex-m7 -std=gnu11 -g3 -DDEBUG -DUSE_HAL_DRIVER -DSTM32F746xx -DUSE_FULL_LL_DRIVER -c -I../Core/Inc -I../Drivers/STM32F7xx_HAL_Driver/Inc -I../Drivers/STM32F7xx_HAL_Driver/Inc/Legacy -I../Drivers/CMSIS/Device/ST/STM32F7xx/Include -I../Drivers/CMSIS/Include -I../USB_DEVICE/App -I../USB_DEVICE/Target -I../Middlewares/ST/STM32_USB_Device_Library/Core/Inc -I../Middlewares/ST/STM32_USB_Device_Library/Class/CDC/Inc -I"D:/STUDY/00_SCHOOL/DA/0_Project/STM32F7_HIL/FreeRTOS/FreeRTOS-Kernel/include" -I"D:/STUDY/00_SCHOOL/DA/0_Project/STM32F7_HIL/FreeRTOS/FreeRTOS-Kernel/portable/GCC/ARM_CM7/r0p1" -I"D:/STUDY/00_SCHOOL/DA/0_Project/STM32F7_HIL/App/CMDLine/Core" -I"D:/STUDY/00_SCHOOL/DA/0_Project/STM32F7_HIL/App/EmuDrivers/Inc" -O0 -ffunction-sections -fdata-sections -Wall -fstack-usage -fcyclomatic-complexity -MMD -MP -MF"USB_DEVICE/App/usb_device.d" -MT"USB_DEVICE/App/usb_device.o" --specs=nano.specs -mfpu=fpv5-sp-d16 -mfloat-abi=hard -mthumb -o "USB_DEVICE/App/usb_device.o"
arm-none-eabi-gcc "../USB_DEVICE/App/usbd_cdc_if.c" -mcpu=cortex-m7 -std=gnu11 -g3 -DDEBUG -DUSE_HAL_DRIVER -DSTM32F746xx -DUSE_FULL_LL_DRIVER -c -I../Core/Inc -I../Drivers/STM32F7xx_HAL_Driver/Inc -I../Drivers/STM32F7xx_HAL_Driver/Inc/Legacy -I../Drivers/CMSIS/Device/ST/STM32F7xx/Include -I../Drivers/CMSIS/Include -I../USB_DEVICE/App -I../USB_DEVICE/Target -I../Middlewares/ST/STM32_USB_Device_Library/Core/Inc -I../Middlewares/ST/STM32_USB_Device_Library/Class/CDC/Inc -I"D:/STUDY/00_SCHOOL/DA/0_Project/STM32F7_HIL/FreeRTOS/FreeRTOS-Kernel/include" -I"D:/STUDY/00_SCHOOL/DA/0_Project/STM32F7_HIL/FreeRTOS/FreeRTOS-Kernel/portable/GCC/ARM_CM7/r0p1" -I"D:/STUDY/00_SCHOOL/DA/0_Project/STM32F7_HIL/App/CMDLine/Core" -I"D:/STUDY/00_SCHOOL/DA/0_Project/STM32F7_HIL/App/EmuDrivers/Inc" -O0 -ffunction-sections -fdata-sections -Wall -fstack-usage -fcyclomatic-complexity -MMD -MP -MF"USB_DEVICE/App/usbd_cdc_if.d" -MT"USB_DEVICE/App/usbd_cdc_if.o" --specs=nano.specs -mfpu=fpv5-sp-d16 -mfloat-abi=hard -mthumb -o "USB_DEVICE/App/usbd_cdc_if.o"
arm-none-eabi-gcc "../USB_DEVICE/App/usbd_desc.c" -mcpu=cortex-m7 -std=gnu11 -g3 -DDEBUG -DUSE_HAL_DRIVER -DSTM32F746xx -DUSE_FULL_LL_DRIVER -c -I../Core/Inc -I../Drivers/STM32F7xx_HAL_Driver/Inc -I../Drivers/STM32F7xx_HAL_Driver/Inc/Legacy -I../Drivers/CMSIS/Device/ST/STM32F7xx/Include -I../Drivers/CMSIS/Include -I../USB_DEVICE/App -I../USB_DEVICE/Target -I../Middlewares/ST/STM32_USB_Device_Library/Core/Inc -I../Middlewares/ST/STM32_USB_Device_Library/Class/CDC/Inc -I"D:/STUDY/00_SCHOOL/DA/0_Project/STM32F7_HIL/FreeRTOS/FreeRTOS-Kernel/include" -I"D:/STUDY/00_SCHOOL/DA/0_Project/STM32F7_HIL/FreeRTOS/FreeRTOS-Kernel/portable/GCC/ARM_CM7/r0p1" -I"D:/STUDY/00_SCHOOL/DA/0_Project/STM32F7_HIL/App/CMDLine/Core" -I"D:/STUDY/00_SCHOOL/DA/0_Project/STM32F7_HIL/App/EmuDrivers/Inc" -O0 -ffunction-sections -fdata-sections -Wall -fstack-usage -fcyclomatic-complexity -MMD -MP -MF"USB_DEVICE/App/usbd_desc.d" -MT"USB_DEVICE/App/usbd_desc.o" --specs=nano.specs -mfpu=fpv5-sp-d16 -mfloat-abi=hard -mthumb -o "USB_DEVICE/App/usbd_desc.o"
arm-none-eabi-gcc "../Middlewares/ST/STM32_USB_Device_Library/Core/Src/usbd_core.c" -mcpu=cortex-m7 -std=gnu11 -g3 -DDEBUG -DUSE_HAL_DRIVER -DSTM32F746xx -DUSE_FULL_LL_DRIVER -c -I../Core/Inc -I../Drivers/STM32F7xx_HAL_Driver/Inc -I../Drivers/STM32F7xx_HAL_Driver/Inc/Legacy -I../Drivers/CMSIS/Device/ST/STM32F7xx/Include -I../Drivers/CMSIS/Include -I../USB_DEVICE/App -I../USB_DEVICE/Target -I../Middlewares/ST/STM32_USB_Device_Library/Core/Inc -I../Middlewares/ST/STM32_USB_Device_Library/Class/CDC/Inc -I"D:/STUDY/00_SCHOOL/DA/0_Project/STM32F7_HIL/FreeRTOS/FreeRTOS-Kernel/include" -I"D:/STUDY/00_SCHOOL/DA/0_Project/STM32F7_HIL/FreeRTOS/FreeRTOS-Kernel/portable/GCC/ARM_CM7/r0p1" -I"D:/STUDY/00_SCHOOL/DA/0_Project/STM32F7_HIL/App/CMDLine/Core" -I"D:/STUDY/00_SCHOOL/DA/0_Project/STM32F7_HIL/App/EmuDrivers/Inc" -O0 -ffunction-sections -fdata-sections -Wall -fstack-usage -fcyclomatic-complexity -MMD -MP -MF"Middlewares/ST/STM32_USB_Device_Library/Core/Src/usbd_core.d" -MT"Middlewares/ST/STM32_USB_Device_Library/Core/Src/usbd_core.o" --specs=nano.specs -mfpu=fpv5-sp-d16 -mfloat-abi=hard -mthumb -o "Middlewares/ST/STM32_USB_Device_Library/Core/Src/usbd_core.o"
arm-none-eabi-gcc "../Middlewares/ST/STM32_USB_Device_Library/Core/Src/usbd_ctlreq.c" -mcpu=cortex-m7 -std=gnu11 -g3 -DDEBUG -DUSE_HAL_DRIVER -DSTM32F746xx -DUSE_FULL_LL_DRIVER -c -I../Core/Inc -I../Drivers/STM32F7xx_HAL_Driver/Inc -I../Drivers/STM32F7xx_HAL_Driver/Inc/Legacy -I../Drivers/CMSIS/Device/ST/STM32F7xx/Include -I../Drivers/CMSIS/Include -I../USB_DEVICE/App -I../USB_DEVICE/Target -I../Middlewares/ST/STM32_USB_Device_Library/Core/Inc -I../Middlewares/ST/STM32_USB_Device_Library/Class/CDC/Inc -I"D:/STUDY/00_SCHOOL/DA/0_Project/STM32F7_HIL/FreeRTOS/FreeRTOS-Kernel/include" -I"D:/STUDY/00_SCHOOL/DA/0_Project/STM32F7_HIL/FreeRTOS/FreeRTOS-Kernel/portable/GCC/ARM_CM7/r0p1" -I"D:/STUDY/00_SCHOOL/DA/0_Project/STM32F7_HIL/App/CMDLine/Core" -I"D:/STUDY/00_SCHOOL/DA/0_Project/STM32F7_HIL/App/EmuDrivers/Inc" -O0 -ffunction-sections -fdata-sections -Wall -fstack-usage -fcyclomatic-complexity -MMD -MP -MF"Middlewares/ST/STM32_USB_Device_Library/Core/Src/usbd_ctlreq.d" -MT"Middlewares/ST/STM32_USB_Device_Library/Core/Src/usbd_ctlreq.o" --specs=nano.specs -mfpu=fpv5-sp-d16 -mfloat-abi=hard -mthumb -o "Middlewares/ST/STM32_USB_Device_Library/Core/Src/usbd_ctlreq.o"
arm-none-eabi-gcc "../Middlewares/ST/STM32_USB_Device_Library/Core/Src/usbd_ioreq.c" -mcpu=cortex-m7 -std=gnu11 -g3 -DDEBUG -DUSE_HAL_DRIVER -DSTM32F746xx -DUSE_FULL_LL_DRIVER -c -I../Core/Inc -I../Drivers/STM32F7xx_HAL_Driver/Inc -I../Drivers/STM32F7xx_HAL_Driver/Inc/Legacy -I../Drivers/CMSIS/Device/ST/STM32F7xx/Include -I../Drivers/CMSIS/Include -I../USB_DEVICE/App -I../USB_DEVICE/Target -I../Middlewares/ST/STM32_USB_Device_Library/Core/Inc -I../Middlewares/ST/STM32_USB_Device_Library/Class/CDC/Inc -I"D:/STUDY/00_SCHOOL/DA/0_Project/STM32F7_HIL/FreeRTOS/FreeRTOS-Kernel/include" -I"D:/STUDY/00_SCHOOL/DA/0_Project/STM32F7_HIL/FreeRTOS/FreeRTOS-Kernel/portable/GCC/ARM_CM7/r0p1" -I"D:/STUDY/00_SCHOOL/DA/0_Project/STM32F7_HIL/App/CMDLine/Core" -I"D:/STUDY/00_SCHOOL/DA/0_Project/STM32F7_HIL/App/EmuDrivers/Inc" -O0 -ffunction-sections -fdata-sections -Wall -fstack-usage -fcyclomatic-complexity -MMD -MP -MF"Middlewares/ST/STM32_USB_Device_Library/Core/Src/usbd_ioreq.d" -MT"Middlewares/ST/STM32_USB_Device_Library/Core/Src/usbd_ioreq.o" --specs=nano.specs -mfpu=fpv5-sp-d16 -mfloat-abi=hard -mthumb -o "Middlewares/ST/STM32_USB_Device_Library/Core/Src/usbd_ioreq.o"
arm-none-eabi-gcc "../Middlewares/ST/STM32_USB_Device_Library/Class/CDC/Src/usbd_cdc.c" -mcpu=cortex-m7 -std=gnu11 -g3 -DDEBUG -DUSE_HAL_DRIVER -DSTM32F746xx -DUSE_FULL_LL_DRIVER -c -I../Core/Inc -I../Drivers/STM32F7xx_HAL_Driver/Inc -I../Drivers/STM32F7xx_HAL_Driver/Inc/Legacy -I../Drivers/CMSIS/Device/ST/STM32F7xx/Include -I../Drivers/CMSIS/Include -I../USB_DEVICE/App -I../USB_DEVICE/Target -I../Middlewares/ST/STM32_USB_Device_Library/Core/Inc -I../Middlewares/ST/STM32_USB_Device_Library/Class/CDC/Inc -I"D:/STUDY/00_SCHOOL/DA/0_Project/STM32F7_HIL/FreeRTOS/FreeRTOS-Kernel/include" -I"D:/STUDY/00_SCHOOL/DA/0_Project/STM32F7_HIL/FreeRTOS/FreeRTOS-Kernel/portable/GCC/ARM_CM7/r0p1" -I"D:/STUDY/00_SCHOOL/DA/0_Project/STM32F7_HIL/App/CMDLine/Core" -I"D:/STUDY/00_SCHOOL/DA/0_Project/STM32F7_HIL/App/EmuDrivers/Inc" -O0 -ffunction-sections -fdata-sections -Wall -fstack-usage -fcyclomatic-complexity -MMD -MP -MF"Middlewares/ST/STM32_USB_Device_Library/Class/CDC/Src/usbd_cdc.d" -MT"Middlewares/ST/STM32_USB_Device_Library/Class/CDC/Src/usbd_cdc.o" --specs=nano.specs -mfpu=fpv5-sp-d16 -mfloat-abi=hard -mthumb -o "Middlewares/ST/STM32_USB_Device_Library/Class/CDC/Src/usbd_cdc.o"
arm-none-eabi-gcc "../FreeRTOS/FreeRTOS-Kernel/portable/MemMang/heap_4.c" -mcpu=cortex-m7 -std=gnu11 -g3 -DDEBUG -DUSE_HAL_DRIVER -DSTM32F746xx -DUSE_FULL_LL_DRIVER -c -I../Core/Inc -I../Drivers/STM32F7xx_HAL_Driver/Inc -I../Drivers/STM32F7xx_HAL_Driver/Inc/Legacy -I../Drivers/CMSIS/Device/ST/STM32F7xx/Include -I../Drivers/CMSIS/Include -I../USB_DEVICE/App -I../USB_DEVICE/Target -I../Middlewares/ST/STM32_USB_Device_Library/Core/Inc -I../Middlewares/ST/STM32_USB_Device_Library/Class/CDC/Inc -I"D:/STUDY/00_SCHOOL/DA/0_Project/STM32F7_HIL/FreeRTOS/FreeRTOS-Kernel/include" -I"D:/STUDY/00_SCHOOL/DA/0_Project/STM32F7_HIL/FreeRTOS/FreeRTOS-Kernel/portable/GCC/ARM_CM7/r0p1" -I"D:/STUDY/00_SCHOOL/DA/0_Project/STM32F7_HIL/App/CMDLine/Core" -I"D:/STUDY/00_SCHOOL/DA/0_Project/STM32F7_HIL/App/EmuDrivers/Inc" -O0 -ffunction-sections -fdata-sections -Wall -fstack-usage -fcyclomatic-complexity -MMD -MP -MF"FreeRTOS/FreeRTOS-Kernel/portable/MemMang/heap_4.d" -MT"FreeRTOS/FreeRTOS-Kernel/portable/MemMang/heap_4.o" --specs=nano.specs -mfpu=fpv5-sp-d16 -mfloat-abi=hard -mthumb -o "FreeRTOS/FreeRTOS-Kernel/portable/MemMang/heap_4.o"
arm-none-eabi-gcc "../FreeRTOS/FreeRTOS-Kernel/portable/GCC/ARM_CM7/r0p1/port.c" -mcpu=cortex-m7 -std=gnu11 -g3 -DDEBUG -DUSE_HAL_DRIVER -DSTM32F746xx -DUSE_FULL_LL_DRIVER -c -I../Core/Inc -I../Drivers/STM32F7xx_HAL_Driver/Inc -I../Drivers/STM32F7xx_HAL_Driver/Inc/Legacy -I../Drivers/CMSIS/Device/ST/STM32F7xx/Include -I../Drivers/CMSIS/Include -I../USB_DEVICE/App -I../USB_DEVICE/Target -I../Middlewares/ST/STM32_USB_Device_Library/Core/Inc -I../Middlewares/ST/STM32_USB_Device_Library/Class/CDC/Inc -I"D:/STUDY/00_SCHOOL/DA/0_Project/STM32F7_HIL/FreeRTOS/FreeRTOS-Kernel/include" -I"D:/STUDY/00_SCHOOL/DA/0_Project/STM32F7_HIL/FreeRTOS/FreeRTOS-Kernel/portable/GCC/ARM_CM7/r0p1" -I"D:/STUDY/00_SCHOOL/DA/0_Project/STM32F7_HIL/App/CMDLine/Core" -I"D:/STUDY/00_SCHOOL/DA/0_Project/STM32F7_HIL/App/EmuDrivers/Inc" -O0 -ffunction-sections -fdata-sections -Wall -fstack-usage -fcyclomatic-complexity -MMD -MP -MF"FreeRTOS/FreeRTOS-Kernel/portable/GCC/ARM_CM7/r0p1/port.d" -MT"FreeRTOS/FreeRTOS-Kernel/portable/GCC/ARM_CM7/r0p1/port.o" --specs=nano.specs -mfpu=fpv5-sp-d16 -mfloat-abi=hard -mthumb -o "FreeRTOS/FreeRTOS-Kernel/portable/GCC/ARM_CM7/r0p1/port.o"
arm-none-eabi-gcc "../FreeRTOS/FreeRTOS-Kernel/croutine.c" -mcpu=cortex-m7 -std=gnu11 -g3 -DDEBUG -DUSE_HAL_DRIVER -DSTM32F746xx -DUSE_FULL_LL_DRIVER -c -I../Core/Inc -I../Drivers/STM32F7xx_HAL_Driver/Inc -I../Drivers/STM32F7xx_HAL_Driver/Inc/Legacy -I../Drivers/CMSIS/Device/ST/STM32F7xx/Include -I../Drivers/CMSIS/Include -I../USB_DEVICE/App -I../USB_DEVICE/Target -I../Middlewares/ST/STM32_USB_Device_Library/Core/Inc -I../Middlewares/ST/STM32_USB_Device_Library/Class/CDC/Inc -I"D:/STUDY/00_SCHOOL/DA/0_Project/STM32F7_HIL/FreeRTOS/FreeRTOS-Kernel/include" -I"D:/STUDY/00_SCHOOL/DA/0_Project/STM32F7_HIL/FreeRTOS/FreeRTOS-Kernel/portable/GCC/ARM_CM7/r0p1" -I"D:/STUDY/00_SCHOOL/DA/0_Project/STM32F7_HIL/App/CMDLine/Core" -I"D:/STUDY/00_SCHOOL/DA/0_Project/STM32F7_HIL/App/EmuDrivers/Inc" -O0 -ffunction-sections -fdata-sections -Wall -fstack-usage -fcyclomatic-complexity -MMD -MP -MF"FreeRTOS/FreeRTOS-Kernel/croutine.d" -MT"FreeRTOS/FreeRTOS-Kernel/croutine.o" --specs=nano.specs -mfpu=fpv5-sp-d16 -mfloat-abi=hard -mthumb -o "FreeRTOS/FreeRTOS-Kernel/croutine.o"
arm-none-eabi-gcc "../FreeRTOS/FreeRTOS-Kernel/event_groups.c" -mcpu=cortex-m7 -std=gnu11 -g3 -DDEBUG -DUSE_HAL_DRIVER -DSTM32F746xx -DUSE_FULL_LL_DRIVER -c -I../Core/Inc -I../Drivers/STM32F7xx_HAL_Driver/Inc -I../Drivers/STM32F7xx_HAL_Driver/Inc/Legacy -I../Drivers/CMSIS/Device/ST/STM32F7xx/Include -I../Drivers/CMSIS/Include -I../USB_DEVICE/App -I../USB_DEVICE/Target -I../Middlewares/ST/STM32_USB_Device_Library/Core/Inc -I../Middlewares/ST/STM32_USB_Device_Library/Class/CDC/Inc -I"D:/STUDY/00_SCHOOL/DA/0_Project/STM32F7_HIL/FreeRTOS/FreeRTOS-Kernel/include" -I"D:/STUDY/00_SCHOOL/DA/0_Project/STM32F7_HIL/FreeRTOS/FreeRTOS-Kernel/portable/GCC/ARM_CM7/r0p1" -I"D:/STUDY/00_SCHOOL/DA/0_Project/STM32F7_HIL/App/CMDLine/Core" -I"D:/STUDY/00_SCHOOL/DA/0_Project/STM32F7_HIL/App/EmuDrivers/Inc" -O0 -ffunction-sections -fdata-sections -Wall -fstack-usage -fcyclomatic-complexity -MMD -MP -MF"FreeRTOS/FreeRTOS-Kernel/event_groups.d" -MT"FreeRTOS/FreeRTOS-Kernel/event_groups.o" --specs=nano.specs -mfpu=fpv5-sp-d16 -mfloat-abi=hard -mthumb -o "FreeRTOS/FreeRTOS-Kernel/event_groups.o"
arm-none-eabi-gcc "../FreeRTOS/FreeRTOS-Kernel/list.c" -mcpu=cortex-m7 -std=gnu11 -g3 -DDEBUG -DUSE_HAL_DRIVER -DSTM32F746xx -DUSE_FULL_LL_DRIVER -c -I../Core/Inc -I../Drivers/STM32F7xx_HAL_Driver/Inc -I../Drivers/STM32F7xx_HAL_Driver/Inc/Legacy -I../Drivers/CMSIS/Device/ST/STM32F7xx/Include -I../Drivers/CMSIS/Include -I../USB_DEVICE/App -I../USB_DEVICE/Target -I../Middlewares/ST/STM32_USB_Device_Library/Core/Inc -I../Middlewares/ST/STM32_USB_Device_Library/Class/CDC/Inc -I"D:/STUDY/00_SCHOOL/DA/0_Project/STM32F7_HIL/FreeRTOS/FreeRTOS-Kernel/include" -I"D:/STUDY/00_SCHOOL/DA/0_Project/STM32F7_HIL/FreeRTOS/FreeRTOS-Kernel/portable/GCC/ARM_CM7/r0p1" -I"D:/STUDY/00_SCHOOL/DA/0_Project/STM32F7_HIL/App/CMDLine/Core" -I"D:/STUDY/00_SCHOOL/DA/0_Project/STM32F7_HIL/App/EmuDrivers/Inc" -O0 -ffunction-sections -fdata-sections -Wall -fstack-usage -fcyclomatic-complexity -MMD -MP -MF"FreeRTOS/FreeRTOS-Kernel/list.d" -MT"FreeRTOS/FreeRTOS-Kernel/list.o" --specs=nano.specs -mfpu=fpv5-sp-d16 -mfloat-abi=hard -mthumb -o "FreeRTOS/FreeRTOS-Kernel/list.o"
arm-none-eabi-gcc "../FreeRTOS/FreeRTOS-Kernel/queue.c" -mcpu=cortex-m7 -std=gnu11 -g3 -DDEBUG -DUSE_HAL_DRIVER -DSTM32F746xx -DUSE_FULL_LL_DRIVER -c -I../Core/Inc -I../Drivers/STM32F7xx_HAL_Driver/Inc -I../Drivers/STM32F7xx_HAL_Driver/Inc/Legacy -I../Drivers/CMSIS/Device/ST/STM32F7xx/Include -I../Drivers/CMSIS/Include -I../USB_DEVICE/App -I../USB_DEVICE/Target -I../Middlewares/ST/STM32_USB_Device_Library/Core/Inc -I../Middlewares/ST/STM32_USB_Device_Library/Class/CDC/Inc -I"D:/STUDY/00_SCHOOL/DA/0_Project/STM32F7_HIL/FreeRTOS/FreeRTOS-Kernel/include" -I"D:/STUDY/00_SCHOOL/DA/0_Project/STM32F7_HIL/FreeRTOS/FreeRTOS-Kernel/portable/GCC/ARM_CM7/r0p1" -I"D:/STUDY/00_SCHOOL/DA/0_Project/STM32F7_HIL/App/CMDLine/Core" -I"D:/STUDY/00_SCHOOL/DA/0_Project/STM32F7_HIL/App/EmuDrivers/Inc" -O0 -ffunction-sections -fdata-sections -Wall -fstack-usage -fcyclomatic-complexity -MMD -MP -MF"FreeRTOS/FreeRTOS-Kernel/queue.d" -MT"FreeRTOS/FreeRTOS-Kernel/queue.o" --specs=nano.specs -mfpu=fpv5-sp-d16 -mfloat-abi=hard -mthumb -o "FreeRTOS/FreeRTOS-Kernel/queue.o"
arm-none-eabi-gcc "../FreeRTOS/FreeRTOS-Kernel/stream_buffer.c" -mcpu=cortex-m7 -std=gnu11 -g3 -DDEBUG -DUSE_HAL_DRIVER -DSTM32F746xx -DUSE_FULL_LL_DRIVER -c -I../Core/Inc -I../Drivers/STM32F7xx_HAL_Driver/Inc -I../Drivers/STM32F7xx_HAL_Driver/Inc/Legacy -I../Drivers/CMSIS/Device/ST/STM32F7xx/Include -I../Drivers/CMSIS/Include -I../USB_DEVICE/App -I../USB_DEVICE/Target -I../Middlewares/ST/STM32_USB_Device_Library/Core/Inc -I../Middlewares/ST/STM32_USB_Device_Library/Class/CDC/Inc -I"D:/STUDY/00_SCHOOL/DA/0_Project/STM32F7_HIL/FreeRTOS/FreeRTOS-Kernel/include" -I"D:/STUDY/00_SCHOOL/DA/0_Project/STM32F7_HIL/FreeRTOS/FreeRTOS-Kernel/portable/GCC/ARM_CM7/r0p1" -I"D:/STUDY/00_SCHOOL/DA/0_Project/STM32F7_HIL/App/CMDLine/Core" -I"D:/STUDY/00_SCHOOL/DA/0_Project/STM32F7_HIL/App/EmuDrivers/Inc" -O0 -ffunction-sections -fdata-sections -Wall -fstack-usage -fcyclomatic-complexity -MMD -MP -MF"FreeRTOS/FreeRTOS-Kernel/stream_buffer.d" -MT"FreeRTOS/FreeRTOS-Kernel/stream_buffer.o" --specs=nano.specs -mfpu=fpv5-sp-d16 -mfloat-abi=hard -mthumb -o "FreeRTOS/FreeRTOS-Kernel/stream_buffer.o"
arm-none-eabi-gcc "../FreeRTOS/FreeRTOS-Kernel/tasks.c" -mcpu=cortex-m7 -std=gnu11 -g3 -DDEBUG -DUSE_HAL_DRIVER -DSTM32F746xx -DUSE_FULL_LL_DRIVER -c -I../Core/Inc -I../Drivers/STM32F7xx_HAL_Driver/Inc -I../Drivers/STM32F7xx_HAL_Driver/Inc/Legacy -I../Drivers/CMSIS/Device/ST/STM32F7xx/Include -I../Drivers/CMSIS/Include -I../USB_DEVICE/App -I../USB_DEVICE/Target -I../Middlewares/ST/STM32_USB_Device_Library/Core/Inc -I../Middlewares/ST/STM32_USB_Device_Library/Class/CDC/Inc -I"D:/STUDY/00_SCHOOL/DA/0_Project/STM32F7_HIL/FreeRTOS/FreeRTOS-Kernel/include" -I"D:/STUDY/00_SCHOOL/DA/0_Project/STM32F7_HIL/FreeRTOS/FreeRTOS-Kernel/portable/GCC/ARM_CM7/r0p1" -I"D:/STUDY/00_SCHOOL/DA/0_Project/STM32F7_HIL/App/CMDLine/Core" -I"D:/STUDY/00_SCHOOL/DA/0_Project/STM32F7_HIL/App/EmuDrivers/Inc" -O0 -ffunction-sections -fdata-sections -Wall -fstack-usage -fcyclomatic-complexity -MMD -MP -MF"FreeRTOS/FreeRTOS-Kernel/tasks.d" -MT"FreeRTOS/FreeRTOS-Kernel/tasks.o" --specs=nano.specs -mfpu=fpv5-sp-d16 -mfloat-abi=hard -mthumb -o "FreeRTOS/FreeRTOS-Kernel/tasks.o"
arm-none-eabi-gcc "../FreeRTOS/FreeRTOS-Kernel/timers.c" -mcpu=cortex-m7 -std=gnu11 -g3 -DDEBUG -DUSE_HAL_DRIVER -DSTM32F746xx -DUSE_FULL_LL_DRIVER -c -I../Core/Inc -I../Drivers/STM32F7xx_HAL_Driver/Inc -I../Drivers/STM32F7xx_HAL_Driver/Inc/Legacy -I../Drivers/CMSIS/Device/ST/STM32F7xx/Include -I../Drivers/CMSIS/Include -I../USB_DEVICE/App -I../USB_DEVICE/Target -I../Middlewares/ST/STM32_USB_Device_Library/Core/Inc -I../Middlewares/ST/STM32_USB_Device_Library/Class/CDC/Inc -I"D:/STUDY/00_SCHOOL/DA/0_Project/STM32F7_HIL/FreeRTOS/FreeRTOS-Kernel/include" -I"D:/STUDY/00_SCHOOL/DA/0_Project/STM32F7_HIL/FreeRTOS/FreeRTOS-Kernel/portable/GCC/ARM_CM7/r0p1" -I"D:/STUDY/00_SCHOOL/DA/0_Project/STM32F7_HIL/App/CMDLine/Core" -I"D:/STUDY/00_SCHOOL/DA/0_Project/STM32F7_HIL/App/EmuDrivers/Inc" -O0 -ffunction-sections -fdata-sections -Wall -fstack-usage -fcyclomatic-complexity -MMD -MP -MF"FreeRTOS/FreeRTOS-Kernel/timers.d" -MT"FreeRTOS/FreeRTOS-Kernel/timers.o" --specs=nano.specs -mfpu=fpv5-sp-d16 -mfloat-abi=hard -mthumb -o "FreeRTOS/FreeRTOS-Kernel/timers.o"
arm-none-eabi-gcc "../Drivers/STM32F7xx_HAL_Driver/Src/stm32f7xx_hal.c" -mcpu=cortex-m7 -std=gnu11 -g3 -DDEBUG -DUSE_HAL_DRIVER -DSTM32F746xx -DUSE_FULL_LL_DRIVER -c -I../Core/Inc -I../Drivers/STM32F7xx_HAL_Driver/Inc -I../Drivers/STM32F7xx_HAL_Driver/Inc/Legacy -I../Drivers/CMSIS/Device/ST/STM32F7xx/Include -I../Drivers/CMSIS/Include -I../USB_DEVICE/App -I../USB_DEVICE/Target -I../Middlewares/ST/STM32_USB_Device_Library/Core/Inc -I../Middlewares/ST/STM32_USB_Device_Library/Class/CDC/Inc -I"D:/STUDY/00_SCHOOL/DA/0_Project/STM32F7_HIL/FreeRTOS/FreeRTOS-Kernel/include" -I"D:/STUDY/00_SCHOOL/DA/0_Project/STM32F7_HIL/FreeRTOS/FreeRTOS-Kernel/portable/GCC/ARM_CM7/r0p1" -I"D:/STUDY/00_SCHOOL/DA/0_Project/STM32F7_HIL/App/CMDLine/Core" -I"D:/STUDY/00_SCHOOL/DA/0_Project/STM32F7_HIL/App/EmuDrivers/Inc" -O0 -ffunction-sections -fdata-sections -Wall -fstack-usage -fcyclomatic-complexity -MMD -MP -MF"Drivers/STM32F7xx_HAL_Driver/Src/stm32f7xx_hal.d" -MT"Drivers/STM32F7xx_HAL_Driver/Src/stm32f7xx_hal.o" --specs=nano.specs -mfpu=fpv5-sp-d16 -mfloat-abi=hard -mthumb -o "Drivers/STM32F7xx_HAL_Driver/Src/stm32f7xx_hal.o"
arm-none-eabi-gcc "../Drivers/STM32F7xx_HAL_Driver/Src/stm32f7xx_hal_cortex.c" -mcpu=cortex-m7 -std=gnu11 -g3 -DDEBUG -DUSE_HAL_DRIVER -DSTM32F746xx -DUSE_FULL_LL_DRIVER -c -I../Core/Inc -I../Drivers/STM32F7xx_HAL_Driver/Inc -I../Drivers/STM32F7xx_HAL_Driver/Inc/Legacy -I../Drivers/CMSIS/Device/ST/STM32F7xx/Include -I../Drivers/CMSIS/Include -I../USB_DEVICE/App -I../USB_DEVICE/Target -I../Middlewares/ST/STM32_USB_Device_Library/Core/Inc -I../Middlewares/ST/STM32_USB_Device_Library/Class/CDC/Inc -I"D:/STUDY/00_SCHOOL/DA/0_Project/STM32F7_HIL/FreeRTOS/FreeRTOS-Kernel/include" -I"D:/STUDY/00_SCHOOL/DA/0_Project/STM32F7_HIL/FreeRTOS/FreeRTOS-Kernel/portable/GCC/ARM_CM7/r0p1" -I"D:/STUDY/00_SCHOOL/DA/0_Project/STM32F7_HIL/App/CMDLine/Core" -I"D:/STUDY/00_SCHOOL/DA/0_Project/STM32F7_HIL/App/EmuDrivers/Inc" -O0 -ffunction-sections -fdata-sections -Wall -fstack-usage -fcyclomatic-complexity -MMD -MP -MF"Drivers/STM32F7xx_HAL_Driver/Src/stm32f7xx_hal_cortex.d" -MT"Drivers/STM32F7xx_HAL_Driver/Src/stm32f7xx_hal_cortex.o" --specs=nano.specs -mfpu=fpv5-sp-d16 -mfloat-abi=hard -mthumb -o "Drivers/STM32F7xx_HAL_Driver/Src/stm32f7xx_hal_cortex.o"
arm-none-eabi-gcc "../Drivers/STM32F7xx_HAL_Driver/Src/stm32f7xx_hal_dma.c" -mcpu=cortex-m7 -std=gnu11 -g3 -DDEBUG -DUSE_HAL_DRIVER -DSTM32F746xx -DUSE_FULL_LL_DRIVER -c -I../Core/Inc -I../Drivers/STM32F7xx_HAL_Driver/Inc -I../Drivers/STM32F7xx_HAL_Driver/Inc/Legacy -I../Drivers/CMSIS/Device/ST/STM32F7xx/Include -I../Drivers/CMSIS/Include -I../USB_DEVICE/App -I../USB_DEVICE/Target -I../Middlewares/ST/STM32_USB_Device_Library/Core/Inc -I../Middlewares/ST/STM32_USB_Device_Library/Class/CDC/Inc -I"D:/STUDY/00_SCHOOL/DA/0_Project/STM32F7_HIL/FreeRTOS/FreeRTOS-Kernel/include" -I"D:/STUDY/00_SCHOOL/DA/0_Project/STM32F7_HIL/FreeRTOS/FreeRTOS-Kernel/portable/GCC/ARM_CM7/r0p1" -I"D:/STUDY/00_SCHOOL/DA/0_Project/STM32F7_HIL/App/CMDLine/Core" -I"D:/STUDY/00_SCHOOL/DA/0_Project/STM32F7_HIL/App/EmuDrivers/Inc" -O0 -ffunction-sections -fdata-sections -Wall -fstack-usage -fcyclomatic-complexity -MMD -MP -MF"Drivers/STM32F7xx_HAL_Driver/Src/stm32f7xx_hal_dma.d" -MT"Drivers/STM32F7xx_HAL_Driver/Src/stm32f7xx_hal_dma.o" --specs=nano.specs -mfpu=fpv5-sp-d16 -mfloat-abi=hard -mthumb -o "Drivers/STM32F7xx_HAL_Driver/Src/stm32f7xx_hal_dma.o"
arm-none-eabi-gcc "../Drivers/STM32F7xx_HAL_Driver/Src/stm32f7xx_hal_dma_ex.c" -mcpu=cortex-m7 -std=gnu11 -g3 -DDEBUG -DUSE_HAL_DRIVER -DSTM32F746xx -DUSE_FULL_LL_DRIVER -c -I../Core/Inc -I../Drivers/STM32F7xx_HAL_Driver/Inc -I../Drivers/STM32F7xx_HAL_Driver/Inc/Legacy -I../Drivers/CMSIS/Device/ST/STM32F7xx/Include -I../Drivers/CMSIS/Include -I../USB_DEVICE/App -I../USB_DEVICE/Target -I../Middlewares/ST/STM32_USB_Device_Library/Core/Inc -I../Middlewares/ST/STM32_USB_Device_Library/Class/CDC/Inc -I"D:/STUDY/00_SCHOOL/DA/0_Project/STM32F7_HIL/FreeRTOS/FreeRTOS-Kernel/include" -I"D:/STUDY/00_SCHOOL/DA/0_Project/STM32F7_HIL/FreeRTOS/FreeRTOS-Kernel/portable/GCC/ARM_CM7/r0p1" -I"D:/STUDY/00_SCHOOL/DA/0_Project/STM32F7_HIL/App/CMDLine/Core" -I"D:/STUDY/00_SCHOOL/DA/0_Project/STM32F7_HIL/App/EmuDrivers/Inc" -O0 -ffunction-sections -fdata-sections -Wall -fstack-usage -fcyclomatic-complexity -MMD -MP -MF"Drivers/STM32F7xx_HAL_Driver/Src/stm32f7xx_hal_dma_ex.d" -MT"Drivers/STM32F7xx_HAL_Driver/Src/stm32f7xx_hal_dma_ex.o" --specs=nano.specs -mfpu=fpv5-sp-d16 -mfloat-abi=hard -mthumb -o "Drivers/STM32F7xx_HAL_Driver/Src/stm32f7xx_hal_dma_ex.o"
arm-none-eabi-gcc "../Drivers/STM32F7xx_HAL_Driver/Src/stm32f7xx_hal_exti.c" -mcpu=cortex-m7 -std=gnu11 -g3 -DDEBUG -DUSE_HAL_DRIVER -DSTM32F746xx -DUSE_FULL_LL_DRIVER -c -I../Core/Inc -I../Drivers/STM32F7xx_HAL_Driver/Inc -I../Drivers/STM32F7xx_HAL_Driver/Inc/Legacy -I../Drivers/CMSIS/Device/ST/STM32F7xx/Include -I../Drivers/CMSIS/Include -I../USB_DEVICE/App -I../USB_DEVICE/Target -I../Middlewares/ST/STM32_USB_Device_Library/Core/Inc -I../Middlewares/ST/STM32_USB_Device_Library/Class/CDC/Inc -I"D:/STUDY/00_SCHOOL/DA/0_Project/STM32F7_HIL/FreeRTOS/FreeRTOS-Kernel/include" -I"D:/STUDY/00_SCHOOL/DA/0_Project/STM32F7_HIL/FreeRTOS/FreeRTOS-Kernel/portable/GCC/ARM_CM7/r0p1" -I"D:/STUDY/00_SCHOOL/DA/0_Project/STM32F7_HIL/App/CMDLine/Core" -I"D:/STUDY/00_SCHOOL/DA/0_Project/STM32F7_HIL/App/EmuDrivers/Inc" -O0 -ffunction-sections -fdata-sections -Wall -fstack-usage -fcyclomatic-complexity -MMD -MP -MF"Drivers/STM32F7xx_HAL_Driver/Src/stm32f7xx_hal_exti.d" -MT"Drivers/STM32F7xx_HAL_Driver/Src/stm32f7xx_hal_exti.o" --specs=nano.specs -mfpu=fpv5-sp-d16 -mfloat-abi=hard -mthumb -o "Drivers/STM32F7xx_HAL_Driver/Src/stm32f7xx_hal_exti.o"
arm-none-eabi-gcc "../Drivers/STM32F7xx_HAL_Driver/Src/stm32f7xx_hal_flash.c" -mcpu=cortex-m7 -std=gnu11 -g3 -DDEBUG -DUSE_HAL_DRIVER -DSTM32F746xx -DUSE_FULL_LL_DRIVER -c -I../Core/Inc -I../Drivers/STM32F7xx_HAL_Driver/Inc -I../Drivers/STM32F7xx_HAL_Driver/Inc/Legacy -I../Drivers/CMSIS/Device/ST/STM32F7xx/Include -I../Drivers/CMSIS/Include -I../USB_DEVICE/App -I../USB_DEVICE/Target -I../Middlewares/ST/STM32_USB_Device_Library/Core/Inc -I../Middlewares/ST/STM32_USB_Device_Library/Class/CDC/Inc -I"D:/STUDY/00_SCHOOL/DA/0_Project/STM32F7_HIL/FreeRTOS/FreeRTOS-Kernel/include" -I"D:/STUDY/00_SCHOOL/DA/0_Project/STM32F7_HIL/FreeRTOS/FreeRTOS-Kernel/portable/GCC/ARM_CM7/r0p1" -I"D:/STUDY/00_SCHOOL/DA/0_Project/STM32F7_HIL/App/CMDLine/Core" -I"D:/STUDY/00_SCHOOL/DA/0_Project/STM32F7_HIL/App/EmuDrivers/Inc" -O0 -ffunction-sections -fdata-sections -Wall -fstack-usage -fcyclomatic-complexity -MMD -MP -MF"Drivers/STM32F7xx_HAL_Driver/Src/stm32f7xx_hal_flash.d" -MT"Drivers/STM32F7xx_HAL_Driver/Src/stm32f7xx_hal_flash.o" --specs=nano.specs -mfpu=fpv5-sp-d16 -mfloat-abi=hard -mthumb -o "Drivers/STM32F7xx_HAL_Driver/Src/stm32f7xx_hal_flash.o"
arm-none-eabi-gcc "../Drivers/STM32F7xx_HAL_Driver/Src/stm32f7xx_hal_flash_ex.c" -mcpu=cortex-m7 -std=gnu11 -g3 -DDEBUG -DUSE_HAL_DRIVER -DSTM32F746xx -DUSE_FULL_LL_DRIVER -c -I../Core/Inc -I../Drivers/STM32F7xx_HAL_Driver/Inc -I../Drivers/STM32F7xx_HAL_Driver/Inc/Legacy -I../Drivers/CMSIS/Device/ST/STM32F7xx/Include -I../Drivers/CMSIS/Include -I../USB_DEVICE/App -I../USB_DEVICE/Target -I../Middlewares/ST/STM32_USB_Device_Library/Core/Inc -I../Middlewares/ST/STM32_USB_Device_Library/Class/CDC/Inc -I"D:/STUDY/00_SCHOOL/DA/0_Project/STM32F7_HIL/FreeRTOS/FreeRTOS-Kernel/include" -I"D:/STUDY/00_SCHOOL/DA/0_Project/STM32F7_HIL/FreeRTOS/FreeRTOS-Kernel/portable/GCC/ARM_CM7/r0p1" -I"D:/STUDY/00_SCHOOL/DA/0_Project/STM32F7_HIL/App/CMDLine/Core" -I"D:/STUDY/00_SCHOOL/DA/0_Project/STM32F7_HIL/App/EmuDrivers/Inc" -O0 -ffunction-sections -fdata-sections -Wall -fstack-usage -fcyclomatic-complexity -MMD -MP -MF"Drivers/STM32F7xx_HAL_Driver/Src/stm32f7xx_hal_flash_ex.d" -MT"Drivers/STM32F7xx_HAL_Driver/Src/stm32f7xx_hal_flash_ex.o" --specs=nano.specs -mfpu=fpv5-sp-d16 -mfloat-abi=hard -mthumb -o "Drivers/STM32F7xx_HAL_Driver/Src/stm32f7xx_hal_flash_ex.o"
arm-none-eabi-gcc "../Drivers/STM32F7xx_HAL_Driver/Src/stm32f7xx_hal_gpio.c" -mcpu=cortex-m7 -std=gnu11 -g3 -DDEBUG -DUSE_HAL_DRIVER -DSTM32F746xx -DUSE_FULL_LL_DRIVER -c -I../Core/Inc -I../Drivers/STM32F7xx_HAL_Driver/Inc -I../Drivers/STM32F7xx_HAL_Driver/Inc/Legacy -I../Drivers/CMSIS/Device/ST/STM32F7xx/Include -I../Drivers/CMSIS/Include -I../USB_DEVICE/App -I../USB_DEVICE/Target -I../Middlewares/ST/STM32_USB_Device_Library/Core/Inc -I../Middlewares/ST/STM32_USB_Device_Library/Class/CDC/Inc -I"D:/STUDY/00_SCHOOL/DA/0_Project/STM32F7_HIL/FreeRTOS/FreeRTOS-Kernel/include" -I"D:/STUDY/00_SCHOOL/DA/0_Project/STM32F7_HIL/FreeRTOS/FreeRTOS-Kernel/portable/GCC/ARM_CM7/r0p1" -I"D:/STUDY/00_SCHOOL/DA/0_Project/STM32F7_HIL/App/CMDLine/Core" -I"D:/STUDY/00_SCHOOL/DA/0_Project/STM32F7_HIL/App/EmuDrivers/Inc" -O0 -ffunction-sections -fdata-sections -Wall -fstack-usage -fcyclomatic-complexity -MMD -MP -MF"Drivers/STM32F7xx_HAL_Driver/Src/stm32f7xx_hal_gpio.d" -MT"Drivers/STM32F7xx_HAL_Driver/Src/stm32f7xx_hal_gpio.o" --specs=nano.specs -mfpu=fpv5-sp-d16 -mfloat-abi=hard -mthumb -o "Drivers/STM32F7xx_HAL_Driver/Src/stm32f7xx_hal_gpio.o"
arm-none-eabi-gcc "../Drivers/STM32F7xx_HAL_Driver/Src/stm32f7xx_hal_i2c.c" -mcpu=cortex-m7 -std=gnu11 -g3 -DDEBUG -DUSE_HAL_DRIVER -DSTM32F746xx -DUSE_FULL_LL_DRIVER -c -I../Core/Inc -I../Drivers/STM32F7xx_HAL_Driver/Inc -I../Drivers/STM32F7xx_HAL_Driver/Inc/Legacy -I../Drivers/CMSIS/Device/ST/STM32F7xx/Include -I../Drivers/CMSIS/Include -I../USB_DEVICE/App -I../USB_DEVICE/Target -I../Middlewares/ST/STM32_USB_Device_Library/Core/Inc -I../Middlewares/ST/STM32_USB_Device_Library/Class/CDC/Inc -I"D:/STUDY/00_SCHOOL/DA/0_Project/STM32F7_HIL/FreeRTOS/FreeRTOS-Kernel/include" -I"D:/STUDY/00_SCHOOL/DA/0_Project/STM32F7_HIL/FreeRTOS/FreeRTOS-Kernel/portable/GCC/ARM_CM7/r0p1" -I"D:/STUDY/00_SCHOOL/DA/0_Project/STM32F7_HIL/App/CMDLine/Core" -I"D:/STUDY/00_SCHOOL/DA/0_Project/STM32F7_HIL/App/EmuDrivers/Inc" -O0 -ffunction-sections -fdata-sections -Wall -fstack-usage -fcyclomatic-complexity -MMD -MP -MF"Drivers/STM32F7xx_HAL_Driver/Src/stm32f7xx_hal_i2c.d" -MT"Drivers/STM32F7xx_HAL_Driver/Src/stm32f7xx_hal_i2c.o" --specs=nano.specs -mfpu=fpv5-sp-d16 -mfloat-abi=hard -mthumb -o "Drivers/STM32F7xx_HAL_Driver/Src/stm32f7xx_hal_i2c.o"
arm-none-eabi-gcc "../Drivers/STM32F7xx_HAL_Driver/Src/stm32f7xx_hal_i2c_ex.c" -mcpu=cortex-m7 -std=gnu11 -g3 -DDEBUG -DUSE_HAL_DRIVER -DSTM32F746xx -DUSE_FULL_LL_DRIVER -c -I../Core/Inc -I../Drivers/STM32F7xx_HAL_Driver/Inc -I../Drivers/STM32F7xx_HAL_Driver/Inc/Legacy -I../Drivers/CMSIS/Device/ST/STM32F7xx/Include -I../Drivers/CMSIS/Include -I../USB_DEVICE/App -I../USB_DEVICE/Target -I../Middlewares/ST/STM32_USB_Device_Library/Core/Inc -I../Middlewares/ST/STM32_USB_Device_Library/Class/CDC/Inc -I"D:/STUDY/00_SCHOOL/DA/0_Project/STM32F7_HIL/FreeRTOS/FreeRTOS-Kernel/include" -I"D:/STUDY/00_SCHOOL/DA/0_Project/STM32F7_HIL/FreeRTOS/FreeRTOS-Kernel/portable/GCC/ARM_CM7/r0p1" -I"D:/STUDY/00_SCHOOL/DA/0_Project/STM32F7_HIL/App/CMDLine/Core" -I"D:/STUDY/00_SCHOOL/DA/0_Project/STM32F7_HIL/App/EmuDrivers/Inc" -O0 -ffunction-sections -fdata-sections -Wall -fstack-usage -fcyclomatic-complexity -MMD -MP -MF"Drivers/STM32F7xx_HAL_Driver/Src/stm32f7xx_hal_i2c_ex.d" -MT"Drivers/STM32F7xx_HAL_Driver/Src/stm32f7xx_hal_i2c_ex.o" --specs=nano.specs -mfpu=fpv5-sp-d16 -mfloat-abi=hard -mthumb -o "Drivers/STM32F7xx_HAL_Driver/Src/stm32f7xx_hal_i2c_ex.o"
arm-none-eabi-gcc "../Drivers/STM32F7xx_HAL_Driver/Src/stm32f7xx_hal_pcd.c" -mcpu=cortex-m7 -std=gnu11 -g3 -DDEBUG -DUSE_HAL_DRIVER -DSTM32F746xx -DUSE_FULL_LL_DRIVER -c -I../Core/Inc -I../Drivers/STM32F7xx_HAL_Driver/Inc -I../Drivers/STM32F7xx_HAL_Driver/Inc/Legacy -I../Drivers/CMSIS/Device/ST/STM32F7xx/Include -I../Drivers/CMSIS/Include -I../USB_DEVICE/App -I../USB_DEVICE/Target -I../Middlewares/ST/STM32_USB_Device_Library/Core/Inc -I../Middlewares/ST/STM32_USB_Device_Library/Class/CDC/Inc -I"D:/STUDY/00_SCHOOL/DA/0_Project/STM32F7_HIL/FreeRTOS/FreeRTOS-Kernel/include" -I"D:/STUDY/00_SCHOOL/DA/0_Project/STM32F7_HIL/FreeRTOS/FreeRTOS-Kernel/portable/GCC/ARM_CM7/r0p1" -I"D:/STUDY/00_SCHOOL/DA/0_Project/STM32F7_HIL/App/CMDLine/Core" -I"D:/STUDY/00_SCHOOL/DA/0_Project/STM32F7_HIL/App/EmuDrivers/Inc" -O0 -ffunction-sections -fdata-sections -Wall -fstack-usage -fcyclomatic-complexity -MMD -MP -MF"Drivers/STM32F7xx_HAL_Driver/Src/stm32f7xx_hal_pcd.d" -MT"Drivers/STM32F7xx_HAL_Driver/Src/stm32f7xx_hal_pcd.o" --specs=nano.specs -mfpu=fpv5-sp-d16 -mfloat-abi=hard -mthumb -o "Drivers/STM32F7xx_HAL_Driver/Src/stm32f7xx_hal_pcd.o"
arm-none-eabi-gcc "../Drivers/STM32F7xx_HAL_Driver/Src/stm32f7xx_hal_pcd_ex.c" -mcpu=cortex-m7 -std=gnu11 -g3 -DDEBUG -DUSE_HAL_DRIVER -DSTM32F746xx -DUSE_FULL_LL_DRIVER -c -I../Core/Inc -I../Drivers/STM32F7xx_HAL_Driver/Inc -I../Drivers/STM32F7xx_HAL_Driver/Inc/Legacy -I../Drivers/CMSIS/Device/ST/STM32F7xx/Include -I../Drivers/CMSIS/Include -I../USB_DEVICE/App -I../USB_DEVICE/Target -I../Middlewares/ST/STM32_USB_Device_Library/Core/Inc -I../Middlewares/ST/STM32_USB_Device_Library/Class/CDC/Inc -I"D:/STUDY/00_SCHOOL/DA/0_Project/STM32F7_HIL/FreeRTOS/FreeRTOS-Kernel/include" -I"D:/STUDY/00_SCHOOL/DA/0_Project/STM32F7_HIL/FreeRTOS/FreeRTOS-Kernel/portable/GCC/ARM_CM7/r0p1" -I"D:/STUDY/00_SCHOOL/DA/0_Project/STM32F7_HIL/App/CMDLine/Core" -I"D:/STUDY/00_SCHOOL/DA/0_Project/STM32F7_HIL/App/EmuDrivers/Inc" -O0 -ffunction-sections -fdata-sections -Wall -fstack-usage -fcyclomatic-complexity -MMD -MP -MF"Drivers/STM32F7xx_HAL_Driver/Src/stm32f7xx_hal_pcd_ex.d" -MT"Drivers/STM32F7xx_HAL_Driver/Src/stm32f7xx_hal_pcd_ex.o" --specs=nano.specs -mfpu=fpv5-sp-d16 -mfloat-abi=hard -mthumb -o "Drivers/STM32F7xx_HAL_Driver/Src/stm32f7xx_hal_pcd_ex.o"
arm-none-eabi-gcc "../Drivers/STM32F7xx_HAL_Driver/Src/stm32f7xx_hal_pwr.c" -mcpu=cortex-m7 -std=gnu11 -g3 -DDEBUG -DUSE_HAL_DRIVER -DSTM32F746xx -DUSE_FULL_LL_DRIVER -c -I../Core/Inc -I../Drivers/STM32F7xx_HAL_Driver/Inc -I../Drivers/STM32F7xx_HAL_Driver/Inc/Legacy -I../Drivers/CMSIS/Device/ST/STM32F7xx/Include -I../Drivers/CMSIS/Include -I../USB_DEVICE/App -I../USB_DEVICE/Target -I../Middlewares/ST/STM32_USB_Device_Library/Core/Inc -I../Middlewares/ST/STM32_USB_Device_Library/Class/CDC/Inc -I"D:/STUDY/00_SCHOOL/DA/0_Project/STM32F7_HIL/FreeRTOS/FreeRTOS-Kernel/include" -I"D:/STUDY/00_SCHOOL/DA/0_Project/STM32F7_HIL/FreeRTOS/FreeRTOS-Kernel/portable/GCC/ARM_CM7/r0p1" -I"D:/STUDY/00_SCHOOL/DA/0_Project/STM32F7_HIL/App/CMDLine/Core" -I"D:/STUDY/00_SCHOOL/DA/0_Project/STM32F7_HIL/App/EmuDrivers/Inc" -O0 -ffunction-sections -fdata-sections -Wall -fstack-usage -fcyclomatic-complexity -MMD -MP -MF"Drivers/STM32F7xx_HAL_Driver/Src/stm32f7xx_hal_pwr.d" -MT"Drivers/STM32F7xx_HAL_Driver/Src/stm32f7xx_hal_pwr.o" --specs=nano.specs -mfpu=fpv5-sp-d16 -mfloat-abi=hard -mthumb -o "Drivers/STM32F7xx_HAL_Driver/Src/stm32f7xx_hal_pwr.o"
arm-none-eabi-gcc "../Drivers/STM32F7xx_HAL_Driver/Src/stm32f7xx_hal_pwr_ex.c" -mcpu=cortex-m7 -std=gnu11 -g3 -DDEBUG -DUSE_HAL_DRIVER -DSTM32F746xx -DUSE_FULL_LL_DRIVER -c -I../Core/Inc -I../Drivers/STM32F7xx_HAL_Driver/Inc -I../Drivers/STM32F7xx_HAL_Driver/Inc/Legacy -I../Drivers/CMSIS/Device/ST/STM32F7xx/Include -I../Drivers/CMSIS/Include -I../USB_DEVICE/App -I../USB_DEVICE/Target -I../Middlewares/ST/STM32_USB_Device_Library/Core/Inc -I../Middlewares/ST/STM32_USB_Device_Library/Class/CDC/Inc -I"D:/STUDY/00_SCHOOL/DA/0_Project/STM32F7_HIL/FreeRTOS/FreeRTOS-Kernel/include" -I"D:/STUDY/00_SCHOOL/DA/0_Project/STM32F7_HIL/FreeRTOS/FreeRTOS-Kernel/portable/GCC/ARM_CM7/r0p1" -I"D:/STUDY/00_SCHOOL/DA/0_Project/STM32F7_HIL/App/CMDLine/Core" -I"D:/STUDY/00_SCHOOL/DA/0_Project/STM32F7_HIL/App/EmuDrivers/Inc" -O0 -ffunction-sections -fdata-sections -Wall -fstack-usage -fcyclomatic-complexity -MMD -MP -MF"Drivers/STM32F7xx_HAL_Driver/Src/stm32f7xx_hal_pwr_ex.d" -MT"Drivers/STM32F7xx_HAL_Driver/Src/stm32f7xx_hal_pwr_ex.o" --specs=nano.specs -mfpu=fpv5-sp-d16 -mfloat-abi=hard -mthumb -o "Drivers/STM32F7xx_HAL_Driver/Src/stm32f7xx_hal_pwr_ex.o"
arm-none-eabi-gcc "../Drivers/STM32F7xx_HAL_Driver/Src/stm32f7xx_hal_rcc.c" -mcpu=cortex-m7 -std=gnu11 -g3 -DDEBUG -DUSE_HAL_DRIVER -DSTM32F746xx -DUSE_FULL_LL_DRIVER -c -I../Core/Inc -I../Drivers/STM32F7xx_HAL_Driver/Inc -I../Drivers/STM32F7xx_HAL_Driver/Inc/Legacy -I../Drivers/CMSIS/Device/ST/STM32F7xx/Include -I../Drivers/CMSIS/Include -I../USB_DEVICE/App -I../USB_DEVICE/Target -I../Middlewares/ST/STM32_USB_Device_Library/Core/Inc -I../Middlewares/ST/STM32_USB_Device_Library/Class/CDC/Inc -I"D:/STUDY/00_SCHOOL/DA/0_Project/STM32F7_HIL/FreeRTOS/FreeRTOS-Kernel/include" -I"D:/STUDY/00_SCHOOL/DA/0_Project/STM32F7_HIL/FreeRTOS/FreeRTOS-Kernel/portable/GCC/ARM_CM7/r0p1" -I"D:/STUDY/00_SCHOOL/DA/0_Project/STM32F7_HIL/App/CMDLine/Core" -I"D:/STUDY/00_SCHOOL/DA/0_Project/STM32F7_HIL/App/EmuDrivers/Inc" -O0 -ffunction-sections -fdata-sections -Wall -fstack-usage -fcyclomatic-complexity -MMD -MP -MF"Drivers/STM32F7xx_HAL_Driver/Src/stm32f7xx_hal_rcc.d" -MT"Drivers/STM32F7xx_HAL_Driver/Src/stm32f7xx_hal_rcc.o" --specs=nano.specs -mfpu=fpv5-sp-d16 -mfloat-abi=hard -mthumb -o "Drivers/STM32F7xx_HAL_Driver/Src/stm32f7xx_hal_rcc.o"
arm-none-eabi-gcc "../Drivers/STM32F7xx_HAL_Driver/Src/stm32f7xx_hal_rcc_ex.c" -mcpu=cortex-m7 -std=gnu11 -g3 -DDEBUG -DUSE_HAL_DRIVER -DSTM32F746xx -DUSE_FULL_LL_DRIVER -c -I../Core/Inc -I../Drivers/STM32F7xx_HAL_Driver/Inc -I../Drivers/STM32F7xx_HAL_Driver/Inc/Legacy -I../Drivers/CMSIS/Device/ST/STM32F7xx/Include -I../Drivers/CMSIS/Include -I../USB_DEVICE/App -I../USB_DEVICE/Target -I../Middlewares/ST/STM32_USB_Device_Library/Core/Inc -I../Middlewares/ST/STM32_USB_Device_Library/Class/CDC/Inc -I"D:/STUDY/00_SCHOOL/DA/0_Project/STM32F7_HIL/FreeRTOS/FreeRTOS-Kernel/include" -I"D:/STUDY/00_SCHOOL/DA/0_Project/STM32F7_HIL/FreeRTOS/FreeRTOS-Kernel/portable/GCC/ARM_CM7/r0p1" -I"D:/STUDY/00_SCHOOL/DA/0_Project/STM32F7_HIL/App/CMDLine/Core" -I"D:/STUDY/00_SCHOOL/DA/0_Project/STM32F7_HIL/App/EmuDrivers/Inc" -O0 -ffunction-sections -fdata-sections -Wall -fstack-usage -fcyclomatic-complexity -MMD -MP -MF"Drivers/STM32F7xx_HAL_Driver/Src/stm32f7xx_hal_rcc_ex.d" -MT"Drivers/STM32F7xx_HAL_Driver/Src/stm32f7xx_hal_rcc_ex.o" --specs=nano.specs -mfpu=fpv5-sp-d16 -mfloat-abi=hard -mthumb -o "Drivers/STM32F7xx_HAL_Driver/Src/stm32f7xx_hal_rcc_ex.o"
arm-none-eabi-gcc "../Drivers/STM32F7xx_HAL_Driver/Src/stm32f7xx_hal_tim.c" -mcpu=cortex-m7 -std=gnu11 -g3 -DDEBUG -DUSE_HAL_DRIVER -DSTM32F746xx -DUSE_FULL_LL_DRIVER -c -I../Core/Inc -I../Drivers/STM32F7xx_HAL_Driver/Inc -I../Drivers/STM32F7xx_HAL_Driver/Inc/Legacy -I../Drivers/CMSIS/Device/ST/STM32F7xx/Include -I../Drivers/CMSIS/Include -I../USB_DEVICE/App -I../USB_DEVICE/Target -I../Middlewares/ST/STM32_USB_Device_Library/Core/Inc -I../Middlewares/ST/STM32_USB_Device_Library/Class/CDC/Inc -I"D:/STUDY/00_SCHOOL/DA/0_Project/STM32F7_HIL/FreeRTOS/FreeRTOS-Kernel/include" -I"D:/STUDY/00_SCHOOL/DA/0_Project/STM32F7_HIL/FreeRTOS/FreeRTOS-Kernel/portable/GCC/ARM_CM7/r0p1" -I"D:/STUDY/00_SCHOOL/DA/0_Project/STM32F7_HIL/App/CMDLine/Core" -I"D:/STUDY/00_SCHOOL/DA/0_Project/STM32F7_HIL/App/EmuDrivers/Inc" -O0 -ffunction-sections -fdata-sections -Wall -fstack-usage -fcyclomatic-complexity -MMD -MP -MF"Drivers/STM32F7xx_HAL_Driver/Src/stm32f7xx_hal_tim.d" -MT"Drivers/STM32F7xx_HAL_Driver/Src/stm32f7xx_hal_tim.o" --specs=nano.specs -mfpu=fpv5-sp-d16 -mfloat-abi=hard -mthumb -o "Drivers/STM32F7xx_HAL_Driver/Src/stm32f7xx_hal_tim.o"
arm-none-eabi-gcc "../Drivers/STM32F7xx_HAL_Driver/Src/stm32f7xx_hal_tim_ex.c" -mcpu=cortex-m7 -std=gnu11 -g3 -DDEBUG -DUSE_HAL_DRIVER -DSTM32F746xx -DUSE_FULL_LL_DRIVER -c -I../Core/Inc -I../Drivers/STM32F7xx_HAL_Driver/Inc -I../Drivers/STM32F7xx_HAL_Driver/Inc/Legacy -I../Drivers/CMSIS/Device/ST/STM32F7xx/Include -I../Drivers/CMSIS/Include -I../USB_DEVICE/App -I../USB_DEVICE/Target -I../Middlewares/ST/STM32_USB_Device_Library/Core/Inc -I../Middlewares/ST/STM32_USB_Device_Library/Class/CDC/Inc -I"D:/STUDY/00_SCHOOL/DA/0_Project/STM32F7_HIL/FreeRTOS/FreeRTOS-Kernel/include" -I"D:/STUDY/00_SCHOOL/DA/0_Project/STM32F7_HIL/FreeRTOS/FreeRTOS-Kernel/portable/GCC/ARM_CM7/r0p1" -I"D:/STUDY/00_SCHOOL/DA/0_Project/STM32F7_HIL/App/CMDLine/Core" -I"D:/STUDY/00_SCHOOL/DA/0_Project/STM32F7_HIL/App/EmuDrivers/Inc" -O0 -ffunction-sections -fdata-sections -Wall -fstack-usage -fcyclomatic-complexity -MMD -MP -MF"Drivers/STM32F7xx_HAL_Driver/Src/stm32f7xx_hal_tim_ex.d" -MT"Drivers/STM32F7xx_HAL_Driver/Src/stm32f7xx_hal_tim_ex.o" --specs=nano.specs -mfpu=fpv5-sp-d16 -mfloat-abi=hard -mthumb -o "Drivers/STM32F7xx_HAL_Driver/Src/stm32f7xx_hal_tim_ex.o"
arm-none-eabi-gcc "../Drivers/STM32F7xx_HAL_Driver/Src/stm32f7xx_ll_dma.c" -mcpu=cortex-m7 -std=gnu11 -g3 -DDEBUG -DUSE_HAL_DRIVER -DSTM32F746xx -DUSE_FULL_LL_DRIVER -c -I../Core/Inc -I../Drivers/STM32F7xx_HAL_Driver/Inc -I../Drivers/STM32F7xx_HAL_Driver/Inc/Legacy -I../Drivers/CMSIS/Device/ST/STM32F7xx/Include -I../Drivers/CMSIS/Include -I../USB_DEVICE/App -I../USB_DEVICE/Target -I../Middlewares/ST/STM32_USB_Device_Library/Core/Inc -I../Middlewares/ST/STM32_USB_Device_Library/Class/CDC/Inc -I"D:/STUDY/00_SCHOOL/DA/0_Project/STM32F7_HIL/FreeRTOS/FreeRTOS-Kernel/include" -I"D:/STUDY/00_SCHOOL/DA/0_Project/STM32F7_HIL/FreeRTOS/FreeRTOS-Kernel/portable/GCC/ARM_CM7/r0p1" -I"D:/STUDY/00_SCHOOL/DA/0_Project/STM32F7_HIL/App/CMDLine/Core" -I"D:/STUDY/00_SCHOOL/DA/0_Project/STM32F7_HIL/App/EmuDrivers/Inc" -O0 -ffunction-sections -fdata-sections -Wall -fstack-usage -fcyclomatic-complexity -MMD -MP -MF"Drivers/STM32F7xx_HAL_Driver/Src/stm32f7xx_ll_dma.d" -MT"Drivers/STM32F7xx_HAL_Driver/Src/stm32f7xx_ll_dma.o" --specs=nano.specs -mfpu=fpv5-sp-d16 -mfloat-abi=hard -mthumb -o "Drivers/STM32F7xx_HAL_Driver/Src/stm32f7xx_ll_dma.o"
arm-none-eabi-gcc "../Drivers/STM32F7xx_HAL_Driver/Src/stm32f7xx_ll_exti.c" -mcpu=cortex-m7 -std=gnu11 -g3 -DDEBUG -DUSE_HAL_DRIVER -DSTM32F746xx -DUSE_FULL_LL_DRIVER -c -I../Core/Inc -I../Drivers/STM32F7xx_HAL_Driver/Inc -I../Drivers/STM32F7xx_HAL_Driver/Inc/Legacy -I../Drivers/CMSIS/Device/ST/STM32F7xx/Include -I../Drivers/CMSIS/Include -I../USB_DEVICE/App -I../USB_DEVICE/Target -I../Middlewares/ST/STM32_USB_Device_Library/Core/Inc -I../Middlewares/ST/STM32_USB_Device_Library/Class/CDC/Inc -I"D:/STUDY/00_SCHOOL/DA/0_Project/STM32F7_HIL/FreeRTOS/FreeRTOS-Kernel/include" -I"D:/STUDY/00_SCHOOL/DA/0_Project/STM32F7_HIL/FreeRTOS/FreeRTOS-Kernel/portable/GCC/ARM_CM7/r0p1" -I"D:/STUDY/00_SCHOOL/DA/0_Project/STM32F7_HIL/App/CMDLine/Core" -I"D:/STUDY/00_SCHOOL/DA/0_Project/STM32F7_HIL/App/EmuDrivers/Inc" -O0 -ffunction-sections -fdata-sections -Wall -fstack-usage -fcyclomatic-complexity -MMD -MP -MF"Drivers/STM32F7xx_HAL_Driver/Src/stm32f7xx_ll_exti.d" -MT"Drivers/STM32F7xx_HAL_Driver/Src/stm32f7xx_ll_exti.o" --specs=nano.specs -mfpu=fpv5-sp-d16 -mfloat-abi=hard -mthumb -o "Drivers/STM32F7xx_HAL_Driver/Src/stm32f7xx_ll_exti.o"
arm-none-eabi-gcc "../Drivers/STM32F7xx_HAL_Driver/Src/stm32f7xx_ll_gpio.c" -mcpu=cortex-m7 -std=gnu11 -g3 -DDEBUG -DUSE_HAL_DRIVER -DSTM32F746xx -DUSE_FULL_LL_DRIVER -c -I../Core/Inc -I../Drivers/STM32F7xx_HAL_Driver/Inc -I../Drivers/STM32F7xx_HAL_Driver/Inc/Legacy -I../Drivers/CMSIS/Device/ST/STM32F7xx/Include -I../Drivers/CMSIS/Include -I../USB_DEVICE/App -I../USB_DEVICE/Target -I../Middlewares/ST/STM32_USB_Device_Library/Core/Inc -I../Middlewares/ST/STM32_USB_Device_Library/Class/CDC/Inc -I"D:/STUDY/00_SCHOOL/DA/0_Project/STM32F7_HIL/FreeRTOS/FreeRTOS-Kernel/include" -I"D:/STUDY/00_SCHOOL/DA/0_Project/STM32F7_HIL/FreeRTOS/FreeRTOS-Kernel/portable/GCC/ARM_CM7/r0p1" -I"D:/STUDY/00_SCHOOL/DA/0_Project/STM32F7_HIL/App/CMDLine/Core" -I"D:/STUDY/00_SCHOOL/DA/0_Project/STM32F7_HIL/App/EmuDrivers/Inc" -O0 -ffunction-sections -fdata-sections -Wall -fstack-usage -fcyclomatic-complexity -MMD -MP -MF"Drivers/STM32F7xx_HAL_Driver/Src/stm32f7xx_ll_gpio.d" -MT"Drivers/STM32F7xx_HAL_Driver/Src/stm32f7xx_ll_gpio.o" --specs=nano.specs -mfpu=fpv5-sp-d16 -mfloat-abi=hard -mthumb -o "Drivers/STM32F7xx_HAL_Driver/Src/stm32f7xx_ll_gpio.o"
arm-none-eabi-gcc "../Drivers/STM32F7xx_HAL_Driver/Src/stm32f7xx_ll_rcc.c" -mcpu=cortex-m7 -std=gnu11 -g3 -DDEBUG -DUSE_HAL_DRIVER -DSTM32F746xx -DUSE_FULL_LL_DRIVER -c -I../Core/Inc -I../Drivers/STM32F7xx_HAL_Driver/Inc -I../Drivers/STM32F7xx_HAL_Driver/Inc/Legacy -I../Drivers/CMSIS/Device/ST/STM32F7xx/Include -I../Drivers/CMSIS/Include -I../USB_DEVICE/App -I../USB_DEVICE/Target -I../Middlewares/ST/STM32_USB_Device_Library/Core/Inc -I../Middlewares/ST/STM32_USB_Device_Library/Class/CDC/Inc -I"D:/STUDY/00_SCHOOL/DA/0_Project/STM32F7_HIL/FreeRTOS/FreeRTOS-Kernel/include" -I"D:/STUDY/00_SCHOOL/DA/0_Project/STM32F7_HIL/FreeRTOS/FreeRTOS-Kernel/portable/GCC/ARM_CM7/r0p1" -I"D:/STUDY/00_SCHOOL/DA/0_Project/STM32F7_HIL/App/CMDLine/Core" -I"D:/STUDY/00_SCHOOL/DA/0_Project/STM32F7_HIL/App/EmuDrivers/Inc" -O0 -ffunction-sections -fdata-sections -Wall -fstack-usage -fcyclomatic-complexity -MMD -MP -MF"Drivers/STM32F7xx_HAL_Driver/Src/stm32f7xx_ll_rcc.d" -MT"Drivers/STM32F7xx_HAL_Driver/Src/stm32f7xx_ll_rcc.o" --specs=nano.specs -mfpu=fpv5-sp-d16 -mfloat-abi=hard -mthumb -o "Drivers/STM32F7xx_HAL_Driver/Src/stm32f7xx_ll_rcc.o"
arm-none-eabi-gcc "../Drivers/STM32F7xx_HAL_Driver/Src/stm32f7xx_ll_spi.c" -mcpu=cortex-m7 -std=gnu11 -g3 -DDEBUG -DUSE_HAL_DRIVER -DSTM32F746xx -DUSE_FULL_LL_DRIVER -c -I../Core/Inc -I../Drivers/STM32F7xx_HAL_Driver/Inc -I../Drivers/STM32F7xx_HAL_Driver/Inc/Legacy -I../Drivers/CMSIS/Device/ST/STM32F7xx/Include -I../Drivers/CMSIS/Include -I../USB_DEVICE/App -I../USB_DEVICE/Target -I../Middlewares/ST/STM32_USB_Device_Library/Core/Inc -I../Middlewares/ST/STM32_USB_Device_Library/Class/CDC/Inc -I"D:/STUDY/00_SCHOOL/DA/0_Project/STM32F7_HIL/FreeRTOS/FreeRTOS-Kernel/include" -I"D:/STUDY/00_SCHOOL/DA/0_Project/STM32F7_HIL/FreeRTOS/FreeRTOS-Kernel/portable/GCC/ARM_CM7/r0p1" -I"D:/STUDY/00_SCHOOL/DA/0_Project/STM32F7_HIL/App/CMDLine/Core" -I"D:/STUDY/00_SCHOOL/DA/0_Project/STM32F7_HIL/App/EmuDrivers/Inc" -O0 -ffunction-sections -fdata-sections -Wall -fstack-usage -fcyclomatic-complexity -MMD -MP -MF"Drivers/STM32F7xx_HAL_Driver/Src/stm32f7xx_ll_spi.d" -MT"Drivers/STM32F7xx_HAL_Driver/Src/stm32f7xx_ll_spi.o" --specs=nano.specs -mfpu=fpv5-sp-d16 -mfloat-abi=hard -mthumb -o "Drivers/STM32F7xx_HAL_Driver/Src/stm32f7xx_ll_spi.o"
arm-none-eabi-gcc "../Drivers/STM32F7xx_HAL_Driver/Src/stm32f7xx_ll_usb.c" -mcpu=cortex-m7 -std=gnu11 -g3 -DDEBUG -DUSE_HAL_DRIVER -DSTM32F746xx -DUSE_FULL_LL_DRIVER -c -I../Core/Inc -I../Drivers/STM32F7xx_HAL_Driver/Inc -I../Drivers/STM32F7xx_HAL_Driver/Inc/Legacy -I../Drivers/CMSIS/Device/ST/STM32F7xx/Include -I../Drivers/CMSIS/Include -I../USB_DEVICE/App -I../USB_DEVICE/Target -I../Middlewares/ST/STM32_USB_Device_Library/Core/Inc -I../Middlewares/ST/STM32_USB_Device_Library/Class/CDC/Inc -I"D:/STUDY/00_SCHOOL/DA/0_Project/STM32F7_HIL/FreeRTOS/FreeRTOS-Kernel/include" -I"D:/STUDY/00_SCHOOL/DA/0_Project/STM32F7_HIL/FreeRTOS/FreeRTOS-Kernel/portable/GCC/ARM_CM7/r0p1" -I"D:/STUDY/00_SCHOOL/DA/0_Project/STM32F7_HIL/App/CMDLine/Core" -I"D:/STUDY/00_SCHOOL/DA/0_Project/STM32F7_HIL/App/EmuDrivers/Inc" -O0 -ffunction-sections -fdata-sections -Wall -fstack-usage -fcyclomatic-complexity -MMD -MP -MF"Drivers/STM32F7xx_HAL_Driver/Src/stm32f7xx_ll_usb.d" -MT"Drivers/STM32F7xx_HAL_Driver/Src/stm32f7xx_ll_usb.o" --specs=nano.specs -mfpu=fpv5-sp-d16 -mfloat-abi=hard -mthumb -o "Drivers/STM32F7xx_HAL_Driver/Src/stm32f7xx_ll_usb.o"
arm-none-eabi-gcc "../Drivers/STM32F7xx_HAL_Driver/Src/stm32f7xx_ll_utils.c" -mcpu=cortex-m7 -std=gnu11 -g3 -DDEBUG -DUSE_HAL_DRIVER -DSTM32F746xx -DUSE_FULL_LL_DRIVER -c -I../Core/Inc -I../Drivers/STM32F7xx_HAL_Driver/Inc -I../Drivers/STM32F7xx_HAL_Driver/Inc/Legacy -I../Drivers/CMSIS/Device/ST/STM32F7xx/Include -I../Drivers/CMSIS/Include -I../USB_DEVICE/App -I../USB_DEVICE/Target -I../Middlewares/ST/STM32_USB_Device_Library/Core/Inc -I../Middlewares/ST/STM32_USB_Device_Library/Class/CDC/Inc -I"D:/STUDY/00_SCHOOL/DA/0_Project/STM32F7_HIL/FreeRTOS/FreeRTOS-Kernel/include" -I"D:/STUDY/00_SCHOOL/DA/0_Project/STM32F7_HIL/FreeRTOS/FreeRTOS-Kernel/portable/GCC/ARM_CM7/r0p1" -I"D:/STUDY/00_SCHOOL/DA/0_Project/STM32F7_HIL/App/CMDLine/Core" -I"D:/STUDY/00_SCHOOL/DA/0_Project/STM32F7_HIL/App/EmuDrivers/Inc" -O0 -ffunction-sections -fdata-sections -Wall -fstack-usage -fcyclomatic-complexity -MMD -MP -MF"Drivers/STM32F7xx_HAL_Driver/Src/stm32f7xx_ll_utils.d" -MT"Drivers/STM32F7xx_HAL_Driver/Src/stm32f7xx_ll_utils.o" --specs=nano.specs -mfpu=fpv5-sp-d16 -mfloat-abi=hard -mthumb -o "Drivers/STM32F7xx_HAL_Driver/Src/stm32f7xx_ll_utils.o"
arm-none-eabi-gcc "../Core/Src/main.c" -mcpu=cortex-m7 -std=gnu11 -g3 -DDEBUG -DUSE_HAL_DRIVER -DSTM32F746xx -DUSE_FULL_LL_DRIVER -c -I../Core/Inc -I../Drivers/STM32F7xx_HAL_Driver/Inc -I../Drivers/STM32F7xx_HAL_Driver/Inc/Legacy -I../Drivers/CMSIS/Device/ST/STM32F7xx/Include -I../Drivers/CMSIS/Include -I../USB_DEVICE/App -I../USB_DEVICE/Target -I../Middlewares/ST/STM32_USB_Device_Library/Core/Inc -I../Middlewares/ST/STM32_USB_Device_Library/Class/CDC/Inc -I"D:/STUDY/00_SCHOOL/DA/0_Project/STM32F7_HIL/FreeRTOS/FreeRTOS-Kernel/include" -I"D:/STUDY/00_SCHOOL/DA/0_Project/STM32F7_HIL/FreeRTOS/FreeRTOS-Kernel/portable/GCC/ARM_CM7/r0p1" -I"D:/STUDY/00_SCHOOL/DA/0_Project/STM32F7_HIL/App/CMDLine/Core" -I"D:/STUDY/00_SCHOOL/DA/0_Project/STM32F7_HIL/App/EmuDrivers/Inc" -O0 -ffunction-sections -fdata-sections -Wall -fstack-usage -fcyclomatic-complexity -MMD -MP -MF"Core/Src/main.d" -MT"Core/Src/main.o" --specs=nano.specs -mfpu=fpv5-sp-d16 -mfloat-abi=hard -mthumb -o "Core/Src/main.o"
arm-none-eabi-gcc "../Core/Src/stm32f7xx_hal_msp.c" -mcpu=cortex-m7 -std=gnu11 -g3 -DDEBUG -DUSE_HAL_DRIVER -DSTM32F746xx -DUSE_FULL_LL_DRIVER -c -I../Core/Inc -I../Drivers/STM32F7xx_HAL_Driver/Inc -I../Drivers/STM32F7xx_HAL_Driver/Inc/Legacy -I../Drivers/CMSIS/Device/ST/STM32F7xx/Include -I../Drivers/CMSIS/Include -I../USB_DEVICE/App -I../USB_DEVICE/Target -I../Middlewares/ST/STM32_USB_Device_Library/Core/Inc -I../Middlewares/ST/STM32_USB_Device_Library/Class/CDC/Inc -I"D:/STUDY/00_SCHOOL/DA/0_Project/STM32F7_HIL/FreeRTOS/FreeRTOS-Kernel/include" -I"D:/STUDY/00_SCHOOL/DA/0_Project/STM32F7_HIL/FreeRTOS/FreeRTOS-Kernel/portable/GCC/ARM_CM7/r0p1" -I"D:/STUDY/00_SCHOOL/DA/0_Project/STM32F7_HIL/App/CMDLine/Core" -I"D:/STUDY/00_SCHOOL/DA/0_Project/STM32F7_HIL/App/EmuDrivers/Inc" -O0 -ffunction-sections -fdata-sections -Wall -fstack-usage -fcyclomatic-complexity -MMD -MP -MF"Core/Src/stm32f7xx_hal_msp.d" -MT"Core/Src/stm32f7xx_hal_msp.o" --specs=nano.specs -mfpu=fpv5-sp-d16 -mfloat-abi=hard -mthumb -o "Core/Src/stm32f7xx_hal_msp.o"
arm-none-eabi-gcc "../Core/Src/stm32f7xx_hal_timebase_tim.c" -mcpu=cortex-m7 -std=gnu11 -g3 -DDEBUG -DUSE_HAL_DRIVER -DSTM32F746xx -DUSE_FULL_LL_DRIVER -c -I../Core/Inc -I../Drivers/STM32F7xx_HAL_Driver/Inc -I../Drivers/STM32F7xx_HAL_Driver/Inc/Legacy -I../Drivers/CMSIS/Device/ST/STM32F7xx/Include -I../Drivers/CMSIS/Include -I../USB_DEVICE/App -I../USB_DEVICE/Target -I../Middlewares/ST/STM32_USB_Device_Library/Core/Inc -I../Middlewares/ST/STM32_USB_Device_Library/Class/CDC/Inc -I"D:/STUDY/00_SCHOOL/DA/0_Project/STM32F7_HIL/FreeRTOS/FreeRTOS-Kernel/include" -I"D:/STUDY/00_SCHOOL/DA/0_Project/STM32F7_HIL/FreeRTOS/FreeRTOS-Kernel/portable/GCC/ARM_CM7/r0p1" -I"D:/STUDY/00_SCHOOL/DA/0_Project/STM32F7_HIL/App/CMDLine/Core" -I"D:/STUDY/00_SCHOOL/DA/0_Project/STM32F7_HIL/App/EmuDrivers/Inc" -O0 -ffunction-sections -fdata-sections -Wall -fstack-usage -fcyclomatic-complexity -MMD -MP -MF"Core/Src/stm32f7xx_hal_timebase_tim.d" -MT"Core/Src/stm32f7xx_hal_timebase_tim.o" --specs=nano.specs -mfpu=fpv5-sp-d16 -mfloat-abi=hard -mthumb -o "Core/Src/stm32f7xx_hal_timebase_tim.o"
arm-none-eabi-gcc "../Core/Src/stm32f7xx_it.c" -mcpu=cortex-m7 -std=gnu11 -g3 -DDEBUG -DUSE_HAL_DRIVER -DSTM32F746xx -DUSE_FULL_LL_DRIVER -c -I../Core/Inc -I../Drivers/STM32F7xx_HAL_Driver/Inc -I../Drivers/STM32F7xx_HAL_Driver/Inc/Legacy -I../Drivers/CMSIS/Device/ST/STM32F7xx/Include -I../Drivers/CMSIS/Include -I../USB_DEVICE/App -I../USB_DEVICE/Target -I../Middlewares/ST/STM32_USB_Device_Library/Core/Inc -I../Middlewares/ST/STM32_USB_Device_Library/Class/CDC/Inc -I"D:/STUDY/00_SCHOOL/DA/0_Project/STM32F7_HIL/FreeRTOS/FreeRTOS-Kernel/include" -I"D:/STUDY/00_SCHOOL/DA/0_Project/STM32F7_HIL/FreeRTOS/FreeRTOS-Kernel/portable/GCC/ARM_CM7/r0p1" -I"D:/STUDY/00_SCHOOL/DA/0_Project/STM32F7_HIL/App/CMDLine/Core" -I"D:/STUDY/00_SCHOOL/DA/0_Project/STM32F7_HIL/App/EmuDrivers/Inc" -O0 -ffunction-sections -fdata-sections -Wall -fstack-usage -fcyclomatic-complexity -MMD -MP -MF"Core/Src/stm32f7xx_it.d" -MT"Core/Src/stm32f7xx_it.o" --specs=nano.specs -mfpu=fpv5-sp-d16 -mfloat-abi=hard -mthumb -o "Core/Src/stm32f7xx_it.o"
arm-none-eabi-gcc "../Core/Src/syscalls.c" -mcpu=cortex-m7 -std=gnu11 -g3 -DDEBUG -DUSE_HAL_DRIVER -DSTM32F746xx -DUSE_FULL_LL_DRIVER -c -I../Core/Inc -I../Drivers/STM32F7xx_HAL_Driver/Inc -I../Drivers/STM32F7xx_HAL_Driver/Inc/Legacy -I../Drivers/CMSIS/Device/ST/STM32F7xx/Include -I../Drivers/CMSIS/Include -I../USB_DEVICE/App -I../USB_DEVICE/Target -I../Middlewares/ST/STM32_USB_Device_Library/Core/Inc -I../Middlewares/ST/STM32_USB_Device_Library/Class/CDC/Inc -I"D:/STUDY/00_SCHOOL/DA/0_Project/STM32F7_HIL/FreeRTOS/FreeRTOS-Kernel/include" -I"D:/STUDY/00_SCHOOL/DA/0_Project/STM32F7_HIL/FreeRTOS/FreeRTOS-Kernel/portable/GCC/ARM_CM7/r0p1" -I"D:/STUDY/00_SCHOOL/DA/0_Project/STM32F7_HIL/App/CMDLine/Core" -I"D:/STUDY/00_SCHOOL/DA/0_Project/STM32F7_HIL/App/EmuDrivers/Inc" -O0 -ffunction-sections -fdata-sections -Wall -fstack-usage -fcyclomatic-complexity -MMD -MP -MF"Core/Src/syscalls.d" -MT"Core/Src/syscalls.o" --specs=nano.specs -mfpu=fpv5-sp-d16 -mfloat-abi=hard -mthumb -o "Core/Src/syscalls.o"
arm-none-eabi-gcc "../Core/Src/sysmem.c" -mcpu=cortex-m7 -std=gnu11 -g3 -DDEBUG -DUSE_HAL_DRIVER -DSTM32F746xx -DUSE_FULL_LL_DRIVER -c -I../Core/Inc -I../Drivers/STM32F7xx_HAL_Driver/Inc -I../Drivers/STM32F7xx_HAL_Driver/Inc/Legacy -I../Drivers/CMSIS/Device/ST/STM32F7xx/Include -I../Drivers/CMSIS/Include -I../USB_DEVICE/App -I../USB_DEVICE/Target -I../Middlewares/ST/STM32_USB_Device_Library/Core/Inc -I../Middlewares/ST/STM32_USB_Device_Library/Class/CDC/Inc -I"D:/STUDY/00_SCHOOL/DA/0_Project/STM32F7_HIL/FreeRTOS/FreeRTOS-Kernel/include" -I"D:/STUDY/00_SCHOOL/DA/0_Project/STM32F7_HIL/FreeRTOS/FreeRTOS-Kernel/portable/GCC/ARM_CM7/r0p1" -I"D:/STUDY/00_SCHOOL/DA/0_Project/STM32F7_HIL/App/CMDLine/Core" -I"D:/STUDY/00_SCHOOL/DA/0_Project/STM32F7_HIL/App/EmuDrivers/Inc" -O0 -ffunction-sections -fdata-sections -Wall -fstack-usage -fcyclomatic-complexity -MMD -MP -MF"Core/Src/sysmem.d" -MT"Core/Src/sysmem.o" --specs=nano.specs -mfpu=fpv5-sp-d16 -mfloat-abi=hard -mthumb -o "Core/Src/sysmem.o"
arm-none-eabi-gcc "../Core/Src/system_stm32f7xx.c" -mcpu=cortex-m7 -std=gnu11 -g3 -DDEBUG -DUSE_HAL_DRIVER -DSTM32F746xx -DUSE_FULL_LL_DRIVER -c -I../Core/Inc -I../Drivers/STM32F7xx_HAL_Driver/Inc -I../Drivers/STM32F7xx_HAL_Driver/Inc/Legacy -I../Drivers/CMSIS/Device/ST/STM32F7xx/Include -I../Drivers/CMSIS/Include -I../USB_DEVICE/App -I../USB_DEVICE/Target -I../Middlewares/ST/STM32_USB_Device_Library/Core/Inc -I../Middlewares/ST/STM32_USB_Device_Library/Class/CDC/Inc -I"D:/STUDY/00_SCHOOL/DA/0_Project/STM32F7_HIL/FreeRTOS/FreeRTOS-Kernel/include" -I"D:/STUDY/00_SCHOOL/DA/0_Project/STM32F7_HIL/FreeRTOS/FreeRTOS-Kernel/portable/GCC/ARM_CM7/r0p1" -I"D:/STUDY/00_SCHOOL/DA/0_Project/STM32F7_HIL/App/CMDLine/Core" -I"D:/STUDY/00_SCHOOL/DA/0_Project/STM32F7_HIL/App/EmuDrivers/Inc" -O0 -ffunction-sections -fdata-sections -Wall -fstack-usage -fcyclomatic-complexity -MMD -MP -MF"Core/Src/system_stm32f7xx.d" -MT"Core/Src/system_stm32f7xx.o" --specs=nano.specs -mfpu=fpv5-sp-d16 -mfloat-abi=hard -mthumb -o "Core/Src/system_stm32f7xx.o"
arm-none-eabi-gcc "../App/EmuDrivers/Src/i2c_device.c" -mcpu=cortex-m7 -std=gnu11 -g3 -DDEBUG -DUSE_HAL_DRIVER -DSTM32F746xx -DUSE_FULL_LL_DRIVER -c -I../Core/Inc -I../Drivers/STM32F7xx_HAL_Driver/Inc -I../Drivers/STM32F7xx_HAL_Driver/Inc/Legacy -I../Drivers/CMSIS/Device/ST/STM32F7xx/Include -I../Drivers/CMSIS/Include -I../USB_DEVICE/App -I../USB_DEVICE/Target -I../Middlewares/ST/STM32_USB_Device_Library/Core/Inc -I../Middlewares/ST/STM32_USB_Device_Library/Class/CDC/Inc -I"D:/STUDY/00_SCHOOL/DA/0_Project/STM32F7_HIL/FreeRTOS/FreeRTOS-Kernel/include" -I"D:/STUDY/00_SCHOOL/DA/0_Project/STM32F7_HIL/FreeRTOS/FreeRTOS-Kernel/portable/GCC/ARM_CM7/r0p1" -I"D:/STUDY/00_SCHOOL/DA/0_Project/STM32F7_HIL/App/CMDLine/Core" -I"D:/STUDY/00_SCHOOL/DA/0_Project/STM32F7_HIL/App/EmuDrivers/Inc" -O0 -ffunction-sections -fdata-sections -Wall -fstack-usage -fcyclomatic-complexity -MMD -MP -MF"App/EmuDrivers/Src/i2c_device.d" -MT"App/EmuDrivers/Src/i2c_device.o" --specs=nano.specs -mfpu=fpv5-sp-d16 -mfloat-abi=hard -mthumb -o "App/EmuDrivers/Src/i2c_device.o"
arm-none-eabi-gcc "../App/EmuDrivers/Src/i2c_eeprom.c" -mcpu=cortex-m7 -std=gnu11 -g3 -DDEBUG -DUSE_HAL_DRIVER -DSTM32F746xx -DUSE_FULL_LL_DRIVER -c -I../Core/Inc -I../Drivers/STM32F7xx_HAL_Driver/Inc -I../Drivers/STM32F7xx_HAL_Driver/Inc/Legacy -I../Drivers/CMSIS/Device/ST/STM32F7xx/Include -I../Drivers/CMSIS/Include -I../USB_DEVICE/App -I../USB_DEVICE/Target -I../Middlewares/ST/STM32_USB_Device_Library/Core/Inc -I../Middlewares/ST/STM32_USB_Device_Library/Class/CDC/Inc -I"D:/STUDY/00_SCHOOL/DA/0_Project/STM32F7_HIL/FreeRTOS/FreeRTOS-Kernel/include" -I"D:/STUDY/00_SCHOOL/DA/0_Project/STM32F7_HIL/FreeRTOS/FreeRTOS-Kernel/portable/GCC/ARM_CM7/r0p1" -I"D:/STUDY/00_SCHOOL/DA/0_Project/STM32F7_HIL/App/CMDLine/Core" -I"D:/STUDY/00_SCHOOL/DA/0_Project/STM32F7_HIL/App/EmuDrivers/Inc" -O0 -ffunction-sections -fdata-sections -Wall -fstack-usage -fcyclomatic-complexity -MMD -MP -MF"App/EmuDrivers/Src/i2c_eeprom.d" -MT"App/EmuDrivers/Src/i2c_eeprom.o" --specs=nano.specs -mfpu=fpv5-sp-d16 -mfloat-abi=hard -mthumb -o "App/EmuDrivers/Src/i2c_eeprom.o"
arm-none-eabi-gcc "../App/EmuDrivers/Src/i2c_rtc.c" -mcpu=cortex-m7 -std=gnu11 -g3 -DDEBUG -DUSE_HAL_DRIVER -DSTM32F746xx -DUSE_FULL_LL_DRIVER -c -I../Core/Inc -I../Drivers/STM32F7xx_HAL_Driver/Inc -I../Drivers/STM32F7xx_HAL_Driver/Inc/Legacy -I../Drivers/CMSIS/Device/ST/STM32F7xx/Include -I../Drivers/CMSIS/Include -I../USB_DEVICE/App -I../USB_DEVICE/Target -I../Middlewares/ST/STM32_USB_Device_Library/Core/Inc -I../Middlewares/ST/STM32_USB_Device_Library/Class/CDC/Inc -I"D:/STUDY/00_SCHOOL/DA/0_Project/STM32F7_HIL/FreeRTOS/FreeRTOS-Kernel/include" -I"D:/STUDY/00_SCHOOL/DA/0_Project/STM32F7_HIL/FreeRTOS/FreeRTOS-Kernel/portable/GCC/ARM_CM7/r0p1" -I"D:/STUDY/00_SCHOOL/DA/0_Project/STM32F7_HIL/App/CMDLine/Core" -I"D:/STUDY/00_SCHOOL/DA/0_Project/STM32F7_HIL/App/EmuDrivers/Inc" -O0 -ffunction-sections -fdata-sections -Wall -fstack-usage -fcyclomatic-complexity -MMD -MP -MF"App/EmuDrivers/Src/i2c_rtc.d" -MT"App/EmuDrivers/Src/i2c_rtc.o" --specs=nano.specs -mfpu=fpv5-sp-d16 -mfloat-abi=hard -mthumb -o "App/EmuDrivers/Src/i2c_rtc.o"
arm-none-eabi-gcc "../App/EmuDrivers/Src/w25q_slave.c" -mcpu=cortex-m7 -std=gnu11 -g3 -DDEBUG -DUSE_HAL_DRIVER -DSTM32F746xx -DUSE_FULL_LL_DRIVER -c -I../Core/Inc -I../Drivers/STM32F7xx_HAL_Driver/Inc -I../Drivers/STM32F7xx_HAL_Driver/Inc/Legacy -I../Drivers/CMSIS/Device/ST/STM32F7xx/Include -I../Drivers/CMSIS/Include -I../USB_DEVICE/App -I../USB_DEVICE/Target -I../Middlewares/ST/STM32_USB_Device_Library/Core/Inc -I../Middlewares/ST/STM32_USB_Device_Library/Class/CDC/Inc -I"D:/STUDY/00_SCHOOL/DA/0_Project/STM32F7_HIL/FreeRTOS/FreeRTOS-Kernel/include" -I"D:/STUDY/00_SCHOOL/DA/0_Project/STM32F7_HIL/FreeRTOS/FreeRTOS-Kernel/portable/GCC/ARM_CM7/r0p1" -I"D:/STUDY/00_SCHOOL/DA/0_Project/STM32F7_HIL/App/CMDLine/Core" -I"D:/STUDY/00_SCHOOL/DA/0_Project/STM32F7_HIL/App/EmuDrivers/Inc" -O0 -ffunction-sections -fdata-sections -Wall -fstack-usage -fcyclomatic-complexity -MMD -MP -MF"App/EmuDrivers/Src/w25q_slave.d" -MT"App/EmuDrivers/Src/w25q_slave.o" --specs=nano.specs -mfpu=fpv5-sp-d16 -mfloat-abi=hard -mthumb -o "App/EmuDrivers/Src/w25q_slave.o"
arm-none-eabi-gcc "../App/CMDLine/Shell_IO/USB_CDC.c" -mcpu=cortex-m7 -std=gnu11 -g3 -DDEBUG -DUSE_HAL_DRIVER -DSTM32F746xx -DUSE_FULL_LL_DRIVER -c -I../Core/Inc -I../Drivers/STM32F7xx_HAL_Driver/Inc -I../Drivers/STM32F7xx_HAL_Driver/Inc/Legacy -I../Drivers/CMSIS/Device/ST/STM32F7xx/Include -I../Drivers/CMSIS/Include -I../USB_DEVICE/App -I../USB_DEVICE/Target -I../Middlewares/ST/STM32_USB_Device_Library/Core/Inc -I../Middlewares/ST/STM32_USB_Device_Library/Class/CDC/Inc -I"D:/STUDY/00_SCHOOL/DA/0_Project/STM32F7_HIL/FreeRTOS/FreeRTOS-Kernel/include" -I"D:/STUDY/00_SCHOOL/DA/0_Project/STM32F7_HIL/FreeRTOS/FreeRTOS-Kernel/portable/GCC/ARM_CM7/r0p1" -I"D:/STUDY/00_SCHOOL/DA/0_Project/STM32F7_HIL/App/CMDLine/Core" -I"D:/STUDY/00_SCHOOL/DA/0_Project/STM32F7_HIL/App/EmuDrivers/Inc" -O0 -ffunction-sections -fdata-sections -Wall -fstack-usage -fcyclomatic-complexity -MMD -MP -MF"App/CMDLine/Shell_IO/USB_CDC.d" -MT"App/CMDLine/Shell_IO/USB_CDC.o" --specs=nano.specs -mfpu=fpv5-sp-d16 -mfloat-abi=hard -mthumb -o "App/CMDLine/Shell_IO/USB_CDC.o"
arm-none-eabi-gcc "../App/CMDLine/Core/cmd.c" -mcpu=cortex-m7 -std=gnu11 -g3 -DDEBUG -DUSE_HAL_DRIVER -DSTM32F746xx -DUSE_FULL_LL_DRIVER -c -I../Core/Inc -I../Drivers/STM32F7xx_HAL_Driver/Inc -I../Drivers/STM32F7xx_HAL_Driver/Inc/Legacy -I../Drivers/CMSIS/Device/ST/STM32F7xx/Include -I../Drivers/CMSIS/Include -I../USB_DEVICE/App -I../USB_DEVICE/Target -I../Middlewares/ST/STM32_USB_Device_Library/Core/Inc -I../Middlewares/ST/STM32_USB_Device_Library/Class/CDC/Inc -I"D:/STUDY/00_SCHOOL/DA/0_Project/STM32F7_HIL/FreeRTOS/FreeRTOS-Kernel/include" -I"D:/STUDY/00_SCHOOL/DA/0_Project/STM32F7_HIL/FreeRTOS/FreeRTOS-Kernel/portable/GCC/ARM_CM7/r0p1" -I"D:/STUDY/00_SCHOOL/DA/0_Project/STM32F7_HIL/App/CMDLine/Core" -I"D:/STUDY/00_SCHOOL/DA/0_Project/STM32F7_HIL/App/EmuDrivers/Inc" -O0 -ffunction-sections -fdata-sections -Wall -fstack-usage -fcyclomatic-complexity -MMD -MP -MF"App/CMDLine/Core/cmd.d" -MT"App/CMDLine/Core/cmd.o" --specs=nano.specs -mfpu=fpv5-sp-d16 -mfloat-abi=hard -mthumb -o "App/CMDLine/Core/cmd.o"
arm-none-eabi-gcc "../App/CMDLine/Core/cmdline.c" -mcpu=cortex-m7 -std=gnu11 -g3 -DDEBUG -DUSE_HAL_DRIVER -DSTM32F746xx -DUSE_FULL_LL_DRIVER -c -I../Core/Inc -I../Drivers/STM32F7xx_HAL_Driver/Inc -I../Drivers/STM32F7xx_HAL_Driver/Inc/Legacy -I../Drivers/CMSIS/Device/ST/STM32F7xx/Include -I../Drivers/CMSIS/Include -I../USB_DEVICE/App -I../USB_DEVICE/Target -I../Middlewares/ST/STM32_USB_Device_Library/Core/Inc -I../Middlewares/ST/STM32_USB_Device_Library/Class/CDC/Inc -I"D:/STUDY/00_SCHOOL/DA/0_Project/STM32F7_HIL/FreeRTOS/FreeRTOS-Kernel/include" -I"D:/STUDY/00_SCHOOL/DA/0_Project/STM32F7_HIL/FreeRTOS/FreeRTOS-Kernel/portable/GCC/ARM_CM7/r0p1" -I"D:/STUDY/00_SCHOOL/DA/0_Project/STM32F7_HIL/App/CMDLine/Core" -I"D:/STUDY/00_SCHOOL/DA/0_Project/STM32F7_HIL/App/EmuDrivers/Inc" -O0 -ffunction-sections -fdata-sections -Wall -fstack-usage -fcyclomatic-complexity -MMD -MP -MF"App/CMDLine/Core/cmdline.d" -MT"App/CMDLine/Core/cmdline.o" --specs=nano.specs -mfpu=fpv5-sp-d16 -mfloat-abi=hard -mthumb -o "App/CMDLine/Core/cmdline.o"
arm-none-eabi-gcc "../App/CMDLine/Commands/i2c_cmd.c" -mcpu=cortex-m7 -std=gnu11 -g3 -DDEBUG -DUSE_HAL_DRIVER -DSTM32F746xx -DUSE_FULL_LL_DRIVER -c -I../Core/Inc -I../Drivers/STM32F7xx_HAL_Driver/Inc -I../Drivers/STM32F7xx_HAL_Driver/Inc/Legacy -I../Drivers/CMSIS/Device/ST/STM32F7xx/Include -I../Drivers/CMSIS/Include -I../USB_DEVICE/App -I../USB_DEVICE/Target -I../Middlewares/ST/STM32_USB_Device_Library/Core/Inc -I../Middlewares/ST/STM32_USB_Device_Library/Class/CDC/Inc -I"D:/STUDY/00_SCHOOL/DA/0_Project/STM32F7_HIL/FreeRTOS/FreeRTOS-Kernel/include" -I"D:/STUDY/00_SCHOOL/DA/0_Project/STM32F7_HIL/FreeRTOS/FreeRTOS-Kernel/portable/GCC/ARM_CM7/r0p1" -I"D:/STUDY/00_SCHOOL/DA/0_Project/STM32F7_HIL/App/CMDLine/Core" -I"D:/STUDY/00_SCHOOL/DA/0_Project/STM32F7_HIL/App/EmuDrivers/Inc" -O0 -ffunction-sections -fdata-sections -Wall -fstack-usage -fcyclomatic-complexity -MMD -MP -MF"App/CMDLine/Commands/i2c_cmd.d" -MT"App/CMDLine/Commands/i2c_cmd.o" --specs=nano.specs -mfpu=fpv5-sp-d16 -mfloat-abi=hard -mthumb -o "App/CMDLine/Commands/i2c_cmd.o"
arm-none-eabi-gcc "../App/CMDLine/Commands/spi_cmd.c" -mcpu=cortex-m7 -std=gnu11 -g3 -DDEBUG -DUSE_HAL_DRIVER -DSTM32F746xx -DUSE_FULL_LL_DRIVER -c -I../Core/Inc -I../Drivers/STM32F7xx_HAL_Driver/Inc -I../Drivers/STM32F7xx_HAL_Driver/Inc/Legacy -I../Drivers/CMSIS/Device/ST/STM32F7xx/Include -I../Drivers/CMSIS/Include -I../USB_DEVICE/App -I../USB_DEVICE/Target -I../Middlewares/ST/STM32_USB_Device_Library/Core/Inc -I../Middlewares/ST/STM32_USB_Device_Library/Class/CDC/Inc -I"D:/STUDY/00_SCHOOL/DA/0_Project/STM32F7_HIL/FreeRTOS/FreeRTOS-Kernel/include" -I"D:/STUDY/00_SCHOOL/DA/0_Project/STM32F7_HIL/FreeRTOS/FreeRTOS-Kernel/portable/GCC/ARM_CM7/r0p1" -I"D:/STUDY/00_SCHOOL/DA/0_Project/STM32F7_HIL/App/CMDLine/Core" -I"D:/STUDY/00_SCHOOL/DA/0_Project/STM32F7_HIL/App/EmuDrivers/Inc" -O0 -ffunction-sections -fdata-sections -Wall -fstack-usage -fcyclomatic-complexity -MMD -MP -MF"App/CMDLine/Commands/spi_cmd.d" -MT"App/CMDLine/Commands/spi_cmd.o" --specs=nano.specs -mfpu=fpv5-sp-d16 -mfloat-abi=hard -mthumb -o "App/CMDLine/Commands/spi_cmd.o"
arm-none-eabi-gcc -o "STM32F7_HIL.elf" @"objects.list"   -mcpu=cortex-m7 -T"D:\STUDY\00_SCHOOL\DA\0_Project\STM32F7_HIL\STM32F746NGHX_FLASH.ld" --specs=nosys.specs -Wl,-Map="STM32F7_HIL.map" -Wl,--gc-sections -static --specs=nano.specs -mfpu=fpv5-sp-d16 -mfloat-abi=hard -mthumb -Wl,--start-group -lc -lm -Wl,--end-group
Finished building target: STM32F7_HIL.elf
 
arm-none-eabi-size  STM32F7_HIL.elf 
arm-none-eabi-objdump -h -S STM32F7_HIL.elf  > "STM32F7_HIL.list"
   text	   data	    bss	    dec	    hex	filename
  65772	   1436	  87436	 154644	  25c14	STM32F7_HIL.elf
Finished building: default.size.stdout
 
Finished building: STM32F7_HIL.list
 

22:15:16 Build Finished. 0 errors, 0 warnings. (took 22s.184ms)

